Archive member included to satisfy reference by file (symbol)

c:/arm-gnu-toolchain/arm-gnu-toolchain-12.2.mpacbti-rel1-mingw-w64-i686-arm-none-eabi/bin/../lib/gcc/arm-none-eabi/12.2.1/thumb/v7e-m/nofp\libgcc.a(_arm_mulsf3.o)
                              CMakeFiles/MI60.elf.dir/Core/Src/system_stm32h7xx.c.obj (__aeabi_fmul)
c:/arm-gnu-toolchain/arm-gnu-toolchain-12.2.mpacbti-rel1-mingw-w64-i686-arm-none-eabi/bin/../lib/gcc/arm-none-eabi/12.2.1/thumb/v7e-m/nofp\libgcc.a(_arm_addsubsf3.o)
                              CMakeFiles/MI60.elf.dir/Core/Src/system_stm32h7xx.c.obj (__aeabi_fadd)
c:/arm-gnu-toolchain/arm-gnu-toolchain-12.2.mpacbti-rel1-mingw-w64-i686-arm-none-eabi/bin/../lib/gcc/arm-none-eabi/12.2.1/thumb/v7e-m/nofp\libgcc.a(_arm_muldivsf3.o)
                              CMakeFiles/MI60.elf.dir/Core/Src/system_stm32h7xx.c.obj (__aeabi_fdiv)
c:/arm-gnu-toolchain/arm-gnu-toolchain-12.2.mpacbti-rel1-mingw-w64-i686-arm-none-eabi/bin/../lib/gcc/arm-none-eabi/12.2.1/thumb/v7e-m/nofp\libgcc.a(_arm_fixunssfsi.o)
                              CMakeFiles/MI60.elf.dir/Core/Src/system_stm32h7xx.c.obj (__aeabi_f2uiz)
c:/arm-gnu-toolchain/arm-gnu-toolchain-12.2.mpacbti-rel1-mingw-w64-i686-arm-none-eabi/bin/../lib/gcc/arm-none-eabi/12.2.1/thumb/v7e-m/nofp\libgcc.a(_aeabi_uldivmod.o)
                              CMakeFiles/MI60.elf.dir/Drivers/STM32H7xx_HAL_Driver/Src/stm32h7xx_hal_uart.c.obj (__aeabi_uldivmod)
c:/arm-gnu-toolchain/arm-gnu-toolchain-12.2.mpacbti-rel1-mingw-w64-i686-arm-none-eabi/bin/../lib/gcc/arm-none-eabi/12.2.1/thumb/v7e-m/nofp\libgcc.a(_udivmoddi4.o)
                              c:/arm-gnu-toolchain/arm-gnu-toolchain-12.2.mpacbti-rel1-mingw-w64-i686-arm-none-eabi/bin/../lib/gcc/arm-none-eabi/12.2.1/thumb/v7e-m/nofp\libgcc.a(_aeabi_uldivmod.o) (__udivmoddi4)
c:/arm-gnu-toolchain/arm-gnu-toolchain-12.2.mpacbti-rel1-mingw-w64-i686-arm-none-eabi/bin/../lib/gcc/arm-none-eabi/12.2.1/thumb/v7e-m/nofp\libgcc.a(unwind-arm.o)
                              CMakeFiles/MI60.elf.dir/MI/mi.cpp.obj (__aeabi_unwind_cpp_pr0)
c:/arm-gnu-toolchain/arm-gnu-toolchain-12.2.mpacbti-rel1-mingw-w64-i686-arm-none-eabi/bin/../lib/gcc/arm-none-eabi/12.2.1/thumb/v7e-m/nofp\libgcc.a(libunwind.o)
                              c:/arm-gnu-toolchain/arm-gnu-toolchain-12.2.mpacbti-rel1-mingw-w64-i686-arm-none-eabi/bin/../lib/gcc/arm-none-eabi/12.2.1/thumb/v7e-m/nofp\libgcc.a(unwind-arm.o) (restore_core_regs)
c:/arm-gnu-toolchain/arm-gnu-toolchain-12.2.mpacbti-rel1-mingw-w64-i686-arm-none-eabi/bin/../lib/gcc/arm-none-eabi/12.2.1/thumb/v7e-m/nofp\libgcc.a(pr-support.o)
                              c:/arm-gnu-toolchain/arm-gnu-toolchain-12.2.mpacbti-rel1-mingw-w64-i686-arm-none-eabi/bin/../lib/gcc/arm-none-eabi/12.2.1/thumb/v7e-m/nofp\libgcc.a(unwind-arm.o) (__gnu_unwind_execute)
c:/arm-gnu-toolchain/arm-gnu-toolchain-12.2.mpacbti-rel1-mingw-w64-i686-arm-none-eabi/bin/../lib/gcc/arm-none-eabi/12.2.1/thumb/v7e-m/nofp\libgcc.a(_dvmd_tls.o)
                              c:/arm-gnu-toolchain/arm-gnu-toolchain-12.2.mpacbti-rel1-mingw-w64-i686-arm-none-eabi/bin/../lib/gcc/arm-none-eabi/12.2.1/thumb/v7e-m/nofp\libgcc.a(_aeabi_uldivmod.o) (__aeabi_ldiv0)
c:/arm-gnu-toolchain/arm-gnu-toolchain-12.2.mpacbti-rel1-mingw-w64-i686-arm-none-eabi/bin/../lib/gcc/arm-none-eabi/12.2.1/thumb/v7e-m/nofp\libg.a(libc_a-abort.o)
                              c:/arm-gnu-toolchain/arm-gnu-toolchain-12.2.mpacbti-rel1-mingw-w64-i686-arm-none-eabi/bin/../lib/gcc/arm-none-eabi/12.2.1/thumb/v7e-m/nofp\libgcc.a(pr-support.o) (abort)
c:/arm-gnu-toolchain/arm-gnu-toolchain-12.2.mpacbti-rel1-mingw-w64-i686-arm-none-eabi/bin/../lib/gcc/arm-none-eabi/12.2.1/thumb/v7e-m/nofp\libg.a(libc_a-exit.o)
                              c:/arm-gnu-toolchain/arm-gnu-toolchain-12.2.mpacbti-rel1-mingw-w64-i686-arm-none-eabi/bin/../lib/gcc/arm-none-eabi/12.2.1/thumb/v7e-m/nofp/crt0.o (exit)
c:/arm-gnu-toolchain/arm-gnu-toolchain-12.2.mpacbti-rel1-mingw-w64-i686-arm-none-eabi/bin/../lib/gcc/arm-none-eabi/12.2.1/thumb/v7e-m/nofp\libg.a(libc_a-findfp.o)
                              c:/arm-gnu-toolchain/arm-gnu-toolchain-12.2.mpacbti-rel1-mingw-w64-i686-arm-none-eabi/bin/../lib/gcc/arm-none-eabi/12.2.1/thumb/v7e-m/nofp\libg.a(libc_a-exit.o) (__stdio_exit_handler)
c:/arm-gnu-toolchain/arm-gnu-toolchain-12.2.mpacbti-rel1-mingw-w64-i686-arm-none-eabi/bin/../lib/gcc/arm-none-eabi/12.2.1/thumb/v7e-m/nofp\libg.a(libc_a-fwalk.o)
                              c:/arm-gnu-toolchain/arm-gnu-toolchain-12.2.mpacbti-rel1-mingw-w64-i686-arm-none-eabi/bin/../lib/gcc/arm-none-eabi/12.2.1/thumb/v7e-m/nofp\libg.a(libc_a-findfp.o) (_fwalk_sglue)
c:/arm-gnu-toolchain/arm-gnu-toolchain-12.2.mpacbti-rel1-mingw-w64-i686-arm-none-eabi/bin/../lib/gcc/arm-none-eabi/12.2.1/thumb/v7e-m/nofp\libg.a(libc_a-stdio.o)
                              c:/arm-gnu-toolchain/arm-gnu-toolchain-12.2.mpacbti-rel1-mingw-w64-i686-arm-none-eabi/bin/../lib/gcc/arm-none-eabi/12.2.1/thumb/v7e-m/nofp\libg.a(libc_a-findfp.o) (__sread)
[...]
Memory Configuration

Name             Origin             Length             Attributes
FLASH            0x08000000         0x00020000         xr
DTCMRAM          0x20000000         0x00020000         xrw
RAM_D1           0x24000000         0x00080000         xrw
RAM_D2           0x30000000         0x00048000         xrw
RAM_D3           0x38000000         0x00010000         xrw
ITCMRAM          0x00000000         0x00010000         xrw
*default*        0x00000000         0xffffffff

Linker script and memory map

LOAD c:/arm-gnu-toolchain/arm-gnu-toolchain-12.2.mpacbti-rel1-mingw-w64-i686-arm-none-eabi/bin/../lib/gcc/arm-none-eabi/12.2.1/thumb/v7e-m/nofp/crti.o
LOAD c:/arm-gnu-toolchain/arm-gnu-toolchain-12.2.mpacbti-rel1-mingw-w64-i686-arm-none-eabi/bin/../lib/gcc/arm-none-eabi/12.2.1/thumb/v7e-m/nofp/crtbegin.o
LOAD c:/arm-gnu-toolchain/arm-gnu-toolchain-12.2.mpacbti-rel1-mingw-w64-i686-arm-none-eabi/bin/../lib/gcc/arm-none-eabi/12.2.1/thumb/v7e-m/nofp/crt0.o
LOAD CMakeFiles/MI60.elf.dir/Core/Src/main.c.obj
LOAD CMakeFiles/MI60.elf.dir/Core/Src/stm32h7xx_hal_msp.c.obj
LOAD CMakeFiles/MI60.elf.dir/Core/Src/stm32h7xx_it.c.obj
LOAD CMakeFiles/MI60.elf.dir/Core/Src/syscalls.c.obj
LOAD CMakeFiles/MI60.elf.dir/Core/Src/sysmem.c.obj
LOAD CMakeFiles/MI60.elf.dir/Core/Src/system_stm32h7xx.c.obj
LOAD CMakeFiles/MI60.elf.dir/Core/Startup/startup_stm32h750ibkx.s.obj
LOAD CMakeFiles/MI60.elf.dir/Drivers/STM32H7xx_HAL_Driver/Src/stm32h7xx_hal.c.obj
LOAD CMakeFiles/MI60.elf.dir/Drivers/STM32H7xx_HAL_Driver/Src/stm32h7xx_hal_adc.c.obj
LOAD CMakeFiles/MI60.elf.dir/Drivers/STM32H7xx_HAL_Driver/Src/stm32h7xx_hal_adc_ex.c.obj
LOAD CMakeFiles/MI60.elf.dir/Drivers/STM32H7xx_HAL_Driver/Src/stm32h7xx_hal_cortex.c.obj
LOAD CMakeFiles/MI60.elf.dir/Drivers/STM32H7xx_HAL_Driver/Src/stm32h7xx_hal_dma.c.obj
LOAD CMakeFiles/MI60.elf.dir/Drivers/STM32H7xx_HAL_Driver/Src/stm32h7xx_hal_dma_ex.c.obj
LOAD CMakeFiles/MI60.elf.dir/Drivers/STM32H7xx_HAL_Driver/Src/stm32h7xx_hal_exti.c.obj
LOAD CMakeFiles/MI60.elf.dir/Drivers/STM32H7xx_HAL_Driver/Src/stm32h7xx_hal_flash.c.obj
LOAD CMakeFiles/MI60.elf.dir/Drivers/STM32H7xx_HAL_Driver/Src/stm32h7xx_hal_flash_ex.c.obj
LOAD CMakeFiles/MI60.elf.dir/Drivers/STM32H7xx_HAL_Driver/Src/stm32h7xx_hal_gpio.c.obj
LOAD CMakeFiles/MI60.elf.dir/Drivers/STM32H7xx_HAL_Driver/Src/stm32h7xx_hal_hsem.c.obj
LOAD CMakeFiles/MI60.elf.dir/Drivers/STM32H7xx_HAL_Driver/Src/stm32h7xx_hal_i2c.c.obj
LOAD CMakeFiles/MI60.elf.dir/Drivers/STM32H7xx_HAL_Driver/Src/stm32h7xx_hal_i2c_ex.c.obj
LOAD CMakeFiles/MI60.elf.dir/Drivers/STM32H7xx_HAL_Driver/Src/stm32h7xx_hal_mdma.c.obj
LOAD CMakeFiles/MI60.elf.dir/Drivers/STM32H7xx_HAL_Driver/Src/stm32h7xx_hal_pcd.c.obj
LOAD CMakeFiles/MI60.elf.dir/Drivers/STM32H7xx_HAL_Driver/Src/stm32h7xx_hal_pcd_ex.c.obj
LOAD CMakeFiles/MI60.elf.dir/Drivers/STM32H7xx_HAL_Driver/Src/stm32h7xx_hal_pwr.c.obj
LOAD CMakeFiles/MI60.elf.dir/Drivers/STM32H7xx_HAL_Driver/Src/stm32h7xx_hal_pwr_ex.c.obj
LOAD CMakeFiles/MI60.elf.dir/Drivers/STM32H7xx_HAL_Driver/Src/stm32h7xx_hal_rcc.c.obj
LOAD CMakeFiles/MI60.elf.dir/Drivers/STM32H7xx_HAL_Driver/Src/stm32h7xx_hal_rcc_ex.c.obj
LOAD CMakeFiles/MI60.elf.dir/Drivers/STM32H7xx_HAL_Driver/Src/stm32h7xx_hal_spi.c.obj
LOAD CMakeFiles/MI60.elf.dir/Drivers/STM32H7xx_HAL_Driver/Src/stm32h7xx_hal_spi_ex.c.obj
LOAD CMakeFiles/MI60.elf.dir/Drivers/STM32H7xx_HAL_Driver/Src/stm32h7xx_hal_tim.c.obj
LOAD CMakeFiles/MI60.elf.dir/Drivers/STM32H7xx_HAL_Driver/Src/stm32h7xx_hal_tim_ex.c.obj
LOAD CMakeFiles/MI60.elf.dir/Drivers/STM32H7xx_HAL_Driver/Src/stm32h7xx_hal_uart.c.obj
LOAD CMakeFiles/MI60.elf.dir/Drivers/STM32H7xx_HAL_Driver/Src/stm32h7xx_hal_uart_ex.c.obj
LOAD CMakeFiles/MI60.elf.dir/Drivers/STM32H7xx_HAL_Driver/Src/stm32h7xx_ll_usb.c.obj
LOAD CMakeFiles/MI60.elf.dir/MI/mi.cpp.obj
LOAD CMakeFiles/MI60.elf.dir/Middlewares/ST/STM32_USB_Device_Library/Class/CustomHID/Src/usbd_customhid.c.obj
LOAD CMakeFiles/MI60.elf.dir/Middlewares/ST/STM32_USB_Device_Library/Core/Src/usbd_core.c.obj
LOAD CMakeFiles/MI60.elf.dir/Middlewares/ST/STM32_USB_Device_Library/Core/Src/usbd_ctlreq.c.obj
LOAD CMakeFiles/MI60.elf.dir/Middlewares/ST/STM32_USB_Device_Library/Core/Src/usbd_ioreq.c.obj
LOAD CMakeFiles/MI60.elf.dir/USB_DEVICE/App/usb_device.c.obj
LOAD CMakeFiles/MI60.elf.dir/USB_DEVICE/App/usbd_custom_hid_if.c.obj
LOAD CMakeFiles/MI60.elf.dir/USB_DEVICE/App/usbd_desc.c.obj
LOAD CMakeFiles/MI60.elf.dir/USB_DEVICE/Target/usbd_conf.c.obj
LOAD CMakeFiles/MI60.elf.dir/UserApp/main.cpp.obj
LOAD c:/arm-gnu-toolchain/arm-gnu-toolchain-12.2.mpacbti-rel1-mingw-w64-i686-arm-none-eabi/bin/../lib/gcc/arm-none-eabi/12.2.1/thumb/v7e-m/nofp\libstdc++.a
LOAD c:/arm-gnu-toolchain/arm-gnu-toolchain-12.2.mpacbti-rel1-mingw-w64-i686-arm-none-eabi/bin/../lib/gcc/arm-none-eabi/12.2.1/thumb/v7e-m/nofp\libm.a
START GROUP
LOAD c:/arm-gnu-toolchain/arm-gnu-toolchain-12.2.mpacbti-rel1-mingw-w64-i686-arm-none-eabi/bin/../lib/gcc/arm-none-eabi/12.2.1/thumb/v7e-m/nofp\libgcc.a
LOAD c:/arm-gnu-toolchain/arm-gnu-toolchain-12.2.mpacbti-rel1-mingw-w64-i686-arm-none-eabi/bin/../lib/gcc/arm-none-eabi/12.2.1/thumb/v7e-m/nofp\libg.a
LOAD c:/arm-gnu-toolchain/arm-gnu-toolchain-12.2.mpacbti-rel1-mingw-w64-i686-arm-none-eabi/bin/../lib/gcc/arm-none-eabi/12.2.1/thumb/v7e-m/nofp\libc.a
END GROUP
LOAD c:/arm-gnu-toolchain/arm-gnu-toolchain-12.2.mpacbti-rel1-mingw-w64-i686-arm-none-eabi/bin/../lib/gcc/arm-none-eabi/12.2.1/thumb/v7e-m/nofp/crtend.o
LOAD c:/arm-gnu-toolchain/arm-gnu-toolchain-12.2.mpacbti-rel1-mingw-w64-i686-arm-none-eabi/bin/../lib/gcc/arm-none-eabi/12.2.1/thumb/v7e-m/nofp/crtn.o
                0x20020000                        _estack = (ORIGIN (DTCMRAM) + LENGTH (DTCMRAM))
                0x00000800                        _Min_Heap_Size = 0x800
                0x00001000                        _Min_Stack_Size = 0x1000

.isr_vector     0x08000000      0x298
                0x08000000                        . = ALIGN (0x4)
 *(.isr_vector)
 .isr_vector    0x08000000      0x298 CMakeFiles/MI60.elf.dir/Core/Startup/startup_stm32h750ibkx.s.obj
                0x08000000                g_pfnVectors
                0x08000298                        . = ALIGN (0x4)

.text           0x08000298     0xbca8
                0x08000298                        . = ALIGN (0x4)
 *(.text)
 .text          0x08000298      0x21c c:/arm-gnu-toolchain/arm-gnu-toolchain-12.2.mpacbti-rel1-mingw-w64-i686-arm-none-eabi/bin/../lib/gcc/arm-none-eabi/12.2.1/thumb/v7e-m/nofp\libgcc.a(_arm_addsubsf3.o)
                0x08000298                __aeabi_frsub
                0x080002a0                __subsf3
                0x080002a0                __aeabi_fsub
                0x080002a4                __aeabi_fadd
                0x080002a4                __addsf3
                0x08000404                __aeabi_ui2f
                0x08000404                __floatunsisf
                0x0800040c                __aeabi_i2f
                0x0800040c                __floatsisf
                0x08000428                __aeabi_ul2f
                0x08000428                __floatundisf
                0x08000438                __aeabi_l2f
                0x08000438                __floatdisf
 .text          0x080004b4      0x2a0 c:/arm-gnu-toolchain/arm-gnu-toolchain-12.2.mpacbti-rel1-mingw-w64-i686-arm-none-eabi/bin/../lib/gcc/arm-none-eabi/12.2.1/thumb/v7e-m/nofp\libgcc.a(_arm_muldivsf3.o)
                0x080004b4                __mulsf3
                0x080004b4                __aeabi_fmul
                0x0800061c                __aeabi_fdiv
                0x0800061c                __divsf3
 .text          0x08000754       0x40 c:/arm-gnu-toolchain/arm-gnu-toolchain-12.2.mpacbti-rel1-mingw-w64-i686-arm-none-eabi/bin/../lib/gcc/arm-none-eabi/12.2.1/thumb/v7e-m/nofp\libgcc.a(_arm_fixunssfsi.o)
                0x08000754                __fixunssfsi
                0x08000754                __aeabi_f2uiz
 .text          0x08000794       0x30 c:/arm-gnu-toolchain/arm-gnu-toolchain-12.2.mpacbti-rel1-mingw-w64-i686-arm-none-eabi/bin/../lib/gcc/arm-none-eabi/12.2.1/thumb/v7e-m/nofp\libgcc.a(_aeabi_uldivmod.o)
                0x08000794                __aeabi_uldivmod
 .text          0x080007c4      0x1ac c:/arm-gnu-toolchain/arm-gnu-toolchain-12.2.mpacbti-rel1-mingw-w64-i686-arm-none-eabi/bin/../lib/gcc/arm-none-eabi/12.2.1/thumb/v7e-m/nofp\libgcc.a(libunwind.o)
                0x080007c4                __restore_core_regs
                0x080007c4                restore_core_regs
                0x080007dc                __gnu_Unwind_Restore_VFP
                0x080007e4                __gnu_Unwind_Save_VFP
                0x080007ec                __gnu_Unwind_Restore_VFP_D
                0x080007f4                __gnu_Unwind_Save_VFP_D
                0x080007fc                __gnu_Unwind_Restore_VFP_D_16_to_31
                0x08000804                __gnu_Unwind_Save_VFP_D_16_to_31
                0x0800080c                __gnu_Unwind_Restore_WMMXD
                0x08000850                __gnu_Unwind_Save_WMMXD
                0x08000894                __gnu_Unwind_Restore_WMMXC
                0x080008a8                __gnu_Unwind_Save_WMMXC
                0x080008bc                ___Unwind_RaiseException
                0x080008bc                _Unwind_RaiseException
                0x080008e0                _Unwind_Resume
                0x080008e0                ___Unwind_Resume
                0x08000904                _Unwind_Resume_or_Rethrow
                0x08000904                ___Unwind_Resume_or_Rethrow
                0x08000928                _Unwind_ForcedUnwind
                0x08000928                ___Unwind_ForcedUnwind
                0x0800094c                ___Unwind_Backtrace
                0x0800094c                _Unwind_Backtrace
 .text          0x08000970        0x4 c:/arm-gnu-toolchain/arm-gnu-toolchain-12.2.mpacbti-rel1-mingw-w64-i686-arm-none-eabi/bin/../lib/gcc/arm-none-eabi/12.2.1/thumb/v7e-m/nofp\libgcc.a(_dvmd_tls.o)
                0x08000970                __aeabi_idiv0
                0x08000970                __aeabi_ldiv0
 .text          0x08000974      0x134 c:/arm-gnu-toolchain/arm-gnu-toolchain-12.2.mpacbti-rel1-mingw-w64-i686-arm-none-eabi/bin/../lib/gcc/arm-none-eabi/12.2.1/thumb/v7e-m/nofp\libg.a(libc_a-memcpy.o)
                0x08000974                memcpy
 *(.text*)
 .text.deregister_tm_clones
                0x08000aa8       0x1c c:/arm-gnu-toolchain/arm-gnu-toolchain-12.2.mpacbti-rel1-mingw-w64-i686-arm-none-eabi/bin/../lib/gcc/arm-none-eabi/12.2.1/thumb/v7e-m/nofp/crtbegin.o
 .text.register_tm_clones
                0x08000ac4       0x24 c:/arm-gnu-toolchain/arm-gnu-toolchain-12.2.mpacbti-rel1-mingw-w64-i686-arm-none-eabi/bin/../lib/gcc/arm-none-eabi/12.2.1/thumb/v7e-m/nofp/crtbegin.o
 .text.__do_global_dtors_aux
                0x08000ae8       0x28 c:/arm-gnu-toolchain/arm-gnu-toolchain-12.2.mpacbti-rel1-mingw-w64-i686-arm-none-eabi/bin/../lib/gcc/arm-none-eabi/12.2.1/thumb/v7e-m/nofp/crtbegin.o
 .text.frame_dummy
                0x08000b10       0x24 c:/arm-gnu-toolchain/arm-gnu-toolchain-12.2.mpacbti-rel1-mingw-w64-i686-arm-none-eabi/bin/../lib/gcc/arm-none-eabi/12.2.1/thumb/v7e-m/nofp/crtbegin.o
 .text.MPU_Config
                0x08000b34       0xdc CMakeFiles/MI60.elf.dir/Core/Src/main.c.obj
 .text.MX_GPIO_Init
                0x08000c10       0xe8 CMakeFiles/MI60.elf.dir/Core/Src/main.c.obj
 .text.MX_BDMA_Init
                0x08000cf8       0x38 CMakeFiles/MI60.elf.dir/Core/Src/main.c.obj
 .text.MX_DMA_Init
                0x08000d30       0x78 CMakeFiles/MI60.elf.dir/Core/Src/main.c.obj
 .text.Error_Handler
                0x08000da8        0x4 CMakeFiles/MI60.elf.dir/Core/Src/main.c.obj
                0x08000da8                Error_Handler
 .text.MX_ADC3_Init
                0x08000dac       0xd8 CMakeFiles/MI60.elf.dir/Core/Src/main.c.obj
 .text.MX_SPI2_Init
                0x08000e84       0x60 CMakeFiles/MI60.elf.dir/Core/Src/main.c.obj
 .text.MX_SPI1_Init
                0x08000ee4       0x5c CMakeFiles/MI60.elf.dir/Core/Src/main.c.obj
 .text.MX_TIM5_Init
                0x08000f40       0x6c CMakeFiles/MI60.elf.dir/Core/Src/main.c.obj
 .text.MX_USART1_UART_Init
                0x08000fac       0x60 CMakeFiles/MI60.elf.dir/Core/Src/main.c.obj
 .text.SystemClock_Config
                0x0800100c      0x118 CMakeFiles/MI60.elf.dir/Core/Src/main.c.obj
                0x0800100c                SystemClock_Config
 .text.PeriphCommonClock_Config
                0x08001124       0x44 CMakeFiles/MI60.elf.dir/Core/Src/main.c.obj
                0x08001124                PeriphCommonClock_Config
 .text.main     0x08001168       0xe0 CMakeFiles/MI60.elf.dir/Core/Src/main.c.obj
                0x08001168                main
 .text.HAL_MspInit
                0x08001248       0x24 CMakeFiles/MI60.elf.dir/Core/Src/stm32h7xx_hal_msp.c.obj
                0x08001248                HAL_MspInit
 .text.HAL_ADC_MspInit
                0x0800126c      0x11c CMakeFiles/MI60.elf.dir/Core/Src/stm32h7xx_hal_msp.c.obj
                0x0800126c                HAL_ADC_MspInit
 .text.HAL_SPI_MspInit
                0x08001388      0x19c CMakeFiles/MI60.elf.dir/Core/Src/stm32h7xx_hal_msp.c.obj
                0x08001388                HAL_SPI_MspInit
 .text.HAL_TIM_Base_MspInit
                0x08001524       0x48 CMakeFiles/MI60.elf.dir/Core/Src/stm32h7xx_hal_msp.c.obj
                0x08001524                HAL_TIM_Base_MspInit
 .text.HAL_UART_MspInit
                0x0800156c      0x110 CMakeFiles/MI60.elf.dir/Core/Src/stm32h7xx_hal_msp.c.obj
                0x0800156c                HAL_UART_MspInit
 .text.NMI_Handler
                0x0800167c        0x2 CMakeFiles/MI60.elf.dir/Core/Src/stm32h7xx_it.c.obj
                0x0800167c                NMI_Handler
 .text.HardFault_Handler
                0x0800167e        0x2 CMakeFiles/MI60.elf.dir/Core/Src/stm32h7xx_it.c.obj
                0x0800167e                HardFault_Handler
 .text.MemManage_Handler
                0x08001680        0x2 CMakeFiles/MI60.elf.dir/Core/Src/stm32h7xx_it.c.obj
                0x08001680                MemManage_Handler
 .text.BusFault_Handler
                0x08001682        0x2 CMakeFiles/MI60.elf.dir/Core/Src/stm32h7xx_it.c.obj
                0x08001682                BusFault_Handler
 .text.UsageFault_Handler
                0x08001684        0x2 CMakeFiles/MI60.elf.dir/Core/Src/stm32h7xx_it.c.obj
                0x08001684                UsageFault_Handler
 .text.SVC_Handler
                0x08001686        0x2 CMakeFiles/MI60.elf.dir/Core/Src/stm32h7xx_it.c.obj
                0x08001686                SVC_Handler
 .text.DebugMon_Handler
                0x08001688        0x2 CMakeFiles/MI60.elf.dir/Core/Src/stm32h7xx_it.c.obj
                0x08001688                DebugMon_Handler
 .text.PendSV_Handler
                0x0800168a        0x2 CMakeFiles/MI60.elf.dir/Core/Src/stm32h7xx_it.c.obj
                0x0800168a                PendSV_Handler
 .text.SysTick_Handler
                0x0800168c        0x8 CMakeFiles/MI60.elf.dir/Core/Src/stm32h7xx_it.c.obj
                0x0800168c                SysTick_Handler
 .text.DMA1_Stream0_IRQHandler
                0x08001694       0x10 CMakeFiles/MI60.elf.dir/Core/Src/stm32h7xx_it.c.obj
                0x08001694                DMA1_Stream0_IRQHandler
 .text.DMA1_Stream1_IRQHandler
                0x080016a4       0x10 CMakeFiles/MI60.elf.dir/Core/Src/stm32h7xx_it.c.obj
                0x080016a4                DMA1_Stream1_IRQHandler
 .text.DMA1_Stream2_IRQHandler
                0x080016b4       0x10 CMakeFiles/MI60.elf.dir/Core/Src/stm32h7xx_it.c.obj
                0x080016b4                DMA1_Stream2_IRQHandler
 .text.DMA1_Stream3_IRQHandler
                0x080016c4       0x10 CMakeFiles/MI60.elf.dir/Core/Src/stm32h7xx_it.c.obj
                0x080016c4                DMA1_Stream3_IRQHandler
 .text.DMA1_Stream4_IRQHandler
                0x080016d4       0x10 CMakeFiles/MI60.elf.dir/Core/Src/stm32h7xx_it.c.obj
                0x080016d4                DMA1_Stream4_IRQHandler
 .text.SPI1_IRQHandler
                0x080016e4       0x10 CMakeFiles/MI60.elf.dir/Core/Src/stm32h7xx_it.c.obj
                0x080016e4                SPI1_IRQHandler
 .text.SPI2_IRQHandler
                0x080016f4       0x10 CMakeFiles/MI60.elf.dir/Core/Src/stm32h7xx_it.c.obj
                0x080016f4                SPI2_IRQHandler
 .text.TIM5_IRQHandler
                0x08001704       0x18 CMakeFiles/MI60.elf.dir/Core/Src/stm32h7xx_it.c.obj
                0x08001704                TIM5_IRQHandler
 .text.OTG_FS_IRQHandler
                0x0800171c       0x10 CMakeFiles/MI60.elf.dir/Core/Src/stm32h7xx_it.c.obj
                0x0800171c                OTG_FS_IRQHandler
 .text.BDMA_Channel0_IRQHandler
                0x0800172c       0x10 CMakeFiles/MI60.elf.dir/Core/Src/stm32h7xx_it.c.obj
                0x0800172c                BDMA_Channel0_IRQHandler
 .text.SystemInit
                0x0800173c       0xbc CMakeFiles/MI60.elf.dir/Core/Src/system_stm32h7xx.c.obj
                0x0800173c                SystemInit
 .text.Reset_Handler
                0x080017f8       0x50 CMakeFiles/MI60.elf.dir/Core/Startup/startup_stm32h750ibkx.s.obj
                0x080017f8                Reset_Handler
 .text.Default_Handler
                0x08001848        0x2 CMakeFiles/MI60.elf.dir/Core/Startup/startup_stm32h750ibkx.s.obj
                0x08001848                RTC_Alarm_IRQHandler
                0x08001848                HASH_RNG_IRQHandler
                0x08001848                EXTI2_IRQHandler
                0x08001848                TIM8_CC_IRQHandler
                0x08001848                HRTIM1_Master_IRQHandler
                0x08001848                UART8_IRQHandler
                0x08001848                SPI4_IRQHandler
                0x08001848                TIM1_CC_IRQHandler
                0x08001848                BDMA_Channel6_IRQHandler
                0x08001848                DMA2_Stream5_IRQHandler
                0x08001848                HRTIM1_FLT_IRQHandler
                0x08001848                JPEG_IRQHandler
                0x08001848                DMA1_Stream5_IRQHandler
                0x08001848                BDMA_Channel1_IRQHandler
                0x08001848                HRTIM1_TIMD_IRQHandler
                0x08001848                TAMP_STAMP_IRQHandler
                0x08001848                EXTI3_IRQHandler
                0x08001848                LPTIM4_IRQHandler
                0x08001848                TIM8_TRG_COM_TIM14_IRQHandler
                0x08001848                LPTIM2_IRQHandler
                0x08001848                DFSDM1_FLT1_IRQHandler
                0x08001848                DMAMUX2_OVR_IRQHandler
                0x08001848                TIM8_UP_TIM13_IRQHandler
                0x08001848                I2C3_ER_IRQHandler
                0x08001848                DFSDM1_FLT2_IRQHandler
                0x08001848                MDMA_IRQHandler
                0x08001848                LPTIM3_IRQHandler
                0x08001848                HSEM1_IRQHandler
                0x08001848                EXTI0_IRQHandler
                0x08001848                I2C2_EV_IRQHandler
                0x08001848                FPU_IRQHandler
                0x08001848                OTG_HS_WKUP_IRQHandler
                0x08001848                FDCAN1_IT1_IRQHandler
                0x08001848                LTDC_ER_IRQHandler
                0x08001848                DMA2_Stream2_IRQHandler
                0x08001848                HRTIM1_TIME_IRQHandler
                0x08001848                TIM6_DAC_IRQHandler
                0x08001848                DCMI_IRQHandler
                0x08001848                HRTIM1_TIMC_IRQHandler
                0x08001848                DMA2_Stream3_IRQHandler
                0x08001848                SAI2_IRQHandler
                0x08001848                DFSDM1_FLT3_IRQHandler
                0x08001848                USART6_IRQHandler
                0x08001848                TIM17_IRQHandler
                0x08001848                USART3_IRQHandler
                0x08001848                BDMA_Channel7_IRQHandler
                0x08001848                CRYP_IRQHandler
                0x08001848                LPTIM5_IRQHandler
                0x08001848                UART5_IRQHandler
                0x08001848                ADC3_IRQHandler
                0x08001848                DMA2_Stream0_IRQHandler
                0x08001848                TIM4_IRQHandler
                0x08001848                BDMA_Channel2_IRQHandler
                0x08001848                QUADSPI_IRQHandler
                0x08001848                I2C1_EV_IRQHandler
                0x08001848                DMA1_Stream6_IRQHandler
                0x08001848                DMAMUX1_OVR_IRQHandler
                0x08001848                TIM16_IRQHandler
                0x08001848                UART4_IRQHandler
                0x08001848                BDMA_Channel5_IRQHandler
                0x08001848                TIM3_IRQHandler
                0x08001848                RCC_IRQHandler
                0x08001848                TIM8_BRK_TIM12_IRQHandler
                0x08001848                TIM1_TRG_COM_IRQHandler
                0x08001848                Default_Handler
                0x08001848                ECC_IRQHandler
                0x08001848                CEC_IRQHandler
                0x08001848                EXTI15_10_IRQHandler
                0x08001848                ADC_IRQHandler
                0x08001848                DMA1_Stream7_IRQHandler
                0x08001848                HRTIM1_TIMA_IRQHandler
                0x08001848                SPI5_IRQHandler
                0x08001848                TIM7_IRQHandler
                0x08001848                SDMMC1_IRQHandler
                0x08001848                DMA2_Stream7_IRQHandler
                0x08001848                TIM15_IRQHandler
                0x08001848                PVD_AVD_IRQHandler
                0x08001848                I2C3_EV_IRQHandler
                0x08001848                EXTI9_5_IRQHandler
                0x08001848                RTC_WKUP_IRQHandler
                0x08001848                LTDC_IRQHandler
                0x08001848                SAI3_IRQHandler
                0x08001848                ETH_WKUP_IRQHandler
                0x08001848                SPDIF_RX_IRQHandler
                0x08001848                OTG_HS_EP1_IN_IRQHandler
                0x08001848                CRS_IRQHandler
                0x08001848                EXTI4_IRQHandler
                0x08001848                HRTIM1_TIMB_IRQHandler
                0x08001848                FDCAN2_IT1_IRQHandler
                0x08001848                ETH_IRQHandler
                0x08001848                TIM1_UP_IRQHandler
                0x08001848                BDMA_Channel4_IRQHandler
                0x08001848                OTG_HS_EP1_OUT_IRQHandler
                0x08001848                WWDG_IRQHandler
                0x08001848                SPI6_IRQHandler
                0x08001848                MDIOS_IRQHandler
                0x08001848                I2C4_EV_IRQHandler
                0x08001848                FDCAN2_IT0_IRQHandler
                0x08001848                LPUART1_IRQHandler
                0x08001848                FDCAN1_IT0_IRQHandler
                0x08001848                TIM2_IRQHandler
                0x08001848                OTG_FS_WKUP_IRQHandler
                0x08001848                OTG_HS_IRQHandler
                0x08001848                DMA2D_IRQHandler
                0x08001848                TIM1_BRK_IRQHandler
                0x08001848                EXTI1_IRQHandler
                0x08001848                SDMMC2_IRQHandler
                0x08001848                OTG_FS_EP1_OUT_IRQHandler
                0x08001848                BDMA_Channel3_IRQHandler
                0x08001848                UART7_IRQHandler
                0x08001848                MDIOS_WKUP_IRQHandler
                0x08001848                USART2_IRQHandler
                0x08001848                DFSDM1_FLT0_IRQHandler
                0x08001848                SAI4_IRQHandler
                0x08001848                I2C2_ER_IRQHandler
                0x08001848                DMA2_Stream1_IRQHandler
                0x08001848                FLASH_IRQHandler
                0x08001848                DMA2_Stream4_IRQHandler
                0x08001848                USART1_IRQHandler
                0x08001848                SPI3_IRQHandler
                0x08001848                WAKEUP_PIN_IRQHandler
                0x08001848                OTG_FS_EP1_IN_IRQHandler
                0x08001848                I2C1_ER_IRQHandler
                0x08001848                FMC_IRQHandler
                0x08001848                FDCAN_CAL_IRQHandler
                0x08001848                SWPMI1_IRQHandler
                0x08001848                COMP1_IRQHandler
                0x08001848                LPTIM1_IRQHandler
                0x08001848                I2C4_ER_IRQHandler
                0x08001848                DMA2_Stream6_IRQHandler
                0x08001848                SAI1_IRQHandler
 *fill*         0x0800184a        0x2 
 .text.HAL_InitTick
                0x0800184c       0x50 CMakeFiles/MI60.elf.dir/Drivers/STM32H7xx_HAL_Driver/Src/stm32h7xx_hal.c.obj
                0x0800184c                HAL_InitTick
 .text.HAL_Init
                0x0800189c       0x5c CMakeFiles/MI60.elf.dir/Drivers/STM32H7xx_HAL_Driver/Src/stm32h7xx_hal.c.obj
                0x0800189c                HAL_Init
 .text.HAL_IncTick
                0x080018f8       0x18 CMakeFiles/MI60.elf.dir/Drivers/STM32H7xx_HAL_Driver/Src/stm32h7xx_hal.c.obj
                0x080018f8                HAL_IncTick
 .text.HAL_GetTick
                0x08001910        0xc CMakeFiles/MI60.elf.dir/Drivers/STM32H7xx_HAL_Driver/Src/stm32h7xx_hal.c.obj
                0x08001910                HAL_GetTick
 .text.HAL_Delay
                0x0800191c       0x28 CMakeFiles/MI60.elf.dir/Drivers/STM32H7xx_HAL_Driver/Src/stm32h7xx_hal.c.obj
                0x0800191c                HAL_Delay
 .text.HAL_GetREVID
                0x08001944        0xc CMakeFiles/MI60.elf.dir/Drivers/STM32H7xx_HAL_Driver/Src/stm32h7xx_hal.c.obj
                0x08001944                HAL_GetREVID
 .text.HAL_SYSCFG_AnalogSwitchConfig
                0x08001950       0x14 CMakeFiles/MI60.elf.dir/Drivers/STM32H7xx_HAL_Driver/Src/stm32h7xx_hal.c.obj
                0x08001950                HAL_SYSCFG_AnalogSwitchConfig
 .text.LL_ADC_REG_SetSequencerRanks
                0x08001964       0x2e CMakeFiles/MI60.elf.dir/Drivers/STM32H7xx_HAL_Driver/Src/stm32h7xx_hal_adc.c.obj
 .text.LL_ADC_SetChannelSamplingTime
                0x08001992       0x2a CMakeFiles/MI60.elf.dir/Drivers/STM32H7xx_HAL_Driver/Src/stm32h7xx_hal_adc.c.obj
 .text.HAL_ADC_ConvCpltCallback
                0x080019bc        0x2 CMakeFiles/MI60.elf.dir/Drivers/STM32H7xx_HAL_Driver/Src/stm32h7xx_hal_adc.c.obj
                0x080019bc                HAL_ADC_ConvCpltCallback
 .text.HAL_ADC_ConvHalfCpltCallback
                0x080019be        0x2 CMakeFiles/MI60.elf.dir/Drivers/STM32H7xx_HAL_Driver/Src/stm32h7xx_hal_adc.c.obj
                0x080019be                HAL_ADC_ConvHalfCpltCallback
 .text.ADC_DMAHalfConvCplt
                0x080019c0        0xa CMakeFiles/MI60.elf.dir/Drivers/STM32H7xx_HAL_Driver/Src/stm32h7xx_hal_adc.c.obj
                0x080019c0                ADC_DMAHalfConvCplt
 .text.HAL_ADC_ErrorCallback
                0x080019ca        0x2 CMakeFiles/MI60.elf.dir/Drivers/STM32H7xx_HAL_Driver/Src/stm32h7xx_hal_adc.c.obj
                0x080019ca                HAL_ADC_ErrorCallback
 .text.ADC_DMAConvCplt
                0x080019cc       0x88 CMakeFiles/MI60.elf.dir/Drivers/STM32H7xx_HAL_Driver/Src/stm32h7xx_hal_adc.c.obj
                0x080019cc                ADC_DMAConvCplt
 .text.ADC_DMAError
                0x08001a54       0x1a CMakeFiles/MI60.elf.dir/Drivers/STM32H7xx_HAL_Driver/Src/stm32h7xx_hal_adc.c.obj
                0x08001a54                ADC_DMAError
 *fill*         0x08001a6e        0x2 
 .text.HAL_ADC_ConfigChannel
                0x08001a70      0x488 CMakeFiles/MI60.elf.dir/Drivers/STM32H7xx_HAL_Driver/Src/stm32h7xx_hal_adc.c.obj
                0x08001a70                HAL_ADC_ConfigChannel
 .text.ADC_Enable
                0x08001ef8       0xd4 CMakeFiles/MI60.elf.dir/Drivers/STM32H7xx_HAL_Driver/Src/stm32h7xx_hal_adc.c.obj
                0x08001ef8                ADC_Enable
 .text.HAL_ADC_Start_DMA
                0x08001fcc      0x11c CMakeFiles/MI60.elf.dir/Drivers/STM32H7xx_HAL_Driver/Src/stm32h7xx_hal_adc.c.obj
                0x08001fcc                HAL_ADC_Start_DMA
 .text.ADC_Disable
                0x080020e8       0x94 CMakeFiles/MI60.elf.dir/Drivers/STM32H7xx_HAL_Driver/Src/stm32h7xx_hal_adc.c.obj
                0x080020e8                ADC_Disable
 .text.ADC_ConfigureBoostMode
                0x0800217c      0x164 CMakeFiles/MI60.elf.dir/Drivers/STM32H7xx_HAL_Driver/Src/stm32h7xx_hal_adc.c.obj
                0x0800217c                ADC_ConfigureBoostMode
 .text.HAL_ADC_Init
                0x080022e0      0x258 CMakeFiles/MI60.elf.dir/Drivers/STM32H7xx_HAL_Driver/Src/stm32h7xx_hal_adc.c.obj
                0x080022e0                HAL_ADC_Init
 .text.HAL_ADCEx_Calibration_Start
                0x08002538       0xa8 CMakeFiles/MI60.elf.dir/Drivers/STM32H7xx_HAL_Driver/Src/stm32h7xx_hal_adc_ex.c.obj
                0x08002538                HAL_ADCEx_Calibration_Start
 .text.__NVIC_EnableIRQ
                0x080025e0       0x1c CMakeFiles/MI60.elf.dir/Drivers/STM32H7xx_HAL_Driver/Src/stm32h7xx_hal_cortex.c.obj
 .text.__NVIC_SetPriority
                0x080025fc       0x24 CMakeFiles/MI60.elf.dir/Drivers/STM32H7xx_HAL_Driver/Src/stm32h7xx_hal_cortex.c.obj
 .text.NVIC_EncodePriority
                0x08002620       0x3e CMakeFiles/MI60.elf.dir/Drivers/STM32H7xx_HAL_Driver/Src/stm32h7xx_hal_cortex.c.obj
 *fill*         0x0800265e        0x2 
 .text.HAL_NVIC_SetPriorityGrouping
                0x08002660       0x24 CMakeFiles/MI60.elf.dir/Drivers/STM32H7xx_HAL_Driver/Src/stm32h7xx_hal_cortex.c.obj
                0x08002660                HAL_NVIC_SetPriorityGrouping
 .text.HAL_NVIC_SetPriority
                0x08002684       0x20 CMakeFiles/MI60.elf.dir/Drivers/STM32H7xx_HAL_Driver/Src/stm32h7xx_hal_cortex.c.obj
                0x08002684                HAL_NVIC_SetPriority
 .text.HAL_NVIC_EnableIRQ
                0x080026a4        0x8 CMakeFiles/MI60.elf.dir/Drivers/STM32H7xx_HAL_Driver/Src/stm32h7xx_hal_cortex.c.obj
                0x080026a4                HAL_NVIC_EnableIRQ
 .text.HAL_SYSTICK_Config
                0x080026ac       0x28 CMakeFiles/MI60.elf.dir/Drivers/STM32H7xx_HAL_Driver/Src/stm32h7xx_hal_cortex.c.obj
                0x080026ac                HAL_SYSTICK_Config
 .text.HAL_MPU_Disable
                0x080026d4       0x1c CMakeFiles/MI60.elf.dir/Drivers/STM32H7xx_HAL_Driver/Src/stm32h7xx_hal_cortex.c.obj
                0x080026d4                HAL_MPU_Disable
 .text.HAL_MPU_Enable
                0x080026f0       0x20 CMakeFiles/MI60.elf.dir/Drivers/STM32H7xx_HAL_Driver/Src/stm32h7xx_hal_cortex.c.obj
                0x080026f0                HAL_MPU_Enable
 .text.HAL_MPU_ConfigRegion
                0x08002710       0x60 CMakeFiles/MI60.elf.dir/Drivers/STM32H7xx_HAL_Driver/Src/stm32h7xx_hal_cortex.c.obj
                0x08002710                HAL_MPU_ConfigRegion
 .text.DMA_SetConfig
                0x08002770      0x1b4 CMakeFiles/MI60.elf.dir/Drivers/STM32H7xx_HAL_Driver/Src/stm32h7xx_hal_dma.c.obj
 .text.DMA_CalcBaseAndBitshift
                0x08002924       0xb4 CMakeFiles/MI60.elf.dir/Drivers/STM32H7xx_HAL_Driver/Src/stm32h7xx_hal_dma.c.obj
 .text.DMA_CheckFifoParam
                0x080029d8       0x92 CMakeFiles/MI60.elf.dir/Drivers/STM32H7xx_HAL_Driver/Src/stm32h7xx_hal_dma.c.obj
 *fill*         0x08002a6a        0x2 
 .text.DMA_CalcDMAMUXChannelBaseAndMask
                0x08002a6c       0xac CMakeFiles/MI60.elf.dir/Drivers/STM32H7xx_HAL_Driver/Src/stm32h7xx_hal_dma.c.obj
 .text.DMA_CalcDMAMUXRequestGenBaseAndMask
                0x08002b18       0x7c CMakeFiles/MI60.elf.dir/Drivers/STM32H7xx_HAL_Driver/Src/stm32h7xx_hal_dma.c.obj
 .text.HAL_DMA_Init
                0x08002b94      0x3a4 CMakeFiles/MI60.elf.dir/Drivers/STM32H7xx_HAL_Driver/Src/stm32h7xx_hal_dma.c.obj
                0x08002b94                HAL_DMA_Init
 .text.HAL_DMA_Start_IT
                0x08002f38      0x298 CMakeFiles/MI60.elf.dir/Drivers/STM32H7xx_HAL_Driver/Src/stm32h7xx_hal_dma.c.obj
                0x08002f38                HAL_DMA_Start_IT
 .text.HAL_DMA_Abort_IT
                0x080031d0      0x270 CMakeFiles/MI60.elf.dir/Drivers/STM32H7xx_HAL_Driver/Src/stm32h7xx_hal_dma.c.obj
                0x080031d0                HAL_DMA_Abort_IT
 .text.HAL_DMA_IRQHandler
                0x08003440      0x738 CMakeFiles/MI60.elf.dir/Drivers/STM32H7xx_HAL_Driver/Src/stm32h7xx_hal_dma.c.obj
                0x08003440                HAL_DMA_IRQHandler
 .text.HAL_GPIO_Init
                0x08003b78      0x228 CMakeFiles/MI60.elf.dir/Drivers/STM32H7xx_HAL_Driver/Src/stm32h7xx_hal_gpio.c.obj
                0x08003b78                HAL_GPIO_Init
 .text.HAL_GPIO_WritePin
                0x08003da0        0xc CMakeFiles/MI60.elf.dir/Drivers/STM32H7xx_HAL_Driver/Src/stm32h7xx_hal_gpio.c.obj
                0x08003da0                HAL_GPIO_WritePin
 .text.PCD_WriteEmptyTxFifo
                0x08003dac       0xd0 CMakeFiles/MI60.elf.dir/Drivers/STM32H7xx_HAL_Driver/Src/stm32h7xx_hal_pcd.c.obj
 .text.HAL_PCD_Init
                0x08003e7c      0x13c CMakeFiles/MI60.elf.dir/Drivers/STM32H7xx_HAL_Driver/Src/stm32h7xx_hal_pcd.c.obj
                0x08003e7c                HAL_PCD_Init
 .text.HAL_PCD_Start
                0x08003fb8       0x44 CMakeFiles/MI60.elf.dir/Drivers/STM32H7xx_HAL_Driver/Src/stm32h7xx_hal_pcd.c.obj
                0x08003fb8                HAL_PCD_Start
 .text.PCD_EP_OutXfrComplete_int
                0x08003ffc      0x104 CMakeFiles/MI60.elf.dir/Drivers/STM32H7xx_HAL_Driver/Src/stm32h7xx_hal_pcd.c.obj
 .text.PCD_EP_OutSetupPacket_int
                0x08004100       0x50 CMakeFiles/MI60.elf.dir/Drivers/STM32H7xx_HAL_Driver/Src/stm32h7xx_hal_pcd.c.obj
 .text.HAL_PCD_SetAddress
                0x08004150       0x28 CMakeFiles/MI60.elf.dir/Drivers/STM32H7xx_HAL_Driver/Src/stm32h7xx_hal_pcd.c.obj
                0x08004150                HAL_PCD_SetAddress
 .text.HAL_PCD_EP_Open
                0x08004178       0x8a CMakeFiles/MI60.elf.dir/Drivers/STM32H7xx_HAL_Driver/Src/stm32h7xx_hal_pcd.c.obj
                0x08004178                HAL_PCD_EP_Open
 .text.HAL_PCD_EP_Close
                0x08004202       0x72 CMakeFiles/MI60.elf.dir/Drivers/STM32H7xx_HAL_Driver/Src/stm32h7xx_hal_pcd.c.obj
                0x08004202                HAL_PCD_EP_Close
 .text.HAL_PCD_EP_Receive
                0x08004274       0x4a CMakeFiles/MI60.elf.dir/Drivers/STM32H7xx_HAL_Driver/Src/stm32h7xx_hal_pcd.c.obj
                0x08004274                HAL_PCD_EP_Receive
 .text.HAL_PCD_EP_Transmit
                0x080042be       0x4a CMakeFiles/MI60.elf.dir/Drivers/STM32H7xx_HAL_Driver/Src/stm32h7xx_hal_pcd.c.obj
                0x080042be                HAL_PCD_EP_Transmit
 .text.HAL_PCD_EP_SetStall
                0x08004308       0x88 CMakeFiles/MI60.elf.dir/Drivers/STM32H7xx_HAL_Driver/Src/stm32h7xx_hal_pcd.c.obj
                0x08004308                HAL_PCD_EP_SetStall
 .text.HAL_PCD_EP_ClrStall
                0x08004390       0x76 CMakeFiles/MI60.elf.dir/Drivers/STM32H7xx_HAL_Driver/Src/stm32h7xx_hal_pcd.c.obj
                0x08004390                HAL_PCD_EP_ClrStall
 .text.HAL_PCD_EP_Abort
                0x08004406       0x34 CMakeFiles/MI60.elf.dir/Drivers/STM32H7xx_HAL_Driver/Src/stm32h7xx_hal_pcd.c.obj
                0x08004406                HAL_PCD_EP_Abort
 .text.HAL_PCD_IRQHandler
                0x0800443a      0x606 CMakeFiles/MI60.elf.dir/Drivers/STM32H7xx_HAL_Driver/Src/stm32h7xx_hal_pcd.c.obj
                0x0800443a                HAL_PCD_IRQHandler
 .text.HAL_PCDEx_SetTxFiFo
                0x08004a40       0x4a CMakeFiles/MI60.elf.dir/Drivers/STM32H7xx_HAL_Driver/Src/stm32h7xx_hal_pcd_ex.c.obj
                0x08004a40                HAL_PCDEx_SetTxFiFo
 .text.HAL_PCDEx_SetRxFiFo
                0x08004a8a        0x8 CMakeFiles/MI60.elf.dir/Drivers/STM32H7xx_HAL_Driver/Src/stm32h7xx_hal_pcd_ex.c.obj
                0x08004a8a                HAL_PCDEx_SetRxFiFo
 *fill*         0x08004a92        0x2 
 .text.HAL_PCDEx_ActivateLPM
                0x08004a94       0x28 CMakeFiles/MI60.elf.dir/Drivers/STM32H7xx_HAL_Driver/Src/stm32h7xx_hal_pcd_ex.c.obj
                0x08004a94                HAL_PCDEx_ActivateLPM
 .text.HAL_PCDEx_LPM_Callback
                0x08004abc        0x2 CMakeFiles/MI60.elf.dir/Drivers/STM32H7xx_HAL_Driver/Src/stm32h7xx_hal_pcd_ex.c.obj
                0x08004abc                HAL_PCDEx_LPM_Callback
 *fill*         0x08004abe        0x2 
 .text.HAL_PWREx_ConfigSupply
                0x08004ac0       0x54 CMakeFiles/MI60.elf.dir/Drivers/STM32H7xx_HAL_Driver/Src/stm32h7xx_hal_pwr_ex.c.obj
                0x08004ac0                HAL_PWREx_ConfigSupply
 .text.HAL_PWREx_EnableUSBVoltageDetector
                0x08004b14       0x10 CMakeFiles/MI60.elf.dir/Drivers/STM32H7xx_HAL_Driver/Src/stm32h7xx_hal_pwr_ex.c.obj
                0x08004b14                HAL_PWREx_EnableUSBVoltageDetector
 .text.HAL_RCC_OscConfig
                0x08004b24      0x6b4 CMakeFiles/MI60.elf.dir/Drivers/STM32H7xx_HAL_Driver/Src/stm32h7xx_hal_rcc.c.obj
                0x08004b24                HAL_RCC_OscConfig
 .text.HAL_RCC_GetSysClockFreq
                0x080051d8      0x218 CMakeFiles/MI60.elf.dir/Drivers/STM32H7xx_HAL_Driver/Src/stm32h7xx_hal_rcc.c.obj
                0x080051d8                HAL_RCC_GetSysClockFreq
 .text.HAL_RCC_ClockConfig
                0x080053f0      0x294 CMakeFiles/MI60.elf.dir/Drivers/STM32H7xx_HAL_Driver/Src/stm32h7xx_hal_rcc.c.obj
                0x080053f0                HAL_RCC_ClockConfig
 .text.HAL_RCC_GetHCLKFreq
                0x08005684       0x44 CMakeFiles/MI60.elf.dir/Drivers/STM32H7xx_HAL_Driver/Src/stm32h7xx_hal_rcc.c.obj
                0x08005684                HAL_RCC_GetHCLKFreq
 .text.HAL_RCC_GetPCLK1Freq
                0x080056c8       0x24 CMakeFiles/MI60.elf.dir/Drivers/STM32H7xx_HAL_Driver/Src/stm32h7xx_hal_rcc.c.obj
                0x080056c8                HAL_RCC_GetPCLK1Freq
 .text.HAL_RCC_GetPCLK2Freq
                0x080056ec       0x24 CMakeFiles/MI60.elf.dir/Drivers/STM32H7xx_HAL_Driver/Src/stm32h7xx_hal_rcc.c.obj
                0x080056ec                HAL_RCC_GetPCLK2Freq
 .text.RCCEx_PLL2_Config
                0x08005710      0x10c CMakeFiles/MI60.elf.dir/Drivers/STM32H7xx_HAL_Driver/Src/stm32h7xx_hal_rcc_ex.c.obj
 .text.RCCEx_PLL3_Config
                0x0800581c      0x10c CMakeFiles/MI60.elf.dir/Drivers/STM32H7xx_HAL_Driver/Src/stm32h7xx_hal_rcc_ex.c.obj
 .text.HAL_RCCEx_PeriphCLKConfig
                0x08005928      0xa8c CMakeFiles/MI60.elf.dir/Drivers/STM32H7xx_HAL_Driver/Src/stm32h7xx_hal_rcc_ex.c.obj
                0x08005928                HAL_RCCEx_PeriphCLKConfig
 .text.HAL_RCCEx_GetD3PCLK1Freq
                0x080063b4       0x24 CMakeFiles/MI60.elf.dir/Drivers/STM32H7xx_HAL_Driver/Src/stm32h7xx_hal_rcc_ex.c.obj
                0x080063b4                HAL_RCCEx_GetD3PCLK1Freq
 .text.HAL_RCCEx_GetPLL2ClockFreq
                0x080063d8      0x234 CMakeFiles/MI60.elf.dir/Drivers/STM32H7xx_HAL_Driver/Src/stm32h7xx_hal_rcc_ex.c.obj
                0x080063d8                HAL_RCCEx_GetPLL2ClockFreq
 .text.HAL_RCCEx_GetPLL3ClockFreq
                0x0800660c      0x234 CMakeFiles/MI60.elf.dir/Drivers/STM32H7xx_HAL_Driver/Src/stm32h7xx_hal_rcc_ex.c.obj
                0x0800660c                HAL_RCCEx_GetPLL3ClockFreq
 .text.HAL_RCCEx_GetPLL1ClockFreq
                0x08006840      0x234 CMakeFiles/MI60.elf.dir/Drivers/STM32H7xx_HAL_Driver/Src/stm32h7xx_hal_rcc_ex.c.obj
                0x08006840                HAL_RCCEx_GetPLL1ClockFreq
 .text.HAL_RCCEx_GetPeriphCLKFreq
                0x08006a74      0x6d0 CMakeFiles/MI60.elf.dir/Drivers/STM32H7xx_HAL_Driver/Src/stm32h7xx_hal_rcc_ex.c.obj
                0x08006a74                HAL_RCCEx_GetPeriphCLKFreq
 .text.SPI_CloseTransfer
                0x08007144       0xcc CMakeFiles/MI60.elf.dir/Drivers/STM32H7xx_HAL_Driver/Src/stm32h7xx_hal_spi.c.obj
 .text.SPI_GetPacketSize
                0x08007210       0x10 CMakeFiles/MI60.elf.dir/Drivers/STM32H7xx_HAL_Driver/Src/stm32h7xx_hal_spi.c.obj
 .text.HAL_SPI_Init
                0x08007220      0x190 CMakeFiles/MI60.elf.dir/Drivers/STM32H7xx_HAL_Driver/Src/stm32h7xx_hal_spi.c.obj
                0x08007220                HAL_SPI_Init
 .text.HAL_SPI_RxCpltCallback
                0x080073b0        0x2 CMakeFiles/MI60.elf.dir/Drivers/STM32H7xx_HAL_Driver/Src/stm32h7xx_hal_spi.c.obj
                0x080073b0                HAL_SPI_RxCpltCallback
 .text.HAL_SPI_TxRxCpltCallback
                0x080073b2        0x2 CMakeFiles/MI60.elf.dir/Drivers/STM32H7xx_HAL_Driver/Src/stm32h7xx_hal_spi.c.obj
                0x080073b2                HAL_SPI_TxRxCpltCallback
 .text.HAL_SPI_ErrorCallback
                0x080073b4        0x2 CMakeFiles/MI60.elf.dir/Drivers/STM32H7xx_HAL_Driver/Src/stm32h7xx_hal_spi.c.obj
                0x080073b4                HAL_SPI_ErrorCallback
 .text.SPI_DMAAbortOnError
                0x080073b6       0x1a CMakeFiles/MI60.elf.dir/Drivers/STM32H7xx_HAL_Driver/Src/stm32h7xx_hal_spi.c.obj
 .text.HAL_SPI_SuspendCallback
                0x080073d0        0x2 CMakeFiles/MI60.elf.dir/Drivers/STM32H7xx_HAL_Driver/Src/stm32h7xx_hal_spi.c.obj
                0x080073d0                HAL_SPI_SuspendCallback
 *fill*         0x080073d2        0x2 
 .text.HAL_SPI_IRQHandler
                0x080073d4      0x240 CMakeFiles/MI60.elf.dir/Drivers/STM32H7xx_HAL_Driver/Src/stm32h7xx_hal_spi.c.obj
                0x080073d4                HAL_SPI_IRQHandler
 .text.TIM_TI1_ConfigInputStage
                0x08007614       0x24 CMakeFiles/MI60.elf.dir/Drivers/STM32H7xx_HAL_Driver/Src/stm32h7xx_hal_tim.c.obj
 .text.TIM_TI2_ConfigInputStage
                0x08007638       0x26 CMakeFiles/MI60.elf.dir/Drivers/STM32H7xx_HAL_Driver/Src/stm32h7xx_hal_tim.c.obj
 *fill*         0x0800765e        0x2 
 .text.TIM_ITRx_SetConfig
                0x08007660       0x14 CMakeFiles/MI60.elf.dir/Drivers/STM32H7xx_HAL_Driver/Src/stm32h7xx_hal_tim.c.obj
 .text.HAL_TIM_Base_Start_IT
                0x08007674       0x90 CMakeFiles/MI60.elf.dir/Drivers/STM32H7xx_HAL_Driver/Src/stm32h7xx_hal_tim.c.obj
                0x08007674                HAL_TIM_Base_Start_IT
 .text.HAL_TIM_PeriodElapsedCallback
                0x08007704        0x2 CMakeFiles/MI60.elf.dir/Drivers/STM32H7xx_HAL_Driver/Src/stm32h7xx_hal_tim.c.obj
                0x08007704                HAL_TIM_PeriodElapsedCallback
 .text.HAL_TIM_OC_DelayElapsedCallback
                0x08007706        0x2 CMakeFiles/MI60.elf.dir/Drivers/STM32H7xx_HAL_Driver/Src/stm32h7xx_hal_tim.c.obj
                0x08007706                HAL_TIM_OC_DelayElapsedCallback
 .text.HAL_TIM_IC_CaptureCallback
                0x08007708        0x2 CMakeFiles/MI60.elf.dir/Drivers/STM32H7xx_HAL_Driver/Src/stm32h7xx_hal_tim.c.obj
                0x08007708                HAL_TIM_IC_CaptureCallback
 .text.HAL_TIM_PWM_PulseFinishedCallback
                0x0800770a        0x2 CMakeFiles/MI60.elf.dir/Drivers/STM32H7xx_HAL_Driver/Src/stm32h7xx_hal_tim.c.obj
                0x0800770a                HAL_TIM_PWM_PulseFinishedCallback
 .text.HAL_TIM_TriggerCallback
                0x0800770c        0x2 CMakeFiles/MI60.elf.dir/Drivers/STM32H7xx_HAL_Driver/Src/stm32h7xx_hal_tim.c.obj
                0x0800770c                HAL_TIM_TriggerCallback
 .text.HAL_TIM_IRQHandler
                0x0800770e      0x19a CMakeFiles/MI60.elf.dir/Drivers/STM32H7xx_HAL_Driver/Src/stm32h7xx_hal_tim.c.obj
                0x0800770e                HAL_TIM_IRQHandler
 .text.TIM_Base_SetConfig
                0x080078a8      0x104 CMakeFiles/MI60.elf.dir/Drivers/STM32H7xx_HAL_Driver/Src/stm32h7xx_hal_tim.c.obj
                0x080078a8                TIM_Base_SetConfig
 .text.HAL_TIM_Base_Init
                0x080079ac       0x60 CMakeFiles/MI60.elf.dir/Drivers/STM32H7xx_HAL_Driver/Src/stm32h7xx_hal_tim.c.obj
                0x080079ac                HAL_TIM_Base_Init
 .text.TIM_ETR_SetConfig
                0x08007a0c       0x18 CMakeFiles/MI60.elf.dir/Drivers/STM32H7xx_HAL_Driver/Src/stm32h7xx_hal_tim.c.obj
                0x08007a0c                TIM_ETR_SetConfig
 .text.HAL_TIM_ConfigClockSource
                0x08007a24      0x138 CMakeFiles/MI60.elf.dir/Drivers/STM32H7xx_HAL_Driver/Src/stm32h7xx_hal_tim.c.obj
                0x08007a24                HAL_TIM_ConfigClockSource
 .text.HAL_TIMEx_MasterConfigSynchronization
                0x08007b5c       0xa0 CMakeFiles/MI60.elf.dir/Drivers/STM32H7xx_HAL_Driver/Src/stm32h7xx_hal_tim_ex.c.obj
                0x08007b5c                HAL_TIMEx_MasterConfigSynchronization
 .text.HAL_TIMEx_CommutCallback
                0x08007bfc        0x2 CMakeFiles/MI60.elf.dir/Drivers/STM32H7xx_HAL_Driver/Src/stm32h7xx_hal_tim_ex.c.obj
                0x08007bfc                HAL_TIMEx_CommutCallback
 .text.HAL_TIMEx_BreakCallback
                0x08007bfe        0x2 CMakeFiles/MI60.elf.dir/Drivers/STM32H7xx_HAL_Driver/Src/stm32h7xx_hal_tim_ex.c.obj
                0x08007bfe                HAL_TIMEx_BreakCallback
 .text.HAL_TIMEx_Break2Callback
                0x08007c00        0x2 CMakeFiles/MI60.elf.dir/Drivers/STM32H7xx_HAL_Driver/Src/stm32h7xx_hal_tim_ex.c.obj
                0x08007c00                HAL_TIMEx_Break2Callback
 *fill*         0x08007c02        0x2 
 .text.UART_EndRxTransfer
                0x08007c04       0x58 CMakeFiles/MI60.elf.dir/Drivers/STM32H7xx_HAL_Driver/Src/stm32h7xx_hal_uart.c.obj
 .text.UART_SetConfig
                0x08007c5c      0x5f4 CMakeFiles/MI60.elf.dir/Drivers/STM32H7xx_HAL_Driver/Src/stm32h7xx_hal_uart.c.obj
                0x08007c5c                UART_SetConfig
 .text.UART_AdvFeatureConfig
                0x08008250       0xca CMakeFiles/MI60.elf.dir/Drivers/STM32H7xx_HAL_Driver/Src/stm32h7xx_hal_uart.c.obj
                0x08008250                UART_AdvFeatureConfig
 .text.UART_WaitOnFlagUntilTimeout
                0x0800831a       0x96 CMakeFiles/MI60.elf.dir/Drivers/STM32H7xx_HAL_Driver/Src/stm32h7xx_hal_uart.c.obj
                0x0800831a                UART_WaitOnFlagUntilTimeout
 .text.UART_CheckIdleState
                0x080083b0       0xca CMakeFiles/MI60.elf.dir/Drivers/STM32H7xx_HAL_Driver/Src/stm32h7xx_hal_uart.c.obj
                0x080083b0                UART_CheckIdleState
 .text.HAL_UART_Init
                0x0800847a       0x66 CMakeFiles/MI60.elf.dir/Drivers/STM32H7xx_HAL_Driver/Src/stm32h7xx_hal_uart.c.obj
                0x0800847a                HAL_UART_Init
 .text.UARTEx_SetNbDataToProcess
                0x080084e0       0x4c CMakeFiles/MI60.elf.dir/Drivers/STM32H7xx_HAL_Driver/Src/stm32h7xx_hal_uart_ex.c.obj
 .text.HAL_UARTEx_DisableFifoMode
                0x0800852c       0x3e CMakeFiles/MI60.elf.dir/Drivers/STM32H7xx_HAL_Driver/Src/stm32h7xx_hal_uart_ex.c.obj
                0x0800852c                HAL_UARTEx_DisableFifoMode
 .text.HAL_UARTEx_SetTxFifoThreshold
                0x0800856a       0x4a CMakeFiles/MI60.elf.dir/Drivers/STM32H7xx_HAL_Driver/Src/stm32h7xx_hal_uart_ex.c.obj
                0x0800856a                HAL_UARTEx_SetTxFifoThreshold
 .text.HAL_UARTEx_SetRxFifoThreshold
                0x080085b4       0x4a CMakeFiles/MI60.elf.dir/Drivers/STM32H7xx_HAL_Driver/Src/stm32h7xx_hal_uart_ex.c.obj
                0x080085b4                HAL_UARTEx_SetRxFifoThreshold
 *fill*         0x080085fe        0x2 
 .text.USB_CoreReset
                0x08008600       0x50 CMakeFiles/MI60.elf.dir/Drivers/STM32H7xx_HAL_Driver/Src/stm32h7xx_ll_usb.c.obj
 .text.USB_CoreInit
                0x08008650       0x9c CMakeFiles/MI60.elf.dir/Drivers/STM32H7xx_HAL_Driver/Src/stm32h7xx_ll_usb.c.obj
                0x08008650                USB_CoreInit
 .text.USB_SetTurnaroundTime
                0x080086ec       0xe4 CMakeFiles/MI60.elf.dir/Drivers/STM32H7xx_HAL_Driver/Src/stm32h7xx_ll_usb.c.obj
                0x080086ec                USB_SetTurnaroundTime
 .text.USB_EnableGlobalInt
                0x080087d0        0xc CMakeFiles/MI60.elf.dir/Drivers/STM32H7xx_HAL_Driver/Src/stm32h7xx_ll_usb.c.obj
                0x080087d0                USB_EnableGlobalInt
 .text.USB_DisableGlobalInt
                0x080087dc        0xc CMakeFiles/MI60.elf.dir/Drivers/STM32H7xx_HAL_Driver/Src/stm32h7xx_ll_usb.c.obj
                0x080087dc                USB_DisableGlobalInt
 .text.USB_FlushTxFifo
                0x080087e8       0x50 CMakeFiles/MI60.elf.dir/Drivers/STM32H7xx_HAL_Driver/Src/stm32h7xx_ll_usb.c.obj
                0x080087e8                USB_FlushTxFifo
 .text.USB_FlushRxFifo
                0x08008838       0x4c CMakeFiles/MI60.elf.dir/Drivers/STM32H7xx_HAL_Driver/Src/stm32h7xx_ll_usb.c.obj
                0x08008838                USB_FlushRxFifo
 .text.USB_SetDevSpeed
                0x08008884        0xe CMakeFiles/MI60.elf.dir/Drivers/STM32H7xx_HAL_Driver/Src/stm32h7xx_ll_usb.c.obj
                0x08008884                USB_SetDevSpeed
 *fill*         0x08008892        0x2 
 .text.USB_DevInit
                0x08008894      0x188 CMakeFiles/MI60.elf.dir/Drivers/STM32H7xx_HAL_Driver/Src/stm32h7xx_ll_usb.c.obj
                0x08008894                USB_DevInit
 .text.USB_GetDevSpeed
                0x08008a1c       0x1e CMakeFiles/MI60.elf.dir/Drivers/STM32H7xx_HAL_Driver/Src/stm32h7xx_ll_usb.c.obj
                0x08008a1c                USB_GetDevSpeed
 *fill*         0x08008a3a        0x2 
 .text.USB_ActivateEndpoint
                0x08008a3c       0x98 CMakeFiles/MI60.elf.dir/Drivers/STM32H7xx_HAL_Driver/Src/stm32h7xx_ll_usb.c.obj
                0x08008a3c                USB_ActivateEndpoint
 .text.USB_DeactivateEndpoint
                0x08008ad4       0xe0 CMakeFiles/MI60.elf.dir/Drivers/STM32H7xx_HAL_Driver/Src/stm32h7xx_ll_usb.c.obj
                0x08008ad4                USB_DeactivateEndpoint
 .text.USB_EPStopXfer
                0x08008bb4       0xbc CMakeFiles/MI60.elf.dir/Drivers/STM32H7xx_HAL_Driver/Src/stm32h7xx_ll_usb.c.obj
                0x08008bb4                USB_EPStopXfer
 .text.USB_WritePacket
                0x08008c70       0x2e CMakeFiles/MI60.elf.dir/Drivers/STM32H7xx_HAL_Driver/Src/stm32h7xx_ll_usb.c.obj
                0x08008c70                USB_WritePacket
 *fill*         0x08008c9e        0x2 
 .text.USB_EPStartXfer
                0x08008ca0      0x23c CMakeFiles/MI60.elf.dir/Drivers/STM32H7xx_HAL_Driver/Src/stm32h7xx_ll_usb.c.obj
                0x08008ca0                USB_EPStartXfer
 .text.USB_ReadPacket
                0x08008edc       0x46 CMakeFiles/MI60.elf.dir/Drivers/STM32H7xx_HAL_Driver/Src/stm32h7xx_ll_usb.c.obj
                0x08008edc                USB_ReadPacket
 .text.USB_EPSetStall
                0x08008f22       0x5a CMakeFiles/MI60.elf.dir/Drivers/STM32H7xx_HAL_Driver/Src/stm32h7xx_ll_usb.c.obj
                0x08008f22                USB_EPSetStall
 .text.USB_EPClearStall
                0x08008f7c       0x5c CMakeFiles/MI60.elf.dir/Drivers/STM32H7xx_HAL_Driver/Src/stm32h7xx_ll_usb.c.obj
                0x08008f7c                USB_EPClearStall
 .text.USB_SetDevAddress
                0x08008fd8       0x20 CMakeFiles/MI60.elf.dir/Drivers/STM32H7xx_HAL_Driver/Src/stm32h7xx_ll_usb.c.obj
                0x08008fd8                USB_SetDevAddress
 .text.USB_DevConnect
                0x08008ff8       0x1c CMakeFiles/MI60.elf.dir/Drivers/STM32H7xx_HAL_Driver/Src/stm32h7xx_ll_usb.c.obj
                0x08008ff8                USB_DevConnect
 .text.USB_DevDisconnect
                0x08009014       0x1c CMakeFiles/MI60.elf.dir/Drivers/STM32H7xx_HAL_Driver/Src/stm32h7xx_ll_usb.c.obj
                0x08009014                USB_DevDisconnect
 .text.USB_ReadInterrupts
                0x08009030        0x8 CMakeFiles/MI60.elf.dir/Drivers/STM32H7xx_HAL_Driver/Src/stm32h7xx_ll_usb.c.obj
                0x08009030                USB_ReadInterrupts
 .text.USB_ReadDevAllOutEpInterrupt
                0x08009038       0x10 CMakeFiles/MI60.elf.dir/Drivers/STM32H7xx_HAL_Driver/Src/stm32h7xx_ll_usb.c.obj
                0x08009038                USB_ReadDevAllOutEpInterrupt
 .text.USB_ReadDevAllInEpInterrupt
                0x08009048       0x10 CMakeFiles/MI60.elf.dir/Drivers/STM32H7xx_HAL_Driver/Src/stm32h7xx_ll_usb.c.obj
                0x08009048                USB_ReadDevAllInEpInterrupt
 .text.USB_ReadDevOutEPInterrupt
                0x08009058       0x12 CMakeFiles/MI60.elf.dir/Drivers/STM32H7xx_HAL_Driver/Src/stm32h7xx_ll_usb.c.obj
                0x08009058                USB_ReadDevOutEPInterrupt
 .text.USB_ReadDevInEPInterrupt
                0x0800906a       0x24 CMakeFiles/MI60.elf.dir/Drivers/STM32H7xx_HAL_Driver/Src/stm32h7xx_ll_usb.c.obj
                0x0800906a                USB_ReadDevInEPInterrupt
 .text.USB_GetMode
                0x0800908e        0x8 CMakeFiles/MI60.elf.dir/Drivers/STM32H7xx_HAL_Driver/Src/stm32h7xx_ll_usb.c.obj
                0x0800908e                USB_GetMode
 .text.USB_SetCurrentMode
                0x08009096       0x62 CMakeFiles/MI60.elf.dir/Drivers/STM32H7xx_HAL_Driver/Src/stm32h7xx_ll_usb.c.obj
                0x08009096                USB_SetCurrentMode
 .text.USB_ActivateSetup
                0x080090f8       0x20 CMakeFiles/MI60.elf.dir/Drivers/STM32H7xx_HAL_Driver/Src/stm32h7xx_ll_usb.c.obj
                0x080090f8                USB_ActivateSetup
 .text.USB_EP0_OutStart
                0x08009118       0x5c CMakeFiles/MI60.elf.dir/Drivers/STM32H7xx_HAL_Driver/Src/stm32h7xx_ll_usb.c.obj
                0x08009118                USB_EP0_OutStart
 .text._ZN2MI13ScanAndUpdateEv
                0x08009174      0x184 CMakeFiles/MI60.elf.dir/MI/mi.cpp.obj
                0x08009174                MI::ScanAndUpdate()
 .text._ZN2MI9CalibrateEPNS_10ScanConfigE
                0x080092f8       0xd4 CMakeFiles/MI60.elf.dir/MI/mi.cpp.obj
                0x080092f8                MI::Calibrate(MI::ScanConfig*)
 .text._ZN2MI5PressENS_9KeyCode_tE
                0x080093cc       0x50 CMakeFiles/MI60.elf.dir/MI/mi.cpp.obj
                0x080093cc                MI::Press(MI::KeyCode_t)
 .text._ZN2MI11PostProcessEv
                0x0800941c       0x4a CMakeFiles/MI60.elf.dir/MI/mi.cpp.obj
                0x0800941c                MI::PostProcess()
 .text._ZN2MI18GetHidReportBufferEh
                0x08009466       0x26 CMakeFiles/MI60.elf.dir/MI/mi.cpp.obj
                0x08009466                MI::GetHidReportBuffer(unsigned char)
 .text.USBD_CUSTOM_HID_DataIn
                0x0800948c       0x12 CMakeFiles/MI60.elf.dir/Middlewares/ST/STM32_USB_Device_Library/Class/CustomHID/Src/usbd_customhid.c.obj
 .text.USBD_CUSTOM_HID_DataOut
                0x0800949e       0x28 CMakeFiles/MI60.elf.dir/Middlewares/ST/STM32_USB_Device_Library/Class/CustomHID/Src/usbd_customhid.c.obj
 .text.USBD_CUSTOM_HID_EP0_RxReady
                0x080094c6       0x34 CMakeFiles/MI60.elf.dir/Middlewares/ST/STM32_USB_Device_Library/Class/CustomHID/Src/usbd_customhid.c.obj
 *fill*         0x080094fa        0x2 
 .text.USBD_CUSTOM_HID_GetDeviceQualifierDesc
                0x080094fc        0xc CMakeFiles/MI60.elf.dir/Middlewares/ST/STM32_USB_Device_Library/Class/CustomHID/Src/usbd_customhid.c.obj
 .text.USBD_CUSTOM_HID_GetOtherSpeedCfgDesc
                0x08009508       0x40 CMakeFiles/MI60.elf.dir/Middlewares/ST/STM32_USB_Device_Library/Class/CustomHID/Src/usbd_customhid.c.obj
 .text.USBD_CUSTOM_HID_GetFSCfgDesc
                0x08009548       0x40 CMakeFiles/MI60.elf.dir/Middlewares/ST/STM32_USB_Device_Library/Class/CustomHID/Src/usbd_customhid.c.obj
 .text.USBD_CUSTOM_HID_GetHSCfgDesc
                0x08009588       0x40 CMakeFiles/MI60.elf.dir/Middlewares/ST/STM32_USB_Device_Library/Class/CustomHID/Src/usbd_customhid.c.obj
 .text.USBD_CUSTOM_HID_Setup
                0x080095c8      0x14c CMakeFiles/MI60.elf.dir/Middlewares/ST/STM32_USB_Device_Library/Class/CustomHID/Src/usbd_customhid.c.obj
 .text.USBD_CUSTOM_HID_DeInit
                0x08009714       0x5a CMakeFiles/MI60.elf.dir/Middlewares/ST/STM32_USB_Device_Library/Class/CustomHID/Src/usbd_customhid.c.obj
 .text.USBD_CUSTOM_HID_Init
                0x0800976e       0x88 CMakeFiles/MI60.elf.dir/Middlewares/ST/STM32_USB_Device_Library/Class/CustomHID/Src/usbd_customhid.c.obj
 .text.USBD_CUSTOM_HID_SendReport
                0x080097f6       0x46 CMakeFiles/MI60.elf.dir/Middlewares/ST/STM32_USB_Device_Library/Class/CustomHID/Src/usbd_customhid.c.obj
                0x080097f6                USBD_CUSTOM_HID_SendReport
 .text.USBD_CUSTOM_HID_ReceivePacket
                0x0800983c       0x1e CMakeFiles/MI60.elf.dir/Middlewares/ST/STM32_USB_Device_Library/Class/CustomHID/Src/usbd_customhid.c.obj
                0x0800983c                USBD_CUSTOM_HID_ReceivePacket
 .text.USBD_CUSTOM_HID_RegisterInterface
                0x0800985a       0x16 CMakeFiles/MI60.elf.dir/Middlewares/ST/STM32_USB_Device_Library/Class/CustomHID/Src/usbd_customhid.c.obj
                0x0800985a                USBD_CUSTOM_HID_RegisterInterface
 .text.USBD_Init
                0x08009870       0x2e CMakeFiles/MI60.elf.dir/Middlewares/ST/STM32_USB_Device_Library/Core/Src/usbd_core.c.obj
                0x08009870                USBD_Init
 .text.USBD_RegisterClass
                0x0800989e       0x34 CMakeFiles/MI60.elf.dir/Middlewares/ST/STM32_USB_Device_Library/Core/Src/usbd_core.c.obj
                0x0800989e                USBD_RegisterClass
 .text.USBD_Start
                0x080098d2        0x8 CMakeFiles/MI60.elf.dir/Middlewares/ST/STM32_USB_Device_Library/Core/Src/usbd_core.c.obj
                0x080098d2                USBD_Start
 .text.USBD_SetClassConfig
                0x080098da       0x12 CMakeFiles/MI60.elf.dir/Middlewares/ST/STM32_USB_Device_Library/Core/Src/usbd_core.c.obj
                0x080098da                USBD_SetClassConfig
 .text.USBD_ClrClassConfig
                0x080098ec       0x12 CMakeFiles/MI60.elf.dir/Middlewares/ST/STM32_USB_Device_Library/Core/Src/usbd_core.c.obj
                0x080098ec                USBD_ClrClassConfig
 .text.USBD_LL_SetupStage
                0x080098fe       0x58 CMakeFiles/MI60.elf.dir/Middlewares/ST/STM32_USB_Device_Library/Core/Src/usbd_core.c.obj
                0x080098fe                USBD_LL_SetupStage
 .text.USBD_LL_Reset
                0x08009956       0x64 CMakeFiles/MI60.elf.dir/Middlewares/ST/STM32_USB_Device_Library/Core/Src/usbd_core.c.obj
                0x08009956                USBD_LL_Reset
 .text.USBD_LL_SetSpeed
                0x080099ba        0x6 CMakeFiles/MI60.elf.dir/Middlewares/ST/STM32_USB_Device_Library/Core/Src/usbd_core.c.obj
                0x080099ba                USBD_LL_SetSpeed
 .text.USBD_LL_Suspend
                0x080099c0       0x1e CMakeFiles/MI60.elf.dir/Middlewares/ST/STM32_USB_Device_Library/Core/Src/usbd_core.c.obj
                0x080099c0                USBD_LL_Suspend
 .text.USBD_LL_Resume
                0x080099de       0x1a CMakeFiles/MI60.elf.dir/Middlewares/ST/STM32_USB_Device_Library/Core/Src/usbd_core.c.obj
                0x080099de                USBD_LL_Resume
 .text.USBD_LL_SOF
                0x080099f8       0x22 CMakeFiles/MI60.elf.dir/Middlewares/ST/STM32_USB_Device_Library/Core/Src/usbd_core.c.obj
                0x080099f8                USBD_LL_SOF
 .text.USBD_LL_IsoINIncomplete
                0x08009a1a       0x2e CMakeFiles/MI60.elf.dir/Middlewares/ST/STM32_USB_Device_Library/Core/Src/usbd_core.c.obj
                0x08009a1a                USBD_LL_IsoINIncomplete
 .text.USBD_LL_IsoOUTIncomplete
                0x08009a48       0x2e CMakeFiles/MI60.elf.dir/Middlewares/ST/STM32_USB_Device_Library/Core/Src/usbd_core.c.obj
                0x08009a48                USBD_LL_IsoOUTIncomplete
 .text.USBD_LL_DevConnected
                0x08009a76        0x4 CMakeFiles/MI60.elf.dir/Middlewares/ST/STM32_USB_Device_Library/Core/Src/usbd_core.c.obj
                0x08009a76                USBD_LL_DevConnected
 .text.USBD_LL_DevDisconnected
                0x08009a7a       0x20 CMakeFiles/MI60.elf.dir/Middlewares/ST/STM32_USB_Device_Library/Core/Src/usbd_core.c.obj
                0x08009a7a                USBD_LL_DevDisconnected
 .text.USBD_CoreFindIF
                0x08009a9a        0x4 CMakeFiles/MI60.elf.dir/Middlewares/ST/STM32_USB_Device_Library/Core/Src/usbd_core.c.obj
                0x08009a9a                USBD_CoreFindIF
 .text.USBD_CoreFindEP
                0x08009a9e        0x4 CMakeFiles/MI60.elf.dir/Middlewares/ST/STM32_USB_Device_Library/Core/Src/usbd_core.c.obj
                0x08009a9e                USBD_CoreFindEP
 .text.USBD_LL_DataOutStage
                0x08009aa2       0xc6 CMakeFiles/MI60.elf.dir/Middlewares/ST/STM32_USB_Device_Library/Core/Src/usbd_core.c.obj
                0x08009aa2                USBD_LL_DataOutStage
 .text.USBD_LL_DataInStage
                0x08009b68       0xd6 CMakeFiles/MI60.elf.dir/Middlewares/ST/STM32_USB_Device_Library/Core/Src/usbd_core.c.obj
                0x08009b68                USBD_LL_DataInStage
 .text.USBD_GetNextDesc
                0x08009c3e        0xe CMakeFiles/MI60.elf.dir/Middlewares/ST/STM32_USB_Device_Library/Core/Src/usbd_core.c.obj
                0x08009c3e                USBD_GetNextDesc
 .text.USBD_GetEpDesc
                0x08009c4c       0x3e CMakeFiles/MI60.elf.dir/Middlewares/ST/STM32_USB_Device_Library/Core/Src/usbd_core.c.obj
                0x08009c4c                USBD_GetEpDesc
 .text.USBD_GetLen
                0x08009c8a       0x14 CMakeFiles/MI60.elf.dir/Middlewares/ST/STM32_USB_Device_Library/Core/Src/usbd_ctlreq.c.obj
 .text.USBD_ParseSetupRequest
                0x08009c9e       0x28 CMakeFiles/MI60.elf.dir/Middlewares/ST/STM32_USB_Device_Library/Core/Src/usbd_ctlreq.c.obj
                0x08009c9e                USBD_ParseSetupRequest
 .text.USBD_CtlError
                0x08009cc6       0x14 CMakeFiles/MI60.elf.dir/Middlewares/ST/STM32_USB_Device_Library/Core/Src/usbd_ctlreq.c.obj
                0x08009cc6                USBD_CtlError
 .text.USBD_GetDescriptor
                0x08009cda      0x18a CMakeFiles/MI60.elf.dir/Middlewares/ST/STM32_USB_Device_Library/Core/Src/usbd_ctlreq.c.obj
 .text.USBD_SetAddress
                0x08009e64       0x50 CMakeFiles/MI60.elf.dir/Middlewares/ST/STM32_USB_Device_Library/Core/Src/usbd_ctlreq.c.obj
 .text.USBD_SetConfig
                0x08009eb4       0xcc CMakeFiles/MI60.elf.dir/Middlewares/ST/STM32_USB_Device_Library/Core/Src/usbd_ctlreq.c.obj
 .text.USBD_GetConfig
                0x08009f80       0x40 CMakeFiles/MI60.elf.dir/Middlewares/ST/STM32_USB_Device_Library/Core/Src/usbd_ctlreq.c.obj
 .text.USBD_GetStatus
                0x08009fc0       0x38 CMakeFiles/MI60.elf.dir/Middlewares/ST/STM32_USB_Device_Library/Core/Src/usbd_ctlreq.c.obj
 .text.USBD_SetFeature
                0x08009ff8       0x2a CMakeFiles/MI60.elf.dir/Middlewares/ST/STM32_USB_Device_Library/Core/Src/usbd_ctlreq.c.obj
 .text.USBD_ClrFeature
                0x0800a022       0x26 CMakeFiles/MI60.elf.dir/Middlewares/ST/STM32_USB_Device_Library/Core/Src/usbd_ctlreq.c.obj
 .text.USBD_StdDevReq
                0x0800a048       0x76 CMakeFiles/MI60.elf.dir/Middlewares/ST/STM32_USB_Device_Library/Core/Src/usbd_ctlreq.c.obj
                0x0800a048                USBD_StdDevReq
 .text.USBD_StdItfReq
                0x0800a0be       0x84 CMakeFiles/MI60.elf.dir/Middlewares/ST/STM32_USB_Device_Library/Core/Src/usbd_ctlreq.c.obj
                0x0800a0be                USBD_StdItfReq
 .text.USBD_StdEPReq
                0x0800a142      0x232 CMakeFiles/MI60.elf.dir/Middlewares/ST/STM32_USB_Device_Library/Core/Src/usbd_ctlreq.c.obj
                0x0800a142                USBD_StdEPReq
 .text.USBD_GetString
                0x0800a374       0x3a CMakeFiles/MI60.elf.dir/Middlewares/ST/STM32_USB_Device_Library/Core/Src/usbd_ctlreq.c.obj
                0x0800a374                USBD_GetString
 .text.USBD_CtlSendData
                0x0800a3ae       0x1a CMakeFiles/MI60.elf.dir/Middlewares/ST/STM32_USB_Device_Library/Core/Src/usbd_ioreq.c.obj
                0x0800a3ae                USBD_CtlSendData
 .text.USBD_CtlContinueSendData
                0x0800a3c8       0x10 CMakeFiles/MI60.elf.dir/Middlewares/ST/STM32_USB_Device_Library/Core/Src/usbd_ioreq.c.obj
                0x0800a3c8                USBD_CtlContinueSendData
 .text.USBD_CtlPrepareRx
                0x0800a3d8       0x1e CMakeFiles/MI60.elf.dir/Middlewares/ST/STM32_USB_Device_Library/Core/Src/usbd_ioreq.c.obj
                0x0800a3d8                USBD_CtlPrepareRx
 .text.USBD_CtlContinueRx
                0x0800a3f6       0x10 CMakeFiles/MI60.elf.dir/Middlewares/ST/STM32_USB_Device_Library/Core/Src/usbd_ioreq.c.obj
                0x0800a3f6                USBD_CtlContinueRx
 .text.USBD_CtlSendStatus
                0x0800a406       0x16 CMakeFiles/MI60.elf.dir/Middlewares/ST/STM32_USB_Device_Library/Core/Src/usbd_ioreq.c.obj
                0x0800a406                USBD_CtlSendStatus
 .text.USBD_CtlReceiveStatus
                0x0800a41c       0x16 CMakeFiles/MI60.elf.dir/Middlewares/ST/STM32_USB_Device_Library/Core/Src/usbd_ioreq.c.obj
                0x0800a41c                USBD_CtlReceiveStatus
 *fill*         0x0800a432        0x2 
 .text.MX_USB_DEVICE_Init
                0x0800a434       0x58 CMakeFiles/MI60.elf.dir/USB_DEVICE/App/usb_device.c.obj
                0x0800a434                MX_USB_DEVICE_Init
 .text.CUSTOM_HID_Init_FS
                0x0800a48c        0x4 CMakeFiles/MI60.elf.dir/USB_DEVICE/App/usbd_custom_hid_if.c.obj
 .text.CUSTOM_HID_DeInit_FS
                0x0800a490        0x4 CMakeFiles/MI60.elf.dir/USB_DEVICE/App/usbd_custom_hid_if.c.obj
 .text.CUSTOM_HID_OutEvent_FS
                0x0800a494       0x18 CMakeFiles/MI60.elf.dir/USB_DEVICE/App/usbd_custom_hid_if.c.obj
 .text.USBD_FS_DeviceDescriptor
                0x0800a4ac        0xc CMakeFiles/MI60.elf.dir/USB_DEVICE/App/usbd_desc.c.obj
                0x0800a4ac                USBD_FS_DeviceDescriptor
 .text.USBD_FS_LangIDStrDescriptor
                0x0800a4b8        0xc CMakeFiles/MI60.elf.dir/USB_DEVICE/App/usbd_desc.c.obj
                0x0800a4b8                USBD_FS_LangIDStrDescriptor
 .text.IntToUnicode
                0x0800a4c4       0x46 CMakeFiles/MI60.elf.dir/USB_DEVICE/App/usbd_desc.c.obj
 *fill*         0x0800a50a        0x2 
 .text.Get_SerialNum
                0x0800a50c       0x38 CMakeFiles/MI60.elf.dir/USB_DEVICE/App/usbd_desc.c.obj
 .text.USBD_FS_SerialStrDescriptor
                0x0800a544       0x14 CMakeFiles/MI60.elf.dir/USB_DEVICE/App/usbd_desc.c.obj
                0x0800a544                USBD_FS_SerialStrDescriptor
 .text.USBD_FS_ProductStrDescriptor
                0x0800a558       0x24 CMakeFiles/MI60.elf.dir/USB_DEVICE/App/usbd_desc.c.obj
                0x0800a558                USBD_FS_ProductStrDescriptor
 .text.USBD_FS_ManufacturerStrDescriptor
                0x0800a57c       0x1c CMakeFiles/MI60.elf.dir/USB_DEVICE/App/usbd_desc.c.obj
                0x0800a57c                USBD_FS_ManufacturerStrDescriptor
 .text.USBD_FS_ConfigStrDescriptor
                0x0800a598       0x24 CMakeFiles/MI60.elf.dir/USB_DEVICE/App/usbd_desc.c.obj
                0x0800a598                USBD_FS_ConfigStrDescriptor
 .text.USBD_FS_InterfaceStrDescriptor
                0x0800a5bc       0x24 CMakeFiles/MI60.elf.dir/USB_DEVICE/App/usbd_desc.c.obj
                0x0800a5bc                USBD_FS_InterfaceStrDescriptor
 .text.HAL_PCD_MspInit
                0x0800a5e0       0xb4 CMakeFiles/MI60.elf.dir/USB_DEVICE/Target/usbd_conf.c.obj
                0x0800a5e0                HAL_PCD_MspInit
 .text.HAL_PCD_SetupStageCallback
                0x0800a694       0x10 CMakeFiles/MI60.elf.dir/USB_DEVICE/Target/usbd_conf.c.obj
                0x0800a694                HAL_PCD_SetupStageCallback
 .text.HAL_PCD_DataOutStageCallback
                0x0800a6a4       0x18 CMakeFiles/MI60.elf.dir/USB_DEVICE/Target/usbd_conf.c.obj
                0x0800a6a4                HAL_PCD_DataOutStageCallback
 .text.HAL_PCD_DataInStageCallback
                0x0800a6bc       0x16 CMakeFiles/MI60.elf.dir/USB_DEVICE/Target/usbd_conf.c.obj
                0x0800a6bc                HAL_PCD_DataInStageCallback
 .text.HAL_PCD_SOFCallback
                0x0800a6d2        0xc CMakeFiles/MI60.elf.dir/USB_DEVICE/Target/usbd_conf.c.obj
                0x0800a6d2                HAL_PCD_SOFCallback
 .text.HAL_PCD_ResetCallback
                0x0800a6de       0x2c CMakeFiles/MI60.elf.dir/USB_DEVICE/Target/usbd_conf.c.obj
                0x0800a6de                HAL_PCD_ResetCallback
 *fill*         0x0800a70a        0x2 
 .text.HAL_PCD_SuspendCallback
                0x0800a70c       0x30 CMakeFiles/MI60.elf.dir/USB_DEVICE/Target/usbd_conf.c.obj
                0x0800a70c                HAL_PCD_SuspendCallback
 .text.HAL_PCD_ResumeCallback
                0x0800a73c        0xc CMakeFiles/MI60.elf.dir/USB_DEVICE/Target/usbd_conf.c.obj
                0x0800a73c                HAL_PCD_ResumeCallback
 .text.HAL_PCD_ISOOUTIncompleteCallback
                0x0800a748        0xc CMakeFiles/MI60.elf.dir/USB_DEVICE/Target/usbd_conf.c.obj
                0x0800a748                HAL_PCD_ISOOUTIncompleteCallback
 .text.HAL_PCD_ISOINIncompleteCallback
                0x0800a754        0xc CMakeFiles/MI60.elf.dir/USB_DEVICE/Target/usbd_conf.c.obj
                0x0800a754                HAL_PCD_ISOINIncompleteCallback
 .text.HAL_PCD_ConnectCallback
                0x0800a760        0xc CMakeFiles/MI60.elf.dir/USB_DEVICE/Target/usbd_conf.c.obj
                0x0800a760                HAL_PCD_ConnectCallback
 .text.HAL_PCD_DisconnectCallback
                0x0800a76c        0xc CMakeFiles/MI60.elf.dir/USB_DEVICE/Target/usbd_conf.c.obj
                0x0800a76c                HAL_PCD_DisconnectCallback
 .text.USBD_LL_Init
                0x0800a778       0x6c CMakeFiles/MI60.elf.dir/USB_DEVICE/Target/usbd_conf.c.obj
                0x0800a778                USBD_LL_Init
 .text.USBD_LL_IsStallEP
                0x0800a7e4       0x2e CMakeFiles/MI60.elf.dir/USB_DEVICE/Target/usbd_conf.c.obj
                0x0800a7e4                USBD_LL_IsStallEP
 *fill*         0x0800a812        0x2 
 .text.USBD_static_malloc
                0x0800a814        0x8 CMakeFiles/MI60.elf.dir/USB_DEVICE/Target/usbd_conf.c.obj
                0x0800a814                USBD_static_malloc
 .text.USBD_static_free
                0x0800a81c        0x2 CMakeFiles/MI60.elf.dir/USB_DEVICE/Target/usbd_conf.c.obj
                0x0800a81c                USBD_static_free
 .text.USBD_Get_USB_Status
                0x0800a81e       0x14 CMakeFiles/MI60.elf.dir/USB_DEVICE/Target/usbd_conf.c.obj
                0x0800a81e                USBD_Get_USB_Status
 .text.USBD_LL_Start
                0x0800a832       0x10 CMakeFiles/MI60.elf.dir/USB_DEVICE/Target/usbd_conf.c.obj
                0x0800a832                USBD_LL_Start
 .text.USBD_LL_OpenEP
                0x0800a842       0x16 CMakeFiles/MI60.elf.dir/USB_DEVICE/Target/usbd_conf.c.obj
                0x0800a842                USBD_LL_OpenEP
 .text.USBD_LL_CloseEP
                0x0800a858       0x10 CMakeFiles/MI60.elf.dir/USB_DEVICE/Target/usbd_conf.c.obj
                0x0800a858                USBD_LL_CloseEP
 .text.USBD_LL_StallEP
                0x0800a868       0x10 CMakeFiles/MI60.elf.dir/USB_DEVICE/Target/usbd_conf.c.obj
                0x0800a868                USBD_LL_StallEP
 .text.USBD_LL_ClearStallEP
                0x0800a878       0x10 CMakeFiles/MI60.elf.dir/USB_DEVICE/Target/usbd_conf.c.obj
                0x0800a878                USBD_LL_ClearStallEP
 .text.USBD_LL_SetUSBAddress
                0x0800a888       0x10 CMakeFiles/MI60.elf.dir/USB_DEVICE/Target/usbd_conf.c.obj
                0x0800a888                USBD_LL_SetUSBAddress
 .text.USBD_LL_Transmit
                0x0800a898       0x10 CMakeFiles/MI60.elf.dir/USB_DEVICE/Target/usbd_conf.c.obj
                0x0800a898                USBD_LL_Transmit
 .text.USBD_LL_PrepareReceive
                0x0800a8a8       0x10 CMakeFiles/MI60.elf.dir/USB_DEVICE/Target/usbd_conf.c.obj
                0x0800a8a8                USBD_LL_PrepareReceive
 .text._ZN2MIC2Ev
                0x0800a8b8      0x3d4 CMakeFiles/MI60.elf.dir/UserApp/main.cpp.obj
                0x0800a8b8                MI::MI()
                0x0800a8b8                MI::MI()
 .text._Z41__static_initialization_and_destruction_0ii
                0x0800ac8c       0x20 CMakeFiles/MI60.elf.dir/UserApp/main.cpp.obj
 .text.KeyboardMain
                0x0800acac       0x20 CMakeFiles/MI60.elf.dir/UserApp/main.cpp.obj
                0x0800acac                KeyboardMain
 .text.OnTimerCallBack
                0x0800accc       0x50 CMakeFiles/MI60.elf.dir/UserApp/main.cpp.obj
                0x0800accc                OnTimerCallBack
 .text.HAL_SPI_TxCpltCallback
                0x0800ad1c       0x10 CMakeFiles/MI60.elf.dir/UserApp/main.cpp.obj
                0x0800ad1c                HAL_SPI_TxCpltCallback
 .text._GLOBAL__sub_I_mi
                0x0800ad2c        0xe CMakeFiles/MI60.elf.dir/UserApp/main.cpp.obj
 *fill*         0x0800ad3a        0x2 
 .text.__udivmoddi4
                0x0800ad3c      0x2bc c:/arm-gnu-toolchain/arm-gnu-toolchain-12.2.mpacbti-rel1-mingw-w64-i686-arm-none-eabi/bin/../lib/gcc/arm-none-eabi/12.2.1/thumb/v7e-m/nofp\libgcc.a(_udivmoddi4.o)
                0x0800ad3c                __udivmoddi4
 .text.selfrel_offset31
                0x0800aff8       0x14 c:/arm-gnu-toolchain/arm-gnu-toolchain-12.2.mpacbti-rel1-mingw-w64-i686-arm-none-eabi/bin/../lib/gcc/arm-none-eabi/12.2.1/thumb/v7e-m/nofp\libgcc.a(unwind-arm.o)
 .text.search_EIT_table
                0x0800b00c       0x64 c:/arm-gnu-toolchain/arm-gnu-toolchain-12.2.mpacbti-rel1-mingw-w64-i686-arm-none-eabi/bin/../lib/gcc/arm-none-eabi/12.2.1/thumb/v7e-m/nofp\libgcc.a(unwind-arm.o)
 .text.__gnu_unwind_get_pr_addr
                0x0800b070       0x28 c:/arm-gnu-toolchain/arm-gnu-toolchain-12.2.mpacbti-rel1-mingw-w64-i686-arm-none-eabi/bin/../lib/gcc/arm-none-eabi/12.2.1/thumb/v7e-m/nofp\libgcc.a(unwind-arm.o)
 .text.get_eit_entry
                0x0800b098       0x94 c:/arm-gnu-toolchain/arm-gnu-toolchain-12.2.mpacbti-rel1-mingw-w64-i686-arm-none-eabi/bin/../lib/gcc/arm-none-eabi/12.2.1/thumb/v7e-m/nofp\libgcc.a(unwind-arm.o)
 .text.restore_non_core_regs
                0x0800b12c       0x58 c:/arm-gnu-toolchain/arm-gnu-toolchain-12.2.mpacbti-rel1-mingw-w64-i686-arm-none-eabi/bin/../lib/gcc/arm-none-eabi/12.2.1/thumb/v7e-m/nofp\libgcc.a(unwind-arm.o)
 .text._Unwind_decode_typeinfo_ptr.constprop.0
                0x0800b184        0xc c:/arm-gnu-toolchain/arm-gnu-toolchain-12.2.mpacbti-rel1-mingw-w64-i686-arm-none-eabi/bin/../lib/gcc/arm-none-eabi/12.2.1/thumb/v7e-m/nofp\libgcc.a(unwind-arm.o)
 .text._Unwind_DebugHook
                0x0800b190        0x4 c:/arm-gnu-toolchain/arm-gnu-toolchain-12.2.mpacbti-rel1-mingw-w64-i686-arm-none-eabi/bin/../lib/gcc/arm-none-eabi/12.2.1/thumb/v7e-m/nofp\libgcc.a(unwind-arm.o)
 .text.unwind_phase2
                0x0800b194       0x38 c:/arm-gnu-toolchain/arm-gnu-toolchain-12.2.mpacbti-rel1-mingw-w64-i686-arm-none-eabi/bin/../lib/gcc/arm-none-eabi/12.2.1/thumb/v7e-m/nofp\libgcc.a(unwind-arm.o)
 .text.unwind_phase2_forced
                0x0800b1cc       0xd4 c:/arm-gnu-toolchain/arm-gnu-toolchain-12.2.mpacbti-rel1-mingw-w64-i686-arm-none-eabi/bin/../lib/gcc/arm-none-eabi/12.2.1/thumb/v7e-m/nofp\libgcc.a(unwind-arm.o)
 .text.__gnu_Unwind_RaiseException
                0x0800b2a0       0x68 c:/arm-gnu-toolchain/arm-gnu-toolchain-12.2.mpacbti-rel1-mingw-w64-i686-arm-none-eabi/bin/../lib/gcc/arm-none-eabi/12.2.1/thumb/v7e-m/nofp\libgcc.a(unwind-arm.o)
                0x0800b2a0                __gnu_Unwind_RaiseException
 .text.__gnu_Unwind_ForcedUnwind
                0x0800b308       0x10 c:/arm-gnu-toolchain/arm-gnu-toolchain-12.2.mpacbti-rel1-mingw-w64-i686-arm-none-eabi/bin/../lib/gcc/arm-none-eabi/12.2.1/thumb/v7e-m/nofp\libgcc.a(unwind-arm.o)
                0x0800b308                __gnu_Unwind_ForcedUnwind
 .text.__gnu_Unwind_Resume
                0x0800b318       0x40 c:/arm-gnu-toolchain/arm-gnu-toolchain-12.2.mpacbti-rel1-mingw-w64-i686-arm-none-eabi/bin/../lib/gcc/arm-none-eabi/12.2.1/thumb/v7e-m/nofp\libgcc.a(unwind-arm.o)
                0x0800b318                __gnu_Unwind_Resume
 .text.__gnu_Unwind_Resume_or_Rethrow
                0x0800b358       0x14 c:/arm-gnu-toolchain/arm-gnu-toolchain-12.2.mpacbti-rel1-mingw-w64-i686-arm-none-eabi/bin/../lib/gcc/arm-none-eabi/12.2.1/thumb/v7e-m/nofp\libgcc.a(unwind-arm.o)
                0x0800b358                __gnu_Unwind_Resume_or_Rethrow
 .text._Unwind_VRS_Get
                0x0800b36c       0x34 c:/arm-gnu-toolchain/arm-gnu-toolchain-12.2.mpacbti-rel1-mingw-w64-i686-arm-none-eabi/bin/../lib/gcc/arm-none-eabi/12.2.1/thumb/v7e-m/nofp\libgcc.a(unwind-arm.o)
                0x0800b36c                _Unwind_VRS_Get
 .text._Unwind_GetGR
                0x0800b3a0       0x1c c:/arm-gnu-toolchain/arm-gnu-toolchain-12.2.mpacbti-rel1-mingw-w64-i686-arm-none-eabi/bin/../lib/gcc/arm-none-eabi/12.2.1/thumb/v7e-m/nofp\libgcc.a(unwind-arm.o)
 .text._Unwind_VRS_Set
                0x0800b3bc       0x34 c:/arm-gnu-toolchain/arm-gnu-toolchain-12.2.mpacbti-rel1-mingw-w64-i686-arm-none-eabi/bin/../lib/gcc/arm-none-eabi/12.2.1/thumb/v7e-m/nofp\libgcc.a(unwind-arm.o)
                0x0800b3bc                _Unwind_VRS_Set
 .text._Unwind_SetGR
                0x0800b3f0       0x18 c:/arm-gnu-toolchain/arm-gnu-toolchain-12.2.mpacbti-rel1-mingw-w64-i686-arm-none-eabi/bin/../lib/gcc/arm-none-eabi/12.2.1/thumb/v7e-m/nofp\libgcc.a(unwind-arm.o)
 .text.__gnu_Unwind_Backtrace
                0x0800b408       0x84 c:/arm-gnu-toolchain/arm-gnu-toolchain-12.2.mpacbti-rel1-mingw-w64-i686-arm-none-eabi/bin/../lib/gcc/arm-none-eabi/12.2.1/thumb/v7e-m/nofp\libgcc.a(unwind-arm.o)
                0x0800b408                __gnu_Unwind_Backtrace
 .text.__gnu_unwind_pr_common
                0x0800b48c      0x298 c:/arm-gnu-toolchain/arm-gnu-toolchain-12.2.mpacbti-rel1-mingw-w64-i686-arm-none-eabi/bin/../lib/gcc/arm-none-eabi/12.2.1/thumb/v7e-m/nofp\libgcc.a(unwind-arm.o)
 .text.__aeabi_unwind_cpp_pr0
                0x0800b724        0x8 c:/arm-gnu-toolchain/arm-gnu-toolchain-12.2.mpacbti-rel1-mingw-w64-i686-arm-none-eabi/bin/../lib/gcc/arm-none-eabi/12.2.1/thumb/v7e-m/nofp\libgcc.a(unwind-arm.o)
                0x0800b724                __aeabi_unwind_cpp_pr0
 .text.__aeabi_unwind_cpp_pr1
                0x0800b72c        0x8 c:/arm-gnu-toolchain/arm-gnu-toolchain-12.2.mpacbti-rel1-mingw-w64-i686-arm-none-eabi/bin/../lib/gcc/arm-none-eabi/12.2.1/thumb/v7e-m/nofp\libgcc.a(unwind-arm.o)
                0x0800b72c                __aeabi_unwind_cpp_pr1
 .text.__aeabi_unwind_cpp_pr2
                0x0800b734        0x8 c:/arm-gnu-toolchain/arm-gnu-toolchain-12.2.mpacbti-rel1-mingw-w64-i686-arm-none-eabi/bin/../lib/gcc/arm-none-eabi/12.2.1/thumb/v7e-m/nofp\libgcc.a(unwind-arm.o)
                0x0800b734                __aeabi_unwind_cpp_pr2
 .text._Unwind_VRS_Pop
                0x0800b73c      0x2f4 c:/arm-gnu-toolchain/arm-gnu-toolchain-12.2.mpacbti-rel1-mingw-w64-i686-arm-none-eabi/bin/../lib/gcc/arm-none-eabi/12.2.1/thumb/v7e-m/nofp\libgcc.a(unwind-arm.o)
                0x0800b73c                _Unwind_VRS_Pop
 .text.next_unwind_byte
                0x0800ba30       0x38 c:/arm-gnu-toolchain/arm-gnu-toolchain-12.2.mpacbti-rel1-mingw-w64-i686-arm-none-eabi/bin/../lib/gcc/arm-none-eabi/12.2.1/thumb/v7e-m/nofp\libgcc.a(pr-support.o)
 .text.__gnu_unwind_execute
                0x0800ba68      0x2fc c:/arm-gnu-toolchain/arm-gnu-toolchain-12.2.mpacbti-rel1-mingw-w64-i686-arm-none-eabi/bin/../lib/gcc/arm-none-eabi/12.2.1/thumb/v7e-m/nofp\libgcc.a(pr-support.o)
                0x0800ba68                __gnu_unwind_execute
 .text.memset   0x0800bd64       0xa4 c:/arm-gnu-toolchain/arm-gnu-toolchain-12.2.mpacbti-rel1-mingw-w64-i686-arm-none-eabi/bin/../lib/gcc/arm-none-eabi/12.2.1/thumb/v7e-m/nofp\libg.a(libc_a-memset.o)
                0x0800bd64                memset
 .text.__libc_init_array
                0x0800be08       0x50 c:/arm-gnu-toolchain/arm-gnu-toolchain-12.2.mpacbti-rel1-mingw-w64-i686-arm-none-eabi/bin/../lib/gcc/arm-none-eabi/12.2.1/thumb/v7e-m/nofp\libg.a(libc_a-init.o)
                0x0800be08                __libc_init_array
 .text.__retarget_lock_acquire_recursive
                0x0800be58        0x4 c:/arm-gnu-toolchain/arm-gnu-toolchain-12.2.mpacbti-rel1-mingw-w64-i686-arm-none-eabi/bin/../lib/gcc/arm-none-eabi/12.2.1/thumb/v7e-m/nofp\libg.a(libc_a-lock.o)
                0x0800be58                __retarget_lock_acquire_recursive
 .text.__retarget_lock_release_recursive
                0x0800be5c        0x4 c:/arm-gnu-toolchain/arm-gnu-toolchain-12.2.mpacbti-rel1-mingw-w64-i686-arm-none-eabi/bin/../lib/gcc/arm-none-eabi/12.2.1/thumb/v7e-m/nofp\libg.a(libc_a-lock.o)
                0x0800be5c                __retarget_lock_release_recursive
 .text.startup.register_fini
                0x0800be60       0x14 c:/arm-gnu-toolchain/arm-gnu-toolchain-12.2.mpacbti-rel1-mingw-w64-i686-arm-none-eabi/bin/../lib/gcc/arm-none-eabi/12.2.1/thumb/v7e-m/nofp\libg.a(libc_a-__call_atexit.o)
 .text.atexit   0x0800be74        0xc c:/arm-gnu-toolchain/arm-gnu-toolchain-12.2.mpacbti-rel1-mingw-w64-i686-arm-none-eabi/bin/../lib/gcc/arm-none-eabi/12.2.1/thumb/v7e-m/nofp\libg.a(libc_a-atexit.o)
                0x0800be74                atexit
 .text.__libc_fini_array
                0x0800be80       0x28 c:/arm-gnu-toolchain/arm-gnu-toolchain-12.2.mpacbti-rel1-mingw-w64-i686-arm-none-eabi/bin/../lib/gcc/arm-none-eabi/12.2.1/thumb/v7e-m/nofp\libg.a(libc_a-fini.o)
                0x0800be80                __libc_fini_array
 .text.__register_exitproc
                0x0800bea8       0x80 c:/arm-gnu-toolchain/arm-gnu-toolchain-12.2.mpacbti-rel1-mingw-w64-i686-arm-none-eabi/bin/../lib/gcc/arm-none-eabi/12.2.1/thumb/v7e-m/nofp\libg.a(libc_a-__atexit.o)
                0x0800bea8                __register_exitproc
 *(.glue_7)
 .glue_7        0x0800bf28        0x0 linker stubs
 *(.glue_7t)
 .glue_7t       0x0800bf28        0x0 linker stubs
 *(.eh_frame)
 .eh_frame      0x0800bf28        0x0 c:/arm-gnu-toolchain/arm-gnu-toolchain-12.2.mpacbti-rel1-mingw-w64-i686-arm-none-eabi/bin/../lib/gcc/arm-none-eabi/12.2.1/thumb/v7e-m/nofp/crtbegin.o
 *(.init)
 .init          0x0800bf28        0x4 c:/arm-gnu-toolchain/arm-gnu-toolchain-12.2.mpacbti-rel1-mingw-w64-i686-arm-none-eabi/bin/../lib/gcc/arm-none-eabi/12.2.1/thumb/v7e-m/nofp/crti.o
                0x0800bf28                _init
 .init          0x0800bf2c        0x8 c:/arm-gnu-toolchain/arm-gnu-toolchain-12.2.mpacbti-rel1-mingw-w64-i686-arm-none-eabi/bin/../lib/gcc/arm-none-eabi/12.2.1/thumb/v7e-m/nofp/crtn.o
 *(.fini)
 .fini          0x0800bf34        0x4 c:/arm-gnu-toolchain/arm-gnu-toolchain-12.2.mpacbti-rel1-mingw-w64-i686-arm-none-eabi/bin/../lib/gcc/arm-none-eabi/12.2.1/thumb/v7e-m/nofp/crti.o
                0x0800bf34                _fini
 .fini          0x0800bf38        0x8 c:/arm-gnu-toolchain/arm-gnu-toolchain-12.2.mpacbti-rel1-mingw-w64-i686-arm-none-eabi/bin/../lib/gcc/arm-none-eabi/12.2.1/thumb/v7e-m/nofp/crtn.o
                0x0800bf40                        . = ALIGN (0x4)
                0x0800bf40                        _etext = .

.vfp11_veneer   0x0800bf40        0x0
 .vfp11_veneer  0x0800bf40        0x0 linker stubs

.v4_bx          0x0800bf40        0x0
 .v4_bx         0x0800bf40        0x0 linker stubs

.iplt           0x0800bf40        0x0
 .iplt          0x0800bf40        0x0 c:/arm-gnu-toolchain/arm-gnu-toolchain-12.2.mpacbti-rel1-mingw-w64-i686-arm-none-eabi/bin/../lib/gcc/arm-none-eabi/12.2.1/thumb/v7e-m/nofp/crtbegin.o

.rodata         0x0800bf40       0x70
                0x0800bf40                        . = ALIGN (0x4)
 *(.rodata)
 *(.rodata*)
 .rodata.D1CorePrescTable
                0x0800bf40       0x10 CMakeFiles/MI60.elf.dir/Core/Src/system_stm32h7xx.c.obj
                0x0800bf40                D1CorePrescTable
 .rodata.flagBitshiftOffset.0
                0x0800bf50        0x8 CMakeFiles/MI60.elf.dir/Drivers/STM32H7xx_HAL_Driver/Src/stm32h7xx_hal_dma.c.obj
 .rodata.UARTPrescTable
                0x0800bf58       0x18 CMakeFiles/MI60.elf.dir/Drivers/STM32H7xx_HAL_Driver/Src/stm32h7xx_hal_uart.c.obj
                0x0800bf58                UARTPrescTable
 .rodata.denominator.0
                0x0800bf70        0x8 CMakeFiles/MI60.elf.dir/Drivers/STM32H7xx_HAL_Driver/Src/stm32h7xx_hal_uart_ex.c.obj
 .rodata.numerator.1
                0x0800bf78        0x8 CMakeFiles/MI60.elf.dir/Drivers/STM32H7xx_HAL_Driver/Src/stm32h7xx_hal_uart_ex.c.obj
 .rodata.USBD_FS_ProductStrDescriptor.str1.4
                0x0800bf80        0x5 CMakeFiles/MI60.elf.dir/USB_DEVICE/App/usbd_desc.c.obj
 *fill*         0x0800bf85        0x3 
 .rodata.USBD_FS_ManufacturerStrDescriptor.str1.4
                0x0800bf88       0x12 CMakeFiles/MI60.elf.dir/USB_DEVICE/App/usbd_desc.c.obj
 *fill*         0x0800bf9a        0x2 
 .rodata.USBD_FS_ConfigStrDescriptor.str1.4
                0x0800bf9c        0x7 CMakeFiles/MI60.elf.dir/USB_DEVICE/App/usbd_desc.c.obj
 *fill*         0x0800bfa3        0x1 
 .rodata.USBD_FS_InterfaceStrDescriptor.str1.4
                0x0800bfa4        0xa CMakeFiles/MI60.elf.dir/USB_DEVICE/App/usbd_desc.c.obj
                0x0800bfb0                        . = ALIGN (0x4)
 *fill*         0x0800bfae        0x2 

.ARM.extab      0x0800bfb0        0xc
 *(.ARM.extab* .gnu.linkonce.armextab.*)
 .ARM.extab.text._ZN2MIC2Ev
                0x0800bfb0        0x0 CMakeFiles/MI60.elf.dir/UserApp/main.cpp.obj
 .ARM.extab.text.KeyboardMain
                0x0800bfb0        0xc CMakeFiles/MI60.elf.dir/UserApp/main.cpp.obj

.ARM            0x0800bfbc       0xb8
                0x0800bfbc                        __exidx_start = .
 *(.ARM.exidx*)
 .ARM.exidx     0x0800bfbc        0x8 c:/arm-gnu-toolchain/arm-gnu-toolchain-12.2.mpacbti-rel1-mingw-w64-i686-arm-none-eabi/bin/../lib/gcc/arm-none-eabi/12.2.1/thumb/v7e-m/nofp\libg.a(libc_a-memcpy.o)
 .ARM.exidx.text._ZN2MI13ScanAndUpdateEv
                0x0800bfc4        0x8 CMakeFiles/MI60.elf.dir/MI/mi.cpp.obj
 .ARM.exidx.text._ZN2MI9CalibrateEPNS_10ScanConfigE
                0x0800bfcc        0x8 CMakeFiles/MI60.elf.dir/MI/mi.cpp.obj
 .ARM.exidx.text._ZN2MI5PressENS_9KeyCode_tE
                0x0800bfd4        0x8 CMakeFiles/MI60.elf.dir/MI/mi.cpp.obj
 .ARM.exidx.text._ZN2MI11PostProcessEv
                0x0800bfdc        0x0 CMakeFiles/MI60.elf.dir/MI/mi.cpp.obj
                                  0x8 (size before relaxing)
 .ARM.exidx.text._ZN2MI18GetHidReportBufferEh
                0x0800bfdc        0x0 CMakeFiles/MI60.elf.dir/MI/mi.cpp.obj
                                  0x8 (size before relaxing)
 .ARM.exidx.text._ZN2MIC2Ev
                0x0800bfdc        0x0 CMakeFiles/MI60.elf.dir/UserApp/main.cpp.obj
                                  0x8 (size before relaxing)
 .ARM.exidx.text._Z41__static_initialization_and_destruction_0ii
                0x0800bfdc        0x0 CMakeFiles/MI60.elf.dir/UserApp/main.cpp.obj
                                  0x8 (size before relaxing)
 .ARM.exidx.text.KeyboardMain
                0x0800bfdc        0x8 CMakeFiles/MI60.elf.dir/UserApp/main.cpp.obj
 .ARM.exidx.text.OnTimerCallBack
                0x0800bfe4        0x8 CMakeFiles/MI60.elf.dir/UserApp/main.cpp.obj
 .ARM.exidx.text.HAL_SPI_TxCpltCallback
                0x0800bfec        0x8 CMakeFiles/MI60.elf.dir/UserApp/main.cpp.obj
 .ARM.exidx.text._GLOBAL__sub_I_mi
                0x0800bff4        0x0 CMakeFiles/MI60.elf.dir/UserApp/main.cpp.obj
                                  0x8 (size before relaxing)
 .ARM.exidx.text.__udivmoddi4
                0x0800bff4        0x0 c:/arm-gnu-toolchain/arm-gnu-toolchain-12.2.mpacbti-rel1-mingw-w64-i686-arm-none-eabi/bin/../lib/gcc/arm-none-eabi/12.2.1/thumb/v7e-m/nofp\libgcc.a(_udivmoddi4.o)
                                  0x8 (size before relaxing)
 .ARM.exidx.text.selfrel_offset31
                0x0800bff4        0x0 c:/arm-gnu-toolchain/arm-gnu-toolchain-12.2.mpacbti-rel1-mingw-w64-i686-arm-none-eabi/bin/../lib/gcc/arm-none-eabi/12.2.1/thumb/v7e-m/nofp\libgcc.a(unwind-arm.o)
                                  0x8 (size before relaxing)
 .ARM.exidx.text.search_EIT_table
                0x0800bff4        0x0 c:/arm-gnu-toolchain/arm-gnu-toolchain-12.2.mpacbti-rel1-mingw-w64-i686-arm-none-eabi/bin/../lib/gcc/arm-none-eabi/12.2.1/thumb/v7e-m/nofp\libgcc.a(unwind-arm.o)
                                  0x8 (size before relaxing)
 .ARM.exidx.text.__gnu_unwind_get_pr_addr
                0x0800bff4        0x0 c:/arm-gnu-toolchain/arm-gnu-toolchain-12.2.mpacbti-rel1-mingw-w64-i686-arm-none-eabi/bin/../lib/gcc/arm-none-eabi/12.2.1/thumb/v7e-m/nofp\libgcc.a(unwind-arm.o)
                                  0x8 (size before relaxing)
 .ARM.exidx.text.get_eit_entry
                0x0800bff4        0x8 c:/arm-gnu-toolchain/arm-gnu-toolchain-12.2.mpacbti-rel1-mingw-w64-i686-arm-none-eabi/bin/../lib/gcc/arm-none-eabi/12.2.1/thumb/v7e-m/nofp\libgcc.a(unwind-arm.o)
 .ARM.exidx.text.restore_non_core_regs
                0x0800bffc        0x8 c:/arm-gnu-toolchain/arm-gnu-toolchain-12.2.mpacbti-rel1-mingw-w64-i686-arm-none-eabi/bin/../lib/gcc/arm-none-eabi/12.2.1/thumb/v7e-m/nofp\libgcc.a(unwind-arm.o)
 .ARM.exidx.text._Unwind_decode_typeinfo_ptr.constprop.0
                0x0800c004        0x8 c:/arm-gnu-toolchain/arm-gnu-toolchain-12.2.mpacbti-rel1-mingw-w64-i686-arm-none-eabi/bin/../lib/gcc/arm-none-eabi/12.2.1/thumb/v7e-m/nofp\libgcc.a(unwind-arm.o)
 .ARM.exidx.text._Unwind_DebugHook
                0x0800c00c        0x0 c:/arm-gnu-toolchain/arm-gnu-toolchain-12.2.mpacbti-rel1-mingw-w64-i686-arm-none-eabi/bin/../lib/gcc/arm-none-eabi/12.2.1/thumb/v7e-m/nofp\libgcc.a(unwind-arm.o)
                                  0x8 (size before relaxing)
 .ARM.exidx.text.unwind_phase2
                0x0800c00c        0x8 c:/arm-gnu-toolchain/arm-gnu-toolchain-12.2.mpacbti-rel1-mingw-w64-i686-arm-none-eabi/bin/../lib/gcc/arm-none-eabi/12.2.1/thumb/v7e-m/nofp\libgcc.a(unwind-arm.o)
 .ARM.exidx.text.unwind_phase2_forced
                0x0800c014        0x8 c:/arm-gnu-toolchain/arm-gnu-toolchain-12.2.mpacbti-rel1-mingw-w64-i686-arm-none-eabi/bin/../lib/gcc/arm-none-eabi/12.2.1/thumb/v7e-m/nofp\libgcc.a(unwind-arm.o)
 .ARM.exidx.text.__gnu_Unwind_RaiseException
                0x0800c01c        0x8 c:/arm-gnu-toolchain/arm-gnu-toolchain-12.2.mpacbti-rel1-mingw-w64-i686-arm-none-eabi/bin/../lib/gcc/arm-none-eabi/12.2.1/thumb/v7e-m/nofp\libgcc.a(unwind-arm.o)
 .ARM.exidx.text.__gnu_Unwind_ForcedUnwind
                0x0800c024        0x8 c:/arm-gnu-toolchain/arm-gnu-toolchain-12.2.mpacbti-rel1-mingw-w64-i686-arm-none-eabi/bin/../lib/gcc/arm-none-eabi/12.2.1/thumb/v7e-m/nofp\libgcc.a(unwind-arm.o)
 .ARM.exidx.text.__gnu_Unwind_Resume
                0x0800c02c        0x8 c:/arm-gnu-toolchain/arm-gnu-toolchain-12.2.mpacbti-rel1-mingw-w64-i686-arm-none-eabi/bin/../lib/gcc/arm-none-eabi/12.2.1/thumb/v7e-m/nofp\libgcc.a(unwind-arm.o)
 .ARM.exidx.text.__gnu_Unwind_Resume_or_Rethrow
                0x0800c034        0x8 c:/arm-gnu-toolchain/arm-gnu-toolchain-12.2.mpacbti-rel1-mingw-w64-i686-arm-none-eabi/bin/../lib/gcc/arm-none-eabi/12.2.1/thumb/v7e-m/nofp\libgcc.a(unwind-arm.o)
 .ARM.exidx.text._Unwind_VRS_Get
                0x0800c03c        0x0 c:/arm-gnu-toolchain/arm-gnu-toolchain-12.2.mpacbti-rel1-mingw-w64-i686-arm-none-eabi/bin/../lib/gcc/arm-none-eabi/12.2.1/thumb/v7e-m/nofp\libgcc.a(unwind-arm.o)
                                  0x8 (size before relaxing)
 .ARM.exidx.text._Unwind_GetGR
                0x0800c03c        0x0 c:/arm-gnu-toolchain/arm-gnu-toolchain-12.2.mpacbti-rel1-mingw-w64-i686-arm-none-eabi/bin/../lib/gcc/arm-none-eabi/12.2.1/thumb/v7e-m/nofp\libgcc.a(unwind-arm.o)
                                  0x8 (size before relaxing)
 .ARM.exidx.text._Unwind_VRS_Set
                0x0800c03c        0x0 c:/arm-gnu-toolchain/arm-gnu-toolchain-12.2.mpacbti-rel1-mingw-w64-i686-arm-none-eabi/bin/../lib/gcc/arm-none-eabi/12.2.1/thumb/v7e-m/nofp\libgcc.a(unwind-arm.o)
                                  0x8 (size before relaxing)
 .ARM.exidx.text._Unwind_SetGR
                0x0800c03c        0x0 c:/arm-gnu-toolchain/arm-gnu-toolchain-12.2.mpacbti-rel1-mingw-w64-i686-arm-none-eabi/bin/../lib/gcc/arm-none-eabi/12.2.1/thumb/v7e-m/nofp\libgcc.a(unwind-arm.o)
                                  0x8 (size before relaxing)
 .ARM.exidx.text.__gnu_Unwind_Backtrace
                0x0800c03c        0x8 c:/arm-gnu-toolchain/arm-gnu-toolchain-12.2.mpacbti-rel1-mingw-w64-i686-arm-none-eabi/bin/../lib/gcc/arm-none-eabi/12.2.1/thumb/v7e-m/nofp\libgcc.a(unwind-arm.o)
 .ARM.exidx.text.__gnu_unwind_pr_common
                0x0800c044        0x8 c:/arm-gnu-toolchain/arm-gnu-toolchain-12.2.mpacbti-rel1-mingw-w64-i686-arm-none-eabi/bin/../lib/gcc/arm-none-eabi/12.2.1/thumb/v7e-m/nofp\libgcc.a(unwind-arm.o)
 .ARM.exidx.text.__aeabi_unwind_cpp_pr0
                0x0800c04c        0x8 c:/arm-gnu-toolchain/arm-gnu-toolchain-12.2.mpacbti-rel1-mingw-w64-i686-arm-none-eabi/bin/../lib/gcc/arm-none-eabi/12.2.1/thumb/v7e-m/nofp\libgcc.a(unwind-arm.o)
 .ARM.exidx.text.__aeabi_unwind_cpp_pr1
                0x0800c054        0x0 c:/arm-gnu-toolchain/arm-gnu-toolchain-12.2.mpacbti-rel1-mingw-w64-i686-arm-none-eabi/bin/../lib/gcc/arm-none-eabi/12.2.1/thumb/v7e-m/nofp\libgcc.a(unwind-arm.o)