Archive member included to satisfy reference by file (symbol)

c:/arm-gnu-toolchain/arm-gnu-toolchain-12.2.mpacbti-rel1-mingw-w64-i686-arm-none-eabi/bin/../lib/gcc/arm-none-eabi/12.2.1/thumb/v7e-m/nofp\libgcc.a(_arm_mulsf3.o)
                              CMakeFiles/MI60.elf.dir/Core/Src/system_stm32h7xx.c.obj (__aeabi_fmul)
c:/arm-gnu-toolchain/arm-gnu-toolchain-12.2.mpacbti-rel1-mingw-w64-i686-arm-none-eabi/bin/../lib/gcc/arm-none-eabi/12.2.1/thumb/v7e-m/nofp\libgcc.a(_arm_addsubsf3.o)
                              CMakeFiles/MI60.elf.dir/Core/Src/system_stm32h7xx.c.obj (__aeabi_fadd)
c:/arm-gnu-toolchain/arm-gnu-toolchain-12.2.mpacbti-rel1-mingw-w64-i686-arm-none-eabi/bin/../lib/gcc/arm-none-eabi/12.2.1/thumb/v7e-m/nofp\libgcc.a(_arm_muldivsf3.o)
                              CMakeFiles/MI60.elf.dir/Core/Src/system_stm32h7xx.c.obj (__aeabi_fdiv)
c:/arm-gnu-toolchain/arm-gnu-toolchain-12.2.mpacbti-rel1-mingw-w64-i686-arm-none-eabi/bin/../lib/gcc/arm-none-eabi/12.2.1/thumb/v7e-m/nofp\libgcc.a(_arm_fixunssfsi.o)
                              CMakeFiles/MI60.elf.dir/Core/Src/system_stm32h7xx.c.obj (__aeabi_f2uiz)
c:/arm-gnu-toolchain/arm-gnu-toolchain-12.2.mpacbti-rel1-mingw-w64-i686-arm-none-eabi/bin/../lib/gcc/arm-none-eabi/12.2.1/thumb/v7e-m/nofp\libgcc.a(_aeabi_uldivmod.o)
                              CMakeFiles/MI60.elf.dir/Drivers/STM32H7xx_HAL_Driver/Src/stm32h7xx_hal_uart.c.obj (__aeabi_uldivmod)
c:/arm-gnu-toolchain/arm-gnu-toolchain-12.2.mpacbti-rel1-mingw-w64-i686-arm-none-eabi/bin/../lib/gcc/arm-none-eabi/12.2.1/thumb/v7e-m/nofp\libgcc.a(_udivmoddi4.o)
                              c:/arm-gnu-toolchain/arm-gnu-toolchain-12.2.mpacbti-rel1-mingw-w64-i686-arm-none-eabi/bin/../lib/gcc/arm-none-eabi/12.2.1/thumb/v7e-m/nofp\libgcc.a(_aeabi_uldivmod.o) (__udivmoddi4)
c:/arm-gnu-toolchain/arm-gnu-toolchain-12.2.mpacbti-rel1-mingw-w64-i686-arm-none-eabi/bin/../lib/gcc/arm-none-eabi/12.2.1/thumb/v7e-m/nofp\libgcc.a(unwind-arm.o)
                              CMakeFiles/MI60.elf.dir/MI/mi.cpp.obj (__aeabi_unwind_cpp_pr0)
c:/arm-gnu-toolchain/arm-gnu-toolchain-12.2.mpacbti-rel1-mingw-w64-i686-arm-none-eabi/bin/../lib/gcc/arm-none-eabi/12.2.1/thumb/v7e-m/nofp\libgcc.a(libunwind.o)
                              c:/arm-gnu-toolchain/arm-gnu-toolchain-12.2.mpacbti-rel1-mingw-w64-i686-arm-none-eabi/bin/../lib/gcc/arm-none-eabi/12.2.1/thumb/v7e-m/nofp\libgcc.a(unwind-arm.o) (restore_core_regs)
c:/arm-gnu-toolchain/arm-gnu-toolchain-12.2.mpacbti-rel1-mingw-w64-i686-arm-none-eabi/bin/../lib/gcc/arm-none-eabi/12.2.1/thumb/v7e-m/nofp\libgcc.a(pr-support.o)
                              c:/arm-gnu-toolchain/arm-gnu-toolchain-12.2.mpacbti-rel1-mingw-w64-i686-arm-none-eabi/bin/../lib/gcc/arm-none-eabi/12.2.1/thumb/v7e-m/nofp\libgcc.a(unwind-arm.o) (__gnu_unwind_execute)
c:/arm-gnu-toolchain/arm-gnu-toolchain-12.2.mpacbti-rel1-mingw-w64-i686-arm-none-eabi/bin/../lib/gcc/arm-none-eabi/12.2.1/thumb/v7e-m/nofp\libgcc.a(_dvmd_tls.o)
                              c:/arm-gnu-toolchain/arm-gnu-toolchain-12.2.mpacbti-rel1-mingw-w64-i686-arm-none-eabi/bin/../lib/gcc/arm-none-eabi/12.2.1/thumb/v7e-m/nofp\libgcc.a(_aeabi_uldivmod.o) (__aeabi_ldiv0)
c:/arm-gnu-toolchain/arm-gnu-toolchain-12.2.mpacbti-rel1-mingw-w64-i686-arm-none-eabi/bin/../lib/gcc/arm-none-eabi/12.2.1/thumb/v7e-m/nofp\libg.a(libc_a-abort.o)
                              c:/arm-gnu-toolchain/arm-gnu-toolchain-12.2.mpacbti-rel1-mingw-w64-i686-arm-none-eabi/bin/../lib/gcc/arm-none-eabi/12.2.1/thumb/v7e-m/nofp\libgcc.a(pr-support.o) (abort)
c:/arm-gnu-toolchain/arm-gnu-toolchain-12.2.mpacbti-rel1-mingw-w64-i686-arm-none-eabi/bin/../lib/gcc/arm-none-eabi/12.2.1/thumb/v7e-m/nofp\libg.a(libc_a-exit.o)
                              c:/arm-gnu-toolchain/arm-gnu-toolchain-12.2.mpacbti-rel1-mingw-w64-i686-arm-none-eabi/bin/../lib/gcc/arm-none-eabi/12.2.1/thumb/v7e-m/nofp/crt0.o (exit)
c:/arm-gnu-toolchain/arm-gnu-toolchain-12.2.mpacbti-rel1-mingw-w64-i686-arm-none-eabi/bin/../lib/gcc/arm-none-eabi/12.2.1/thumb/v7e-m/nofp\libg.a(libc_a-findfp.o)
                              c:/arm-gnu-toolchain/arm-gnu-toolchain-12.2.mpacbti-rel1-mingw-w64-i686-arm-none-eabi/bin/../lib/gcc/arm-none-eabi/12.2.1/thumb/v7e-m/nofp\libg.a(libc_a-exit.o) (__stdio_exit_handler)
c:/arm-gnu-toolchain/arm-gnu-toolchain-12.2.mpacbti-rel1-mingw-w64-i686-arm-none-eabi/bin/../lib/gcc/arm-none-eabi/12.2.1/thumb/v7e-m/nofp\libg.a(libc_a-fwalk.o)
                              c:/arm-gnu-toolchain/arm-gnu-toolchain-12.2.mpacbti-rel1-mingw-w64-i686-arm-none-eabi/bin/../lib/gcc/arm-none-eabi/12.2.1/thumb/v7e-m/nofp\libg.a(libc_a-findfp.o) (_fwalk_sglue)
c:/arm-gnu-toolchain/arm-gnu-toolchain-12.2.mpacbti-rel1-mingw-w64-i686-arm-none-eabi/bin/../lib/gcc/arm-none-eabi/12.2.1/thumb/v7e-m/nofp\libg.a(libc_a-printf.o)
                              CMakeFiles/MI60.elf.dir/UserApp/w25qxx.c.obj (printf)
[...]
Memory Configuration

Name             Origin             Length             Attributes
FLASH            0x08000000         0x00020000         xr
DTCMRAM          0x20000000         0x00020000         xrw
RAM_D1           0x24000000         0x00080000         xrw
RAM_D2           0x30000000         0x00048000         xrw
RAM_D3           0x38000000         0x00010000         xrw
ITCMRAM          0x00000000         0x00010000         xrw
*default*        0x00000000         0xffffffff

Linker script and memory map

LOAD c:/arm-gnu-toolchain/arm-gnu-toolchain-12.2.mpacbti-rel1-mingw-w64-i686-arm-none-eabi/bin/../lib/gcc/arm-none-eabi/12.2.1/thumb/v7e-m/nofp/crti.o
LOAD c:/arm-gnu-toolchain/arm-gnu-toolchain-12.2.mpacbti-rel1-mingw-w64-i686-arm-none-eabi/bin/../lib/gcc/arm-none-eabi/12.2.1/thumb/v7e-m/nofp/crtbegin.o
LOAD c:/arm-gnu-toolchain/arm-gnu-toolchain-12.2.mpacbti-rel1-mingw-w64-i686-arm-none-eabi/bin/../lib/gcc/arm-none-eabi/12.2.1/thumb/v7e-m/nofp/crt0.o
LOAD CMakeFiles/MI60.elf.dir/Core/Src/main.c.obj
LOAD CMakeFiles/MI60.elf.dir/Core/Src/stm32h7xx_hal_msp.c.obj
LOAD CMakeFiles/MI60.elf.dir/Core/Src/stm32h7xx_it.c.obj
LOAD CMakeFiles/MI60.elf.dir/Core/Src/syscalls.c.obj
LOAD CMakeFiles/MI60.elf.dir/Core/Src/sysmem.c.obj
LOAD CMakeFiles/MI60.elf.dir/Core/Src/system_stm32h7xx.c.obj
LOAD CMakeFiles/MI60.elf.dir/Core/Startup/startup_stm32h750ibkx.s.obj
LOAD CMakeFiles/MI60.elf.dir/Drivers/STM32H7xx_HAL_Driver/Src/stm32h7xx_hal.c.obj
LOAD CMakeFiles/MI60.elf.dir/Drivers/STM32H7xx_HAL_Driver/Src/stm32h7xx_hal_adc.c.obj
LOAD CMakeFiles/MI60.elf.dir/Drivers/STM32H7xx_HAL_Driver/Src/stm32h7xx_hal_adc_ex.c.obj
LOAD CMakeFiles/MI60.elf.dir/Drivers/STM32H7xx_HAL_Driver/Src/stm32h7xx_hal_cortex.c.obj
LOAD CMakeFiles/MI60.elf.dir/Drivers/STM32H7xx_HAL_Driver/Src/stm32h7xx_hal_dma.c.obj
LOAD CMakeFiles/MI60.elf.dir/Drivers/STM32H7xx_HAL_Driver/Src/stm32h7xx_hal_dma_ex.c.obj
LOAD CMakeFiles/MI60.elf.dir/Drivers/STM32H7xx_HAL_Driver/Src/stm32h7xx_hal_exti.c.obj
LOAD CMakeFiles/MI60.elf.dir/Drivers/STM32H7xx_HAL_Driver/Src/stm32h7xx_hal_flash.c.obj
LOAD CMakeFiles/MI60.elf.dir/Drivers/STM32H7xx_HAL_Driver/Src/stm32h7xx_hal_flash_ex.c.obj
LOAD CMakeFiles/MI60.elf.dir/Drivers/STM32H7xx_HAL_Driver/Src/stm32h7xx_hal_gpio.c.obj
LOAD CMakeFiles/MI60.elf.dir/Drivers/STM32H7xx_HAL_Driver/Src/stm32h7xx_hal_hsem.c.obj
LOAD CMakeFiles/MI60.elf.dir/Drivers/STM32H7xx_HAL_Driver/Src/stm32h7xx_hal_i2c.c.obj
LOAD CMakeFiles/MI60.elf.dir/Drivers/STM32H7xx_HAL_Driver/Src/stm32h7xx_hal_i2c_ex.c.obj
LOAD CMakeFiles/MI60.elf.dir/Drivers/STM32H7xx_HAL_Driver/Src/stm32h7xx_hal_mdma.c.obj
LOAD CMakeFiles/MI60.elf.dir/Drivers/STM32H7xx_HAL_Driver/Src/stm32h7xx_hal_pcd.c.obj
LOAD CMakeFiles/MI60.elf.dir/Drivers/STM32H7xx_HAL_Driver/Src/stm32h7xx_hal_pcd_ex.c.obj
LOAD CMakeFiles/MI60.elf.dir/Drivers/STM32H7xx_HAL_Driver/Src/stm32h7xx_hal_pwr.c.obj
LOAD CMakeFiles/MI60.elf.dir/Drivers/STM32H7xx_HAL_Driver/Src/stm32h7xx_hal_pwr_ex.c.obj
LOAD CMakeFiles/MI60.elf.dir/Drivers/STM32H7xx_HAL_Driver/Src/stm32h7xx_hal_rcc.c.obj
LOAD CMakeFiles/MI60.elf.dir/Drivers/STM32H7xx_HAL_Driver/Src/stm32h7xx_hal_rcc_ex.c.obj
LOAD CMakeFiles/MI60.elf.dir/Drivers/STM32H7xx_HAL_Driver/Src/stm32h7xx_hal_spi.c.obj
LOAD CMakeFiles/MI60.elf.dir/Drivers/STM32H7xx_HAL_Driver/Src/stm32h7xx_hal_spi_ex.c.obj
LOAD CMakeFiles/MI60.elf.dir/Drivers/STM32H7xx_HAL_Driver/Src/stm32h7xx_hal_tim.c.obj
LOAD CMakeFiles/MI60.elf.dir/Drivers/STM32H7xx_HAL_Driver/Src/stm32h7xx_hal_tim_ex.c.obj
LOAD CMakeFiles/MI60.elf.dir/Drivers/STM32H7xx_HAL_Driver/Src/stm32h7xx_hal_uart.c.obj
LOAD CMakeFiles/MI60.elf.dir/Drivers/STM32H7xx_HAL_Driver/Src/stm32h7xx_hal_uart_ex.c.obj
LOAD CMakeFiles/MI60.elf.dir/Drivers/STM32H7xx_HAL_Driver/Src/stm32h7xx_ll_usb.c.obj
LOAD CMakeFiles/MI60.elf.dir/MI/mi.cpp.obj
LOAD CMakeFiles/MI60.elf.dir/Middlewares/ST/STM32_USB_Device_Library/Class/CustomHID/Src/usbd_customhid.c.obj
LOAD CMakeFiles/MI60.elf.dir/Middlewares/ST/STM32_USB_Device_Library/Core/Src/usbd_core.c.obj
LOAD CMakeFiles/MI60.elf.dir/Middlewares/ST/STM32_USB_Device_Library/Core/Src/usbd_ctlreq.c.obj
LOAD CMakeFiles/MI60.elf.dir/Middlewares/ST/STM32_USB_Device_Library/Core/Src/usbd_ioreq.c.obj
LOAD CMakeFiles/MI60.elf.dir/USB_DEVICE/App/usb_device.c.obj
LOAD CMakeFiles/MI60.elf.dir/USB_DEVICE/App/usbd_custom_hid_if.c.obj
LOAD CMakeFiles/MI60.elf.dir/USB_DEVICE/App/usbd_desc.c.obj
LOAD CMakeFiles/MI60.elf.dir/USB_DEVICE/Target/usbd_conf.c.obj
LOAD CMakeFiles/MI60.elf.dir/UserApp/main.cpp.obj
LOAD CMakeFiles/MI60.elf.dir/UserApp/w25qxx.c.obj
LOAD c:/arm-gnu-toolchain/arm-gnu-toolchain-12.2.mpacbti-rel1-mingw-w64-i686-arm-none-eabi/bin/../lib/gcc/arm-none-eabi/12.2.1/thumb/v7e-m/nofp\libstdc++.a
LOAD c:/arm-gnu-toolchain/arm-gnu-toolchain-12.2.mpacbti-rel1-mingw-w64-i686-arm-none-eabi/bin/../lib/gcc/arm-none-eabi/12.2.1/thumb/v7e-m/nofp\libm.a
START GROUP
LOAD c:/arm-gnu-toolchain/arm-gnu-toolchain-12.2.mpacbti-rel1-mingw-w64-i686-arm-none-eabi/bin/../lib/gcc/arm-none-eabi/12.2.1/thumb/v7e-m/nofp\libgcc.a
LOAD c:/arm-gnu-toolchain/arm-gnu-toolchain-12.2.mpacbti-rel1-mingw-w64-i686-arm-none-eabi/bin/../lib/gcc/arm-none-eabi/12.2.1/thumb/v7e-m/nofp\libg.a
LOAD c:/arm-gnu-toolchain/arm-gnu-toolchain-12.2.mpacbti-rel1-mingw-w64-i686-arm-none-eabi/bin/../lib/gcc/arm-none-eabi/12.2.1/thumb/v7e-m/nofp\libc.a
END GROUP
LOAD c:/arm-gnu-toolchain/arm-gnu-toolchain-12.2.mpacbti-rel1-mingw-w64-i686-arm-none-eabi/bin/../lib/gcc/arm-none-eabi/12.2.1/thumb/v7e-m/nofp/crtend.o
LOAD c:/arm-gnu-toolchain/arm-gnu-toolchain-12.2.mpacbti-rel1-mingw-w64-i686-arm-none-eabi/bin/../lib/gcc/arm-none-eabi/12.2.1/thumb/v7e-m/nofp/crtn.o
                0x20020000                        _estack = (ORIGIN (DTCMRAM) + LENGTH (DTCMRAM))
                0x00000800                        _Min_Heap_Size = 0x800
                0x00001000                        _Min_Stack_Size = 0x1000

.isr_vector     0x08000000      0x298
                0x08000000                        . = ALIGN (0x4)
 *(.isr_vector)
 .isr_vector    0x08000000      0x298 CMakeFiles/MI60.elf.dir/Core/Startup/startup_stm32h750ibkx.s.obj
                0x08000000                g_pfnVectors
                0x08000298                        . = ALIGN (0x4)

.text           0x080002c0    0x13d60
                0x080002c0                        . = ALIGN (0x4)
 *(.text)
 .text          0x080002c0      0x21c c:/arm-gnu-toolchain/arm-gnu-toolchain-12.2.mpacbti-rel1-mingw-w64-i686-arm-none-eabi/bin/../lib/gcc/arm-none-eabi/12.2.1/thumb/v7e-m/nofp\libgcc.a(_arm_addsubsf3.o)
                0x080002c0                __aeabi_frsub
                0x080002c8                __subsf3
                0x080002c8                __aeabi_fsub
                0x080002cc                __aeabi_fadd
                0x080002cc                __addsf3
                0x0800042c                __aeabi_ui2f
                0x0800042c                __floatunsisf
                0x08000434                __aeabi_i2f
                0x08000434                __floatsisf
                0x08000450                __aeabi_ul2f
                0x08000450                __floatundisf
                0x08000460                __aeabi_l2f
                0x08000460                __floatdisf
 .text          0x080004dc      0x2a0 c:/arm-gnu-toolchain/arm-gnu-toolchain-12.2.mpacbti-rel1-mingw-w64-i686-arm-none-eabi/bin/../lib/gcc/arm-none-eabi/12.2.1/thumb/v7e-m/nofp\libgcc.a(_arm_muldivsf3.o)
                0x080004dc                __mulsf3
                0x080004dc                __aeabi_fmul
                0x08000644                __aeabi_fdiv
                0x08000644                __divsf3
 .text          0x0800077c       0x40 c:/arm-gnu-toolchain/arm-gnu-toolchain-12.2.mpacbti-rel1-mingw-w64-i686-arm-none-eabi/bin/../lib/gcc/arm-none-eabi/12.2.1/thumb/v7e-m/nofp\libgcc.a(_arm_fixunssfsi.o)
                0x0800077c                __fixunssfsi
                0x0800077c                __aeabi_f2uiz
 .text          0x080007bc       0x30 c:/arm-gnu-toolchain/arm-gnu-toolchain-12.2.mpacbti-rel1-mingw-w64-i686-arm-none-eabi/bin/../lib/gcc/arm-none-eabi/12.2.1/thumb/v7e-m/nofp\libgcc.a(_aeabi_uldivmod.o)
                0x080007bc                __aeabi_uldivmod
 .text          0x080007ec      0x1ac c:/arm-gnu-toolchain/arm-gnu-toolchain-12.2.mpacbti-rel1-mingw-w64-i686-arm-none-eabi/bin/../lib/gcc/arm-none-eabi/12.2.1/thumb/v7e-m/nofp\libgcc.a(libunwind.o)
                0x080007ec                __restore_core_regs
                0x080007ec                restore_core_regs
                0x08000804                __gnu_Unwind_Restore_VFP
                0x0800080c                __gnu_Unwind_Save_VFP
                0x08000814                __gnu_Unwind_Restore_VFP_D
                0x0800081c                __gnu_Unwind_Save_VFP_D
                0x08000824                __gnu_Unwind_Restore_VFP_D_16_to_31
                0x0800082c                __gnu_Unwind_Save_VFP_D_16_to_31
                0x08000834                __gnu_Unwind_Restore_WMMXD
                0x08000878                __gnu_Unwind_Save_WMMXD
                0x080008bc                __gnu_Unwind_Restore_WMMXC
                0x080008d0                __gnu_Unwind_Save_WMMXC
                0x080008e4                ___Unwind_RaiseException
                0x080008e4                _Unwind_RaiseException
                0x08000908                _Unwind_Resume
                0x08000908                ___Unwind_Resume
                0x0800092c                _Unwind_Resume_or_Rethrow
                0x0800092c                ___Unwind_Resume_or_Rethrow
                0x08000950                _Unwind_ForcedUnwind
                0x08000950                ___Unwind_ForcedUnwind
                0x08000974                ___Unwind_Backtrace
                0x08000974                _Unwind_Backtrace
 .text          0x08000998        0x4 c:/arm-gnu-toolchain/arm-gnu-toolchain-12.2.mpacbti-rel1-mingw-w64-i686-arm-none-eabi/bin/../lib/gcc/arm-none-eabi/12.2.1/thumb/v7e-m/nofp\libgcc.a(_dvmd_tls.o)
                0x08000998                __aeabi_idiv0
                0x08000998                __aeabi_ldiv0
 .text          0x0800099c      0x134 c:/arm-gnu-toolchain/arm-gnu-toolchain-12.2.mpacbti-rel1-mingw-w64-i686-arm-none-eabi/bin/../lib/gcc/arm-none-eabi/12.2.1/thumb/v7e-m/nofp\libg.a(libc_a-memcpy.o)
                0x0800099c                memcpy
 *fill*         0x08000ad0       0x30 
 .text          0x08000b00       0xd8 c:/arm-gnu-toolchain/arm-gnu-toolchain-12.2.mpacbti-rel1-mingw-w64-i686-arm-none-eabi/bin/../lib/gcc/arm-none-eabi/12.2.1/thumb/v7e-m/nofp\libg.a(libc_a-strlen.o)
                0x08000b00                strlen
 *fill*         0x08000bd8        0x8 
 .text          0x08000be0       0xa0 c:/arm-gnu-toolchain/arm-gnu-toolchain-12.2.mpacbti-rel1-mingw-w64-i686-arm-none-eabi/bin/../lib/gcc/arm-none-eabi/12.2.1/thumb/v7e-m/nofp\libg.a(libc_a-memchr.o)
                0x08000be0                memchr
 .text          0x08000c80      0x378 c:/arm-gnu-toolchain/arm-gnu-toolchain-12.2.mpacbti-rel1-mingw-w64-i686-arm-none-eabi/bin/../lib/gcc/arm-none-eabi/12.2.1/thumb/v7e-m/nofp\libgcc.a(_arm_addsubdf3.o)
                0x08000c80                __aeabi_drsub
                0x08000c88                __aeabi_dsub
                0x08000c88                __subdf3
                0x08000c8c                __aeabi_dadd
                0x08000c8c                __adddf3
                0x08000f04                __floatunsidf
                0x08000f04                __aeabi_ui2d
                0x08000f24                __floatsidf
                0x08000f24                __aeabi_i2d
                0x08000f48                __aeabi_f2d
                0x08000f48                __extendsfdf2
                0x08000f8c                __floatundidf
                0x08000f8c                __aeabi_ul2d
                0x08000f9c                __floatdidf
                0x08000f9c                __aeabi_l2d
 .text          0x08000ff8      0x424 c:/arm-gnu-toolchain/arm-gnu-toolchain-12.2.mpacbti-rel1-mingw-w64-i686-arm-none-eabi/bin/../lib/gcc/arm-none-eabi/12.2.1/thumb/v7e-m/nofp\libgcc.a(_arm_muldivdf3.o)
                0x08000ff8                __aeabi_dmul
                0x08000ff8                __muldf3
                0x0800124c                __divdf3
                0x0800124c                __aeabi_ddiv
 .text          0x0800141c      0x110 c:/arm-gnu-toolchain/arm-gnu-toolchain-12.2.mpacbti-rel1-mingw-w64-i686-arm-none-eabi/bin/../lib/gcc/arm-none-eabi/12.2.1/thumb/v7e-m/nofp\libgcc.a(_arm_cmpdf2.o)
                0x0800141c                __gtdf2
                0x0800141c                __gedf2
                0x08001424                __ltdf2
                0x08001424                __ledf2
                0x0800142c                __nedf2
                0x0800142c                __eqdf2
                0x0800142c                __cmpdf2
                0x080014a8                __aeabi_cdrcmple
                0x080014b8                __aeabi_cdcmpeq
                0x080014b8                __aeabi_cdcmple
                0x080014c8                __aeabi_dcmpeq
                0x080014dc                __aeabi_dcmplt
                0x080014f0                __aeabi_dcmple
                0x08001504                __aeabi_dcmpge
                0x08001518                __aeabi_dcmpgt
 .text          0x0800152c       0x2c c:/arm-gnu-toolchain/arm-gnu-toolchain-12.2.mpacbti-rel1-mingw-w64-i686-arm-none-eabi/bin/../lib/gcc/arm-none-eabi/12.2.1/thumb/v7e-m/nofp\libgcc.a(_arm_unorddf2.o)
                0x0800152c                __unorddf2
                0x0800152c                __aeabi_dcmpun
 .text          0x08001558       0x50 c:/arm-gnu-toolchain/arm-gnu-toolchain-12.2.mpacbti-rel1-mingw-w64-i686-arm-none-eabi/bin/../lib/gcc/arm-none-eabi/12.2.1/thumb/v7e-m/nofp\libgcc.a(_arm_fixdfsi.o)
                0x08001558                __aeabi_d2iz
                0x08001558                __fixdfsi
 *(.text*)
 .text.deregister_tm_clones
                0x080015a8       0x1c c:/arm-gnu-toolchain/arm-gnu-toolchain-12.2.mpacbti-rel1-mingw-w64-i686-arm-none-eabi/bin/../lib/gcc/arm-none-eabi/12.2.1/thumb/v7e-m/nofp/crtbegin.o
 .text.register_tm_clones
                0x080015c4       0x24 c:/arm-gnu-toolchain/arm-gnu-toolchain-12.2.mpacbti-rel1-mingw-w64-i686-arm-none-eabi/bin/../lib/gcc/arm-none-eabi/12.2.1/thumb/v7e-m/nofp/crtbegin.o
 .text.__do_global_dtors_aux
                0x080015e8       0x28 c:/arm-gnu-toolchain/arm-gnu-toolchain-12.2.mpacbti-rel1-mingw-w64-i686-arm-none-eabi/bin/../lib/gcc/arm-none-eabi/12.2.1/thumb/v7e-m/nofp/crtbegin.o
 .text.frame_dummy
                0x08001610       0x24 c:/arm-gnu-toolchain/arm-gnu-toolchain-12.2.mpacbti-rel1-mingw-w64-i686-arm-none-eabi/bin/../lib/gcc/arm-none-eabi/12.2.1/thumb/v7e-m/nofp/crtbegin.o
 .text.MPU_Config
                0x08001634       0xd8 CMakeFiles/MI60.elf.dir/Core/Src/main.c.obj
 .text.MX_GPIO_Init
                0x0800170c      0x128 CMakeFiles/MI60.elf.dir/Core/Src/main.c.obj
 .text.MX_BDMA_Init
                0x08001834       0x38 CMakeFiles/MI60.elf.dir/Core/Src/main.c.obj
 .text.MX_DMA_Init
                0x0800186c       0x68 CMakeFiles/MI60.elf.dir/Core/Src/main.c.obj
 .text._write   0x080018d4       0x18 CMakeFiles/MI60.elf.dir/Core/Src/main.c.obj
                0x080018d4                _write
 .text.Error_Handler
                0x080018ec        0x4 CMakeFiles/MI60.elf.dir/Core/Src/main.c.obj
                0x080018ec                Error_Handler
 .text.MX_ADC3_Init
                0x080018f0       0xb0 CMakeFiles/MI60.elf.dir/Core/Src/main.c.obj
 .text.MX_SPI2_Init
                0x080019a0       0x60 CMakeFiles/MI60.elf.dir/Core/Src/main.c.obj
 .text.MX_TIM5_Init
                0x08001a00       0x6c CMakeFiles/MI60.elf.dir/Core/Src/main.c.obj
 .text.MX_USART1_UART_Init
                0x08001a6c       0x60 CMakeFiles/MI60.elf.dir/Core/Src/main.c.obj
 .text.MX_ADC1_Init
                0x08001acc       0xc8 CMakeFiles/MI60.elf.dir/Core/Src/main.c.obj
 .text.MX_SPI3_Init
                0x08001b94       0x58 CMakeFiles/MI60.elf.dir/Core/Src/main.c.obj
 .text.SystemClock_Config
                0x08001bec      0x118 CMakeFiles/MI60.elf.dir/Core/Src/main.c.obj
                0x08001bec                SystemClock_Config
 .text.PeriphCommonClock_Config
                0x08001d04       0x44 CMakeFiles/MI60.elf.dir/Core/Src/main.c.obj
                0x08001d04                PeriphCommonClock_Config
 .text.main     0x08001d48       0xf4 CMakeFiles/MI60.elf.dir/Core/Src/main.c.obj
                0x08001d48                main
 .text.HAL_MspInit
                0x08001e3c       0x24 CMakeFiles/MI60.elf.dir/Core/Src/stm32h7xx_hal_msp.c.obj
                0x08001e3c                HAL_MspInit
 .text.HAL_ADC_MspInit
                0x08001e60      0x1c4 CMakeFiles/MI60.elf.dir/Core/Src/stm32h7xx_hal_msp.c.obj
                0x08001e60                HAL_ADC_MspInit
 .text.HAL_SPI_MspInit
                0x08002024      0x118 CMakeFiles/MI60.elf.dir/Core/Src/stm32h7xx_hal_msp.c.obj
                0x08002024                HAL_SPI_MspInit
 .text.HAL_TIM_Base_MspInit
                0x0800213c       0x48 CMakeFiles/MI60.elf.dir/Core/Src/stm32h7xx_hal_msp.c.obj
                0x0800213c                HAL_TIM_Base_MspInit
 .text.HAL_UART_MspInit
                0x08002184      0x110 CMakeFiles/MI60.elf.dir/Core/Src/stm32h7xx_hal_msp.c.obj
                0x08002184                HAL_UART_MspInit
 .text.NMI_Handler
                0x08002294        0x2 CMakeFiles/MI60.elf.dir/Core/Src/stm32h7xx_it.c.obj
                0x08002294                NMI_Handler
 .text.HardFault_Handler
                0x08002296        0x2 CMakeFiles/MI60.elf.dir/Core/Src/stm32h7xx_it.c.obj
                0x08002296                HardFault_Handler
 .text.MemManage_Handler
                0x08002298        0x2 CMakeFiles/MI60.elf.dir/Core/Src/stm32h7xx_it.c.obj
                0x08002298                MemManage_Handler
 .text.BusFault_Handler
                0x0800229a        0x2 CMakeFiles/MI60.elf.dir/Core/Src/stm32h7xx_it.c.obj
                0x0800229a                BusFault_Handler
 .text.UsageFault_Handler
                0x0800229c        0x2 CMakeFiles/MI60.elf.dir/Core/Src/stm32h7xx_it.c.obj
                0x0800229c                UsageFault_Handler
 .text.SVC_Handler
                0x0800229e        0x2 CMakeFiles/MI60.elf.dir/Core/Src/stm32h7xx_it.c.obj
                0x0800229e                SVC_Handler
 .text.DebugMon_Handler
                0x080022a0        0x2 CMakeFiles/MI60.elf.dir/Core/Src/stm32h7xx_it.c.obj
                0x080022a0                DebugMon_Handler
 .text.PendSV_Handler
                0x080022a2        0x2 CMakeFiles/MI60.elf.dir/Core/Src/stm32h7xx_it.c.obj
                0x080022a2                PendSV_Handler
 .text.SysTick_Handler
                0x080022a4        0x8 CMakeFiles/MI60.elf.dir/Core/Src/stm32h7xx_it.c.obj
                0x080022a4                SysTick_Handler
 .text.DMA1_Stream0_IRQHandler
                0x080022ac       0x10 CMakeFiles/MI60.elf.dir/Core/Src/stm32h7xx_it.c.obj
                0x080022ac                DMA1_Stream0_IRQHandler
 .text.DMA1_Stream1_IRQHandler
                0x080022bc       0x10 CMakeFiles/MI60.elf.dir/Core/Src/stm32h7xx_it.c.obj
                0x080022bc                DMA1_Stream1_IRQHandler
 .text.DMA1_Stream2_IRQHandler
                0x080022cc       0x10 CMakeFiles/MI60.elf.dir/Core/Src/stm32h7xx_it.c.obj
                0x080022cc                DMA1_Stream2_IRQHandler
 .text.DMA1_Stream5_IRQHandler
                0x080022dc       0x10 CMakeFiles/MI60.elf.dir/Core/Src/stm32h7xx_it.c.obj
                0x080022dc                DMA1_Stream5_IRQHandler
 .text.ADC_IRQHandler
                0x080022ec       0x10 CMakeFiles/MI60.elf.dir/Core/Src/stm32h7xx_it.c.obj
                0x080022ec                ADC_IRQHandler
 .text.SPI2_IRQHandler
                0x080022fc       0x10 CMakeFiles/MI60.elf.dir/Core/Src/stm32h7xx_it.c.obj
                0x080022fc                SPI2_IRQHandler
 .text.TIM5_IRQHandler
                0x0800230c       0x14 CMakeFiles/MI60.elf.dir/Core/Src/stm32h7xx_it.c.obj
                0x0800230c                TIM5_IRQHandler
 .text.OTG_HS_IRQHandler
                0x08002320       0x10 CMakeFiles/MI60.elf.dir/Core/Src/stm32h7xx_it.c.obj
                0x08002320                OTG_HS_IRQHandler
 .text.ADC3_IRQHandler
                0x08002330       0x10 CMakeFiles/MI60.elf.dir/Core/Src/stm32h7xx_it.c.obj
                0x08002330                ADC3_IRQHandler
 .text.BDMA_Channel0_IRQHandler
                0x08002340       0x10 CMakeFiles/MI60.elf.dir/Core/Src/stm32h7xx_it.c.obj
                0x08002340                BDMA_Channel0_IRQHandler
 .text._getpid  0x08002350        0x4 CMakeFiles/MI60.elf.dir/Core/Src/syscalls.c.obj
                0x08002350                _getpid
 .text._kill    0x08002354       0x10 CMakeFiles/MI60.elf.dir/Core/Src/syscalls.c.obj
                0x08002354                _kill
 .text._exit    0x08002364        0xc CMakeFiles/MI60.elf.dir/Core/Src/syscalls.c.obj
                0x08002364                _exit
 .text._read    0x08002370       0x20 CMakeFiles/MI60.elf.dir/Core/Src/syscalls.c.obj
                0x08002370                _read
 .text._close   0x08002390        0x6 CMakeFiles/MI60.elf.dir/Core/Src/syscalls.c.obj
                0x08002390                _close
 .text._fstat   0x08002396        0xa CMakeFiles/MI60.elf.dir/Core/Src/syscalls.c.obj
                0x08002396                _fstat
 .text._isatty  0x080023a0        0x4 CMakeFiles/MI60.elf.dir/Core/Src/syscalls.c.obj
                0x080023a0                _isatty
 .text._lseek   0x080023a4        0x4 CMakeFiles/MI60.elf.dir/Core/Src/syscalls.c.obj
                0x080023a4                _lseek
 .text._sbrk    0x080023a8       0x48 CMakeFiles/MI60.elf.dir/Core/Src/sysmem.c.obj
                0x080023a8                _sbrk
 .text.SystemInit
                0x080023f0       0xbc CMakeFiles/MI60.elf.dir/Core/Src/system_stm32h7xx.c.obj
                0x080023f0                SystemInit
 .text.Reset_Handler
                0x080024ac       0x50 CMakeFiles/MI60.elf.dir/Core/Startup/startup_stm32h750ibkx.s.obj
                0x080024ac                Reset_Handler
 .text.Default_Handler
                0x080024fc        0x2 CMakeFiles/MI60.elf.dir/Core/Startup/startup_stm32h750ibkx.s.obj
                0x080024fc                RTC_Alarm_IRQHandler
                0x080024fc                HASH_RNG_IRQHandler
                0x080024fc                EXTI2_IRQHandler
                0x080024fc                TIM8_CC_IRQHandler
                0x080024fc                HRTIM1_Master_IRQHandler
                0x080024fc                UART8_IRQHandler
                0x080024fc                SPI4_IRQHandler
                0x080024fc                TIM1_CC_IRQHandler
                0x080024fc                BDMA_Channel6_IRQHandler
                0x080024fc                DMA2_Stream5_IRQHandler
                0x080024fc                HRTIM1_FLT_IRQHandler
                0x080024fc                JPEG_IRQHandler
                0x080024fc                BDMA_Channel1_IRQHandler
                0x080024fc                HRTIM1_TIMD_IRQHandler
                0x080024fc                TAMP_STAMP_IRQHandler
                0x080024fc                EXTI3_IRQHandler
                0x080024fc                LPTIM4_IRQHandler
                0x080024fc                TIM8_TRG_COM_TIM14_IRQHandler
                0x080024fc                LPTIM2_IRQHandler
                0x080024fc                DFSDM1_FLT1_IRQHandler
                0x080024fc                DMAMUX2_OVR_IRQHandler
                0x080024fc                TIM8_UP_TIM13_IRQHandler
                0x080024fc                I2C3_ER_IRQHandler
                0x080024fc                DFSDM1_FLT2_IRQHandler
                0x080024fc                MDMA_IRQHandler
                0x080024fc                LPTIM3_IRQHandler
                0x080024fc                HSEM1_IRQHandler
                0x080024fc                EXTI0_IRQHandler
                0x080024fc                I2C2_EV_IRQHandler
                0x080024fc                FPU_IRQHandler
                0x080024fc                OTG_HS_WKUP_IRQHandler
                0x080024fc                FDCAN1_IT1_IRQHandler
                0x080024fc                LTDC_ER_IRQHandler
                0x080024fc                DMA2_Stream2_IRQHandler
                0x080024fc                HRTIM1_TIME_IRQHandler
                0x080024fc                SPI1_IRQHandler
                0x080024fc                TIM6_DAC_IRQHandler
                0x080024fc                DCMI_IRQHandler
                0x080024fc                HRTIM1_TIMC_IRQHandler
                0x080024fc                DMA2_Stream3_IRQHandler
                0x080024fc                SAI2_IRQHandler
                0x080024fc                DFSDM1_FLT3_IRQHandler
                0x080024fc                USART6_IRQHandler
                0x080024fc                TIM17_IRQHandler
                0x080024fc                USART3_IRQHandler
                0x080024fc                BDMA_Channel7_IRQHandler
                0x080024fc                CRYP_IRQHandler
                0x080024fc                LPTIM5_IRQHandler
                0x080024fc                UART5_IRQHandler
                0x080024fc                DMA2_Stream0_IRQHandler
                0x080024fc                TIM4_IRQHandler
                0x080024fc                BDMA_Channel2_IRQHandler
                0x080024fc                QUADSPI_IRQHandler
                0x080024fc                I2C1_EV_IRQHandler
                0x080024fc                DMA1_Stream6_IRQHandler
                0x080024fc                DMAMUX1_OVR_IRQHandler
                0x080024fc                TIM16_IRQHandler
                0x080024fc                UART4_IRQHandler
                0x080024fc                BDMA_Channel5_IRQHandler
                0x080024fc                TIM3_IRQHandler
                0x080024fc                RCC_IRQHandler
                0x080024fc                TIM8_BRK_TIM12_IRQHandler
                0x080024fc                TIM1_TRG_COM_IRQHandler
                0x080024fc                Default_Handler
                0x080024fc                ECC_IRQHandler
                0x080024fc                CEC_IRQHandler
                0x080024fc                EXTI15_10_IRQHandler
                0x080024fc                DMA1_Stream7_IRQHandler
                0x080024fc                HRTIM1_TIMA_IRQHandler
                0x080024fc                SPI5_IRQHandler
                0x080024fc                TIM7_IRQHandler
                0x080024fc                SDMMC1_IRQHandler
                0x080024fc                DMA2_Stream7_IRQHandler
                0x080024fc                TIM15_IRQHandler
                0x080024fc                PVD_AVD_IRQHandler
                0x080024fc                I2C3_EV_IRQHandler
                0x080024fc                EXTI9_5_IRQHandler
                0x080024fc                RTC_WKUP_IRQHandler
                0x080024fc                LTDC_IRQHandler
                0x080024fc                SAI3_IRQHandler
                0x080024fc                ETH_WKUP_IRQHandler
                0x080024fc                SPDIF_RX_IRQHandler
                0x080024fc                OTG_HS_EP1_IN_IRQHandler
                0x080024fc                CRS_IRQHandler
                0x080024fc                EXTI4_IRQHandler
                0x080024fc                HRTIM1_TIMB_IRQHandler
                0x080024fc                FDCAN2_IT1_IRQHandler
                0x080024fc                ETH_IRQHandler
                0x080024fc                TIM1_UP_IRQHandler
                0x080024fc                BDMA_Channel4_IRQHandler
                0x080024fc                OTG_HS_EP1_OUT_IRQHandler
                0x080024fc                WWDG_IRQHandler
                0x080024fc                SPI6_IRQHandler
                0x080024fc                MDIOS_IRQHandler
                0x080024fc                I2C4_EV_IRQHandler
                0x080024fc                FDCAN2_IT0_IRQHandler
                0x080024fc                LPUART1_IRQHandler
                0x080024fc                FDCAN1_IT0_IRQHandler
                0x080024fc                TIM2_IRQHandler
                0x080024fc                OTG_FS_WKUP_IRQHandler
                0x080024fc                DMA2D_IRQHandler
                0x080024fc                TIM1_BRK_IRQHandler
                0x080024fc                EXTI1_IRQHandler
                0x080024fc                SDMMC2_IRQHandler
                0x080024fc                OTG_FS_EP1_OUT_IRQHandler
                0x080024fc                BDMA_Channel3_IRQHandler
                0x080024fc                UART7_IRQHandler
                0x080024fc                MDIOS_WKUP_IRQHandler
                0x080024fc                USART2_IRQHandler
                0x080024fc                DFSDM1_FLT0_IRQHandler
                0x080024fc                SAI4_IRQHandler
                0x080024fc                I2C2_ER_IRQHandler
                0x080024fc                DMA2_Stream1_IRQHandler
                0x080024fc                FLASH_IRQHandler
                0x080024fc                DMA2_Stream4_IRQHandler
                0x080024fc                USART1_IRQHandler
                0x080024fc                OTG_FS_IRQHandler
                0x080024fc                SPI3_IRQHandler
                0x080024fc                WAKEUP_PIN_IRQHandler
                0x080024fc                DMA1_Stream4_IRQHandler
                0x080024fc                OTG_FS_EP1_IN_IRQHandler
                0x080024fc                I2C1_ER_IRQHandler
                0x080024fc                FMC_IRQHandler
                0x080024fc                FDCAN_CAL_IRQHandler
                0x080024fc                SWPMI1_IRQHandler
                0x080024fc                COMP1_IRQHandler
                0x080024fc                LPTIM1_IRQHandler
                0x080024fc                I2C4_ER_IRQHandler
                0x080024fc                DMA2_Stream6_IRQHandler
                0x080024fc                SAI1_IRQHandler
                0x080024fc                DMA1_Stream3_IRQHandler
 *fill*         0x080024fe        0x2 
 .text.HAL_InitTick
                0x08002500       0x50 CMakeFiles/MI60.elf.dir/Drivers/STM32H7xx_HAL_Driver/Src/stm32h7xx_hal.c.obj
                0x08002500                HAL_InitTick
 .text.HAL_Init
                0x08002550       0x5c CMakeFiles/MI60.elf.dir/Drivers/STM32H7xx_HAL_Driver/Src/stm32h7xx_hal.c.obj
                0x08002550                HAL_Init
 .text.HAL_IncTick
                0x080025ac       0x18 CMakeFiles/MI60.elf.dir/Drivers/STM32H7xx_HAL_Driver/Src/stm32h7xx_hal.c.obj
                0x080025ac                HAL_IncTick
 .text.HAL_GetTick
                0x080025c4        0xc CMakeFiles/MI60.elf.dir/Drivers/STM32H7xx_HAL_Driver/Src/stm32h7xx_hal.c.obj
                0x080025c4                HAL_GetTick
 .text.HAL_Delay
                0x080025d0       0x28 CMakeFiles/MI60.elf.dir/Drivers/STM32H7xx_HAL_Driver/Src/stm32h7xx_hal.c.obj
                0x080025d0                HAL_Delay
 .text.HAL_GetREVID
                0x080025f8        0xc CMakeFiles/MI60.elf.dir/Drivers/STM32H7xx_HAL_Driver/Src/stm32h7xx_hal.c.obj
                0x080025f8                HAL_GetREVID
 .text.HAL_SYSCFG_AnalogSwitchConfig
                0x08002604       0x14 CMakeFiles/MI60.elf.dir/Drivers/STM32H7xx_HAL_Driver/Src/stm32h7xx_hal.c.obj
                0x08002604                HAL_SYSCFG_AnalogSwitchConfig
 .text.LL_ADC_REG_SetSequencerRanks
                0x08002618       0x2e CMakeFiles/MI60.elf.dir/Drivers/STM32H7xx_HAL_Driver/Src/stm32h7xx_hal_adc.c.obj
 .text.LL_ADC_SetChannelSamplingTime
                0x08002646       0x2a CMakeFiles/MI60.elf.dir/Drivers/STM32H7xx_HAL_Driver/Src/stm32h7xx_hal_adc.c.obj
 .text.HAL_ADC_ConvCpltCallback
                0x08002670        0x2 CMakeFiles/MI60.elf.dir/Drivers/STM32H7xx_HAL_Driver/Src/stm32h7xx_hal_adc.c.obj
                0x08002670                HAL_ADC_ConvCpltCallback
 .text.HAL_ADC_ConvHalfCpltCallback
                0x08002672        0x2 CMakeFiles/MI60.elf.dir/Drivers/STM32H7xx_HAL_Driver/Src/stm32h7xx_hal_adc.c.obj
                0x08002672                HAL_ADC_ConvHalfCpltCallback
 .text.ADC_DMAHalfConvCplt
                0x08002674        0xa CMakeFiles/MI60.elf.dir/Drivers/STM32H7xx_HAL_Driver/Src/stm32h7xx_hal_adc.c.obj
                0x08002674                ADC_DMAHalfConvCplt
 .text.HAL_ADC_LevelOutOfWindowCallback
                0x0800267e        0x2 CMakeFiles/MI60.elf.dir/Drivers/STM32H7xx_HAL_Driver/Src/stm32h7xx_hal_adc.c.obj
                0x0800267e                HAL_ADC_LevelOutOfWindowCallback
 .text.HAL_ADC_ErrorCallback
                0x08002680        0x2 CMakeFiles/MI60.elf.dir/Drivers/STM32H7xx_HAL_Driver/Src/stm32h7xx_hal_adc.c.obj
                0x08002680                HAL_ADC_ErrorCallback
 *fill*         0x08002682        0x2 
 .text.HAL_ADC_IRQHandler
                0x08002684      0x2d8 CMakeFiles/MI60.elf.dir/Drivers/STM32H7xx_HAL_Driver/Src/stm32h7xx_hal_adc.c.obj
                0x08002684                HAL_ADC_IRQHandler
 .text.ADC_DMAConvCplt
                0x0800295c       0x88 CMakeFiles/MI60.elf.dir/Drivers/STM32H7xx_HAL_Driver/Src/stm32h7xx_hal_adc.c.obj
                0x0800295c                ADC_DMAConvCplt
 .text.ADC_DMAError
                0x080029e4       0x1a CMakeFiles/MI60.elf.dir/Drivers/STM32H7xx_HAL_Driver/Src/stm32h7xx_hal_adc.c.obj
                0x080029e4                ADC_DMAError
 *fill*         0x080029fe        0x2 
 .text.HAL_ADC_ConfigChannel
                0x08002a00      0x488 CMakeFiles/MI60.elf.dir/Drivers/STM32H7xx_HAL_Driver/Src/stm32h7xx_hal_adc.c.obj
                0x08002a00                HAL_ADC_ConfigChannel
 .text.ADC_Enable
                0x08002e88       0xd4 CMakeFiles/MI60.elf.dir/Drivers/STM32H7xx_HAL_Driver/Src/stm32h7xx_hal_adc.c.obj
                0x08002e88                ADC_Enable
 .text.HAL_ADC_Start_DMA
                0x08002f5c      0x11c CMakeFiles/MI60.elf.dir/Drivers/STM32H7xx_HAL_Driver/Src/stm32h7xx_hal_adc.c.obj
                0x08002f5c                HAL_ADC_Start_DMA
 .text.ADC_Disable
                0x08003078       0x94 CMakeFiles/MI60.elf.dir/Drivers/STM32H7xx_HAL_Driver/Src/stm32h7xx_hal_adc.c.obj
                0x08003078                ADC_Disable
 .text.ADC_ConfigureBoostMode
                0x0800310c      0x164 CMakeFiles/MI60.elf.dir/Drivers/STM32H7xx_HAL_Driver/Src/stm32h7xx_hal_adc.c.obj
                0x0800310c                ADC_ConfigureBoostMode
 .text.HAL_ADC_Init
                0x08003270      0x258 CMakeFiles/MI60.elf.dir/Drivers/STM32H7xx_HAL_Driver/Src/stm32h7xx_hal_adc.c.obj
                0x08003270                HAL_ADC_Init
 .text.HAL_ADCEx_Calibration_Start
                0x080034c8       0xa8 CMakeFiles/MI60.elf.dir/Drivers/STM32H7xx_HAL_Driver/Src/stm32h7xx_hal_adc_ex.c.obj
                0x080034c8                HAL_ADCEx_Calibration_Start
 .text.HAL_ADCEx_InjectedConvCpltCallback
                0x08003570        0x2 CMakeFiles/MI60.elf.dir/Drivers/STM32H7xx_HAL_Driver/Src/stm32h7xx_hal_adc_ex.c.obj
                0x08003570                HAL_ADCEx_InjectedConvCpltCallback
 .text.HAL_ADCEx_InjectedQueueOverflowCallback
                0x08003572        0x2 CMakeFiles/MI60.elf.dir/Drivers/STM32H7xx_HAL_Driver/Src/stm32h7xx_hal_adc_ex.c.obj
                0x08003572                HAL_ADCEx_InjectedQueueOverflowCallback
 .text.HAL_ADCEx_LevelOutOfWindow2Callback
                0x08003574        0x2 CMakeFiles/MI60.elf.dir/Drivers/STM32H7xx_HAL_Driver/Src/stm32h7xx_hal_adc_ex.c.obj
                0x08003574                HAL_ADCEx_LevelOutOfWindow2Callback
 .text.HAL_ADCEx_LevelOutOfWindow3Callback
                0x08003576        0x2 CMakeFiles/MI60.elf.dir/Drivers/STM32H7xx_HAL_Driver/Src/stm32h7xx_hal_adc_ex.c.obj
                0x08003576                HAL_ADCEx_LevelOutOfWindow3Callback
 .text.HAL_ADCEx_EndOfSamplingCallback
                0x08003578        0x2 CMakeFiles/MI60.elf.dir/Drivers/STM32H7xx_HAL_Driver/Src/stm32h7xx_hal_adc_ex.c.obj
                0x08003578                HAL_ADCEx_EndOfSamplingCallback
 *fill*         0x0800357a        0x2 
 .text.HAL_ADCEx_MultiModeConfigChannel
                0x0800357c      0x150 CMakeFiles/MI60.elf.dir/Drivers/STM32H7xx_HAL_Driver/Src/stm32h7xx_hal_adc_ex.c.obj
                0x0800357c                HAL_ADCEx_MultiModeConfigChannel
 .text.__NVIC_EnableIRQ
                0x080036cc       0x1c CMakeFiles/MI60.elf.dir/Drivers/STM32H7xx_HAL_Driver/Src/stm32h7xx_hal_cortex.c.obj
 .text.__NVIC_SetPriority
                0x080036e8       0x24 CMakeFiles/MI60.elf.dir/Drivers/STM32H7xx_HAL_Driver/Src/stm32h7xx_hal_cortex.c.obj
 .text.NVIC_EncodePriority
                0x0800370c       0x3e CMakeFiles/MI60.elf.dir/Drivers/STM32H7xx_HAL_Driver/Src/stm32h7xx_hal_cortex.c.obj
 *fill*         0x0800374a        0x2 
 .text.HAL_NVIC_SetPriorityGrouping
                0x0800374c       0x24 CMakeFiles/MI60.elf.dir/Drivers/STM32H7xx_HAL_Driver/Src/stm32h7xx_hal_cortex.c.obj
                0x0800374c                HAL_NVIC_SetPriorityGrouping
 .text.HAL_NVIC_SetPriority
                0x08003770       0x20 CMakeFiles/MI60.elf.dir/Drivers/STM32H7xx_HAL_Driver/Src/stm32h7xx_hal_cortex.c.obj
                0x08003770                HAL_NVIC_SetPriority
 .text.HAL_NVIC_EnableIRQ
                0x08003790        0x8 CMakeFiles/MI60.elf.dir/Drivers/STM32H7xx_HAL_Driver/Src/stm32h7xx_hal_cortex.c.obj
                0x08003790                HAL_NVIC_EnableIRQ
 .text.HAL_SYSTICK_Config
                0x08003798       0x28 CMakeFiles/MI60.elf.dir/Drivers/STM32H7xx_HAL_Driver/Src/stm32h7xx_hal_cortex.c.obj
                0x08003798                HAL_SYSTICK_Config
 .text.HAL_MPU_Disable
                0x080037c0       0x1c CMakeFiles/MI60.elf.dir/Drivers/STM32H7xx_HAL_Driver/Src/stm32h7xx_hal_cortex.c.obj
                0x080037c0                HAL_MPU_Disable
 .text.HAL_MPU_Enable
                0x080037dc       0x20 CMakeFiles/MI60.elf.dir/Drivers/STM32H7xx_HAL_Driver/Src/stm32h7xx_hal_cortex.c.obj
                0x080037dc                HAL_MPU_Enable
 .text.HAL_MPU_ConfigRegion
                0x080037fc       0x60 CMakeFiles/MI60.elf.dir/Drivers/STM32H7xx_HAL_Driver/Src/stm32h7xx_hal_cortex.c.obj
                0x080037fc                HAL_MPU_ConfigRegion
 .text.DMA_SetConfig
                0x0800385c      0x1b4 CMakeFiles/MI60.elf.dir/Drivers/STM32H7xx_HAL_Driver/Src/stm32h7xx_hal_dma.c.obj
 .text.DMA_CalcBaseAndBitshift
                0x08003a10       0xb4 CMakeFiles/MI60.elf.dir/Drivers/STM32H7xx_HAL_Driver/Src/stm32h7xx_hal_dma.c.obj
 .text.DMA_CheckFifoParam
                0x08003ac4       0x92 CMakeFiles/MI60.elf.dir/Drivers/STM32H7xx_HAL_Driver/Src/stm32h7xx_hal_dma.c.obj
 *fill*         0x08003b56        0x2 
 .text.DMA_CalcDMAMUXChannelBaseAndMask
                0x08003b58       0xac CMakeFiles/MI60.elf.dir/Drivers/STM32H7xx_HAL_Driver/Src/stm32h7xx_hal_dma.c.obj
 .text.DMA_CalcDMAMUXRequestGenBaseAndMask
                0x08003c04       0x7c CMakeFiles/MI60.elf.dir/Drivers/STM32H7xx_HAL_Driver/Src/stm32h7xx_hal_dma.c.obj
 .text.HAL_DMA_Init
                0x08003c80      0x3a4 CMakeFiles/MI60.elf.dir/Drivers/STM32H7xx_HAL_Driver/Src/stm32h7xx_hal_dma.c.obj
                0x08003c80                HAL_DMA_Init
 .text.HAL_DMA_Start_IT
                0x08004024      0x298 CMakeFiles/MI60.elf.dir/Drivers/STM32H7xx_HAL_Driver/Src/stm32h7xx_hal_dma.c.obj
                0x08004024                HAL_DMA_Start_IT
 .text.HAL_DMA_Abort_IT
                0x080042bc      0x270 CMakeFiles/MI60.elf.dir/Drivers/STM32H7xx_HAL_Driver/Src/stm32h7xx_hal_dma.c.obj
                0x080042bc                HAL_DMA_Abort_IT
 .text.HAL_DMA_IRQHandler
                0x0800452c      0x738 CMakeFiles/MI60.elf.dir/Drivers/STM32H7xx_HAL_Driver/Src/stm32h7xx_hal_dma.c.obj
                0x0800452c                HAL_DMA_IRQHandler
 .text.HAL_GPIO_Init
                0x08004c64      0x228 CMakeFiles/MI60.elf.dir/Drivers/STM32H7xx_HAL_Driver/Src/stm32h7xx_hal_gpio.c.obj
                0x08004c64                HAL_GPIO_Init
 .text.HAL_GPIO_WritePin
                0x08004e8c        0xc CMakeFiles/MI60.elf.dir/Drivers/STM32H7xx_HAL_Driver/Src/stm32h7xx_hal_gpio.c.obj
                0x08004e8c                HAL_GPIO_WritePin
 .text.PCD_WriteEmptyTxFifo
                0x08004e98       0xd0 CMakeFiles/MI60.elf.dir/Drivers/STM32H7xx_HAL_Driver/Src/stm32h7xx_hal_pcd.c.obj
 .text.HAL_PCD_Init
                0x08004f68      0x13c CMakeFiles/MI60.elf.dir/Drivers/STM32H7xx_HAL_Driver/Src/stm32h7xx_hal_pcd.c.obj
                0x08004f68                HAL_PCD_Init
 .text.HAL_PCD_Start
                0x080050a4       0x44 CMakeFiles/MI60.elf.dir/Drivers/STM32H7xx_HAL_Driver/Src/stm32h7xx_hal_pcd.c.obj
                0x080050a4                HAL_PCD_Start
 .text.PCD_EP_OutXfrComplete_int
                0x080050e8      0x104 CMakeFiles/MI60.elf.dir/Drivers/STM32H7xx_HAL_Driver/Src/stm32h7xx_hal_pcd.c.obj
 .text.PCD_EP_OutSetupPacket_int
                0x080051ec       0x50 CMakeFiles/MI60.elf.dir/Drivers/STM32H7xx_HAL_Driver/Src/stm32h7xx_hal_pcd.c.obj
 .text.HAL_PCD_SetAddress
                0x0800523c       0x28 CMakeFiles/MI60.elf.dir/Drivers/STM32H7xx_HAL_Driver/Src/stm32h7xx_hal_pcd.c.obj
                0x0800523c                HAL_PCD_SetAddress
 .text.HAL_PCD_EP_Open
                0x08005264       0x8a CMakeFiles/MI60.elf.dir/Drivers/STM32H7xx_HAL_Driver/Src/stm32h7xx_hal_pcd.c.obj
                0x08005264                HAL_PCD_EP_Open
 .text.HAL_PCD_EP_Close
                0x080052ee       0x72 CMakeFiles/MI60.elf.dir/Drivers/STM32H7xx_HAL_Driver/Src/stm32h7xx_hal_pcd.c.obj
                0x080052ee                HAL_PCD_EP_Close
 .text.HAL_PCD_EP_Receive
                0x08005360       0x4a CMakeFiles/MI60.elf.dir/Drivers/STM32H7xx_HAL_Driver/Src/stm32h7xx_hal_pcd.c.obj
                0x08005360                HAL_PCD_EP_Receive
 .text.HAL_PCD_EP_Transmit
                0x080053aa       0x4a CMakeFiles/MI60.elf.dir/Drivers/STM32H7xx_HAL_Driver/Src/stm32h7xx_hal_pcd.c.obj
                0x080053aa                HAL_PCD_EP_Transmit
 .text.HAL_PCD_EP_SetStall
                0x080053f4       0x88 CMakeFiles/MI60.elf.dir/Drivers/STM32H7xx_HAL_Driver/Src/stm32h7xx_hal_pcd.c.obj
                0x080053f4                HAL_PCD_EP_SetStall
 .text.HAL_PCD_EP_ClrStall
                0x0800547c       0x76 CMakeFiles/MI60.elf.dir/Drivers/STM32H7xx_HAL_Driver/Src/stm32h7xx_hal_pcd.c.obj
                0x0800547c                HAL_PCD_EP_ClrStall
 .text.HAL_PCD_EP_Abort
                0x080054f2       0x34 CMakeFiles/MI60.elf.dir/Drivers/STM32H7xx_HAL_Driver/Src/stm32h7xx_hal_pcd.c.obj
                0x080054f2                HAL_PCD_EP_Abort
 .text.HAL_PCD_IRQHandler
                0x08005526      0x606 CMakeFiles/MI60.elf.dir/Drivers/STM32H7xx_HAL_Driver/Src/stm32h7xx_hal_pcd.c.obj
                0x08005526                HAL_PCD_IRQHandler
 .text.HAL_PCDEx_SetTxFiFo
                0x08005b2c       0x4a CMakeFiles/MI60.elf.dir/Drivers/STM32H7xx_HAL_Driver/Src/stm32h7xx_hal_pcd_ex.c.obj
                0x08005b2c                HAL_PCDEx_SetTxFiFo
 .text.HAL_PCDEx_SetRxFiFo
                0x08005b76        0x8 CMakeFiles/MI60.elf.dir/Drivers/STM32H7xx_HAL_Driver/Src/stm32h7xx_hal_pcd_ex.c.obj
                0x08005b76                HAL_PCDEx_SetRxFiFo
 *fill*         0x08005b7e        0x2 
 .text.HAL_PCDEx_ActivateLPM
                0x08005b80       0x28 CMakeFiles/MI60.elf.dir/Drivers/STM32H7xx_HAL_Driver/Src/stm32h7xx_hal_pcd_ex.c.obj
                0x08005b80                HAL_PCDEx_ActivateLPM
 .text.HAL_PCDEx_LPM_Callback
                0x08005ba8        0x2 CMakeFiles/MI60.elf.dir/Drivers/STM32H7xx_HAL_Driver/Src/stm32h7xx_hal_pcd_ex.c.obj
                0x08005ba8                HAL_PCDEx_LPM_Callback
 *fill*         0x08005baa        0x2 
 .text.HAL_PWREx_ConfigSupply
                0x08005bac       0x54 CMakeFiles/MI60.elf.dir/Drivers/STM32H7xx_HAL_Driver/Src/stm32h7xx_hal_pwr_ex.c.obj
                0x08005bac                HAL_PWREx_ConfigSupply
 .text.HAL_PWREx_EnableUSBVoltageDetector
                0x08005c00       0x10 CMakeFiles/MI60.elf.dir/Drivers/STM32H7xx_HAL_Driver/Src/stm32h7xx_hal_pwr_ex.c.obj
                0x08005c00                HAL_PWREx_EnableUSBVoltageDetector
 .text.HAL_RCC_OscConfig
                0x08005c10      0x6b4 CMakeFiles/MI60.elf.dir/Drivers/STM32H7xx_HAL_Driver/Src/stm32h7xx_hal_rcc.c.obj
                0x08005c10                HAL_RCC_OscConfig
 .text.HAL_RCC_GetSysClockFreq
                0x080062c4      0x218 CMakeFiles/MI60.elf.dir/Drivers/STM32H7xx_HAL_Driver/Src/stm32h7xx_hal_rcc.c.obj
                0x080062c4                HAL_RCC_GetSysClockFreq
 .text.HAL_RCC_ClockConfig
                0x080064dc      0x294 CMakeFiles/MI60.elf.dir/Drivers/STM32H7xx_HAL_Driver/Src/stm32h7xx_hal_rcc.c.obj
                0x080064dc                HAL_RCC_ClockConfig
 .text.HAL_RCC_GetHCLKFreq
                0x08006770       0x44 CMakeFiles/MI60.elf.dir/Drivers/STM32H7xx_HAL_Driver/Src/stm32h7xx_hal_rcc.c.obj
                0x08006770                HAL_RCC_GetHCLKFreq
 .text.HAL_RCC_GetPCLK1Freq
                0x080067b4       0x24 CMakeFiles/MI60.elf.dir/Drivers/STM32H7xx_HAL_Driver/Src/stm32h7xx_hal_rcc.c.obj
                0x080067b4                HAL_RCC_GetPCLK1Freq
 .text.HAL_RCC_GetPCLK2Freq
                0x080067d8       0x24 CMakeFiles/MI60.elf.dir/Drivers/STM32H7xx_HAL_Driver/Src/stm32h7xx_hal_rcc.c.obj
                0x080067d8                HAL_RCC_GetPCLK2Freq
 .text.RCCEx_PLL2_Config
                0x080067fc      0x10c CMakeFiles/MI60.elf.dir/Drivers/STM32H7xx_HAL_Driver/Src/stm32h7xx_hal_rcc_ex.c.obj
 .text.RCCEx_PLL3_Config
                0x08006908      0x10c CMakeFiles/MI60.elf.dir/Drivers/STM32H7xx_HAL_Driver/Src/stm32h7xx_hal_rcc_ex.c.obj
 .text.HAL_RCCEx_PeriphCLKConfig
                0x08006a14      0xa8c CMakeFiles/MI60.elf.dir/Drivers/STM32H7xx_HAL_Driver/Src/stm32h7xx_hal_rcc_ex.c.obj
                0x08006a14                HAL_RCCEx_PeriphCLKConfig
 .text.HAL_RCCEx_GetD3PCLK1Freq
                0x080074a0       0x24 CMakeFiles/MI60.elf.dir/Drivers/STM32H7xx_HAL_Driver/Src/stm32h7xx_hal_rcc_ex.c.obj
                0x080074a0                HAL_RCCEx_GetD3PCLK1Freq
 .text.HAL_RCCEx_GetPLL2ClockFreq
                0x080074c4      0x234 CMakeFiles/MI60.elf.dir/Drivers/STM32H7xx_HAL_Driver/Src/stm32h7xx_hal_rcc_ex.c.obj
                0x080074c4                HAL_RCCEx_GetPLL2ClockFreq
 .text.HAL_RCCEx_GetPLL3ClockFreq
                0x080076f8      0x234 CMakeFiles/MI60.elf.dir/Drivers/STM32H7xx_HAL_Driver/Src/stm32h7xx_hal_rcc_ex.c.obj
                0x080076f8                HAL_RCCEx_GetPLL3ClockFreq
 .text.HAL_RCCEx_GetPLL1ClockFreq
                0x0800792c      0x234 CMakeFiles/MI60.elf.dir/Drivers/STM32H7xx_HAL_Driver/Src/stm32h7xx_hal_rcc_ex.c.obj
                0x0800792c                HAL_RCCEx_GetPLL1ClockFreq
 .text.HAL_RCCEx_GetPeriphCLKFreq
                0x08007b60      0x6d0 CMakeFiles/MI60.elf.dir/Drivers/STM32H7xx_HAL_Driver/Src/stm32h7xx_hal_rcc_ex.c.obj
                0x08007b60                HAL_RCCEx_GetPeriphCLKFreq
 .text.SPI_CloseTransfer
                0x08008230       0xcc CMakeFiles/MI60.elf.dir/Drivers/STM32H7xx_HAL_Driver/Src/stm32h7xx_hal_spi.c.obj
 .text.SPI_GetPacketSize
                0x080082fc       0x10 CMakeFiles/MI60.elf.dir/Drivers/STM32H7xx_HAL_Driver/Src/stm32h7xx_hal_spi.c.obj
 .text.SPI_WaitOnFlagUntilTimeout
                0x0800830c       0x48 CMakeFiles/MI60.elf.dir/Drivers/STM32H7xx_HAL_Driver/Src/stm32h7xx_hal_spi.c.obj
 .text.HAL_SPI_Init
                0x08008354      0x190 CMakeFiles/MI60.elf.dir/Drivers/STM32H7xx_HAL_Driver/Src/stm32h7xx_hal_spi.c.obj
                0x08008354                HAL_SPI_Init
 .text.HAL_SPI_Receive
                0x080084e4      0x22c CMakeFiles/MI60.elf.dir/Drivers/STM32H7xx_HAL_Driver/Src/stm32h7xx_hal_spi.c.obj
                0x080084e4                HAL_SPI_Receive
 .text.HAL_SPI_TransmitReceive
                0x08008710      0x314 CMakeFiles/MI60.elf.dir/Drivers/STM32H7xx_HAL_Driver/Src/stm32h7xx_hal_spi.c.obj
                0x08008710                HAL_SPI_TransmitReceive
 .text.HAL_SPI_RxCpltCallback
                0x08008a24        0x2 CMakeFiles/MI60.elf.dir/Drivers/STM32H7xx_HAL_Driver/Src/stm32h7xx_hal_spi.c.obj
                0x08008a24                HAL_SPI_RxCpltCallback
 .text.HAL_SPI_TxRxCpltCallback
                0x08008a26        0x2 CMakeFiles/MI60.elf.dir/Drivers/STM32H7xx_HAL_Driver/Src/stm32h7xx_hal_spi.c.obj
                0x08008a26                HAL_SPI_TxRxCpltCallback
 .text.HAL_SPI_ErrorCallback
                0x08008a28        0x2 CMakeFiles/MI60.elf.dir/Drivers/STM32H7xx_HAL_Driver/Src/stm32h7xx_hal_spi.c.obj
                0x08008a28                HAL_SPI_ErrorCallback
 .text.SPI_DMAAbortOnError
                0x08008a2a       0x1a CMakeFiles/MI60.elf.dir/Drivers/STM32H7xx_HAL_Driver/Src/stm32h7xx_hal_spi.c.obj
 .text.HAL_SPI_SuspendCallback
                0x08008a44        0x2 CMakeFiles/MI60.elf.dir/Drivers/STM32H7xx_HAL_Driver/Src/stm32h7xx_hal_spi.c.obj
                0x08008a44                HAL_SPI_SuspendCallback
 *fill*         0x08008a46        0x2 
 .text.HAL_SPI_IRQHandler
                0x08008a48      0x240 CMakeFiles/MI60.elf.dir/Drivers/STM32H7xx_HAL_Driver/Src/stm32h7xx_hal_spi.c.obj
                0x08008a48                HAL_SPI_IRQHandler
 .text.TIM_TI1_ConfigInputStage
                0x08008c88       0x24 CMakeFiles/MI60.elf.dir/Drivers/STM32H7xx_HAL_Driver/Src/stm32h7xx_hal_tim.c.obj
 .text.TIM_TI2_ConfigInputStage
                0x08008cac       0x26 CMakeFiles/MI60.elf.dir/Drivers/STM32H7xx_HAL_Driver/Src/stm32h7xx_hal_tim.c.obj
 *fill*         0x08008cd2        0x2 
 .text.TIM_ITRx_SetConfig
                0x08008cd4       0x14 CMakeFiles/MI60.elf.dir/Drivers/STM32H7xx_HAL_Driver/Src/stm32h7xx_hal_tim.c.obj
 .text.HAL_TIM_Base_Start_IT
                0x08008ce8       0x90 CMakeFiles/MI60.elf.dir/Drivers/STM32H7xx_HAL_Driver/Src/stm32h7xx_hal_tim.c.obj
                0x08008ce8                HAL_TIM_Base_Start_IT
 .text.HAL_TIM_PeriodElapsedCallback
                0x08008d78        0x2 CMakeFiles/MI60.elf.dir/Drivers/STM32H7xx_HAL_Driver/Src/stm32h7xx_hal_tim.c.obj
                0x08008d78                HAL_TIM_PeriodElapsedCallback
 .text.HAL_TIM_OC_DelayElapsedCallback
                0x08008d7a        0x2 CMakeFiles/MI60.elf.dir/Drivers/STM32H7xx_HAL_Driver/Src/stm32h7xx_hal_tim.c.obj
                0x08008d7a                HAL_TIM_OC_DelayElapsedCallback
 .text.HAL_TIM_IC_CaptureCallback
                0x08008d7c        0x2 CMakeFiles/MI60.elf.dir/Drivers/STM32H7xx_HAL_Driver/Src/stm32h7xx_hal_tim.c.obj
                0x08008d7c                HAL_TIM_IC_CaptureCallback
 .text.HAL_TIM_PWM_PulseFinishedCallback
                0x08008d7e        0x2 CMakeFiles/MI60.elf.dir/Drivers/STM32H7xx_HAL_Driver/Src/stm32h7xx_hal_tim.c.obj
                0x08008d7e                HAL_TIM_PWM_PulseFinishedCallback
 .text.HAL_TIM_TriggerCallback
                0x08008d80        0x2 CMakeFiles/MI60.elf.dir/Drivers/STM32H7xx_HAL_Driver/Src/stm32h7xx_hal_tim.c.obj
                0x08008d80                HAL_TIM_TriggerCallback
 .text.HAL_TIM_IRQHandler
                0x08008d82      0x19a CMakeFiles/MI60.elf.dir/Drivers/STM32H7xx_HAL_Driver/Src/stm32h7xx_hal_tim.c.obj
                0x08008d82                HAL_TIM_IRQHandler
 .text.TIM_Base_SetConfig
                0x08008f1c      0x104 CMakeFiles/MI60.elf.dir/Drivers/STM32H7xx_HAL_Driver/Src/stm32h7xx_hal_tim.c.obj
                0x08008f1c                TIM_Base_SetConfig
 .text.HAL_TIM_Base_Init
                0x08009020       0x60 CMakeFiles/MI60.elf.dir/Drivers/STM32H7xx_HAL_Driver/Src/stm32h7xx_hal_tim.c.obj
                0x08009020                HAL_TIM_Base_Init
 .text.TIM_ETR_SetConfig
                0x08009080       0x18 CMakeFiles/MI60.elf.dir/Drivers/STM32H7xx_HAL_Driver/Src/stm32h7xx_hal_tim.c.obj
                0x08009080                TIM_ETR_SetConfig
 .text.HAL_TIM_ConfigClockSource
                0x08009098      0x138 CMakeFiles/MI60.elf.dir/Drivers/STM32H7xx_HAL_Driver/Src/stm32h7xx_hal_tim.c.obj
                0x08009098                HAL_TIM_ConfigClockSource
 .text.HAL_TIMEx_MasterConfigSynchronization
                0x080091d0       0xa0 CMakeFiles/MI60.elf.dir/Drivers/STM32H7xx_HAL_Driver/Src/stm32h7xx_hal_tim_ex.c.obj
                0x080091d0                HAL_TIMEx_MasterConfigSynchronization
 .text.HAL_TIMEx_CommutCallback
                0x08009270        0x2 CMakeFiles/MI60.elf.dir/Drivers/STM32H7xx_HAL_Driver/Src/stm32h7xx_hal_tim_ex.c.obj
                0x08009270                HAL_TIMEx_CommutCallback
 .text.HAL_TIMEx_BreakCallback
                0x08009272        0x2 CMakeFiles/MI60.elf.dir/Drivers/STM32H7xx_HAL_Driver/Src/stm32h7xx_hal_tim_ex.c.obj
                0x08009272                HAL_TIMEx_BreakCallback
 .text.HAL_TIMEx_Break2Callback
                0x08009274        0x2 CMakeFiles/MI60.elf.dir/Drivers/STM32H7xx_HAL_Driver/Src/stm32h7xx_hal_tim_ex.c.obj
                0x08009274                HAL_TIMEx_Break2Callback
 *fill*         0x08009276        0x2 
 .text.UART_EndRxTransfer
                0x08009278       0x58 CMakeFiles/MI60.elf.dir/Drivers/STM32H7xx_HAL_Driver/Src/stm32h7xx_hal_uart.c.obj
 .text.UART_SetConfig
                0x080092d0      0x5f4 CMakeFiles/MI60.elf.dir/Drivers/STM32H7xx_HAL_Driver/Src/stm32h7xx_hal_uart.c.obj
                0x080092d0                UART_SetConfig
 .text.UART_AdvFeatureConfig
                0x080098c4       0xca CMakeFiles/MI60.elf.dir/Drivers/STM32H7xx_HAL_Driver/Src/stm32h7xx_hal_uart.c.obj
                0x080098c4                UART_AdvFeatureConfig
 .text.UART_WaitOnFlagUntilTimeout
                0x0800998e       0x96 CMakeFiles/MI60.elf.dir/Drivers/STM32H7xx_HAL_Driver/Src/stm32h7xx_hal_uart.c.obj
                0x0800998e                UART_WaitOnFlagUntilTimeout
 .text.HAL_UART_Transmit
                0x08009a24       0xd0 CMakeFiles/MI60.elf.dir/Drivers/STM32H7xx_HAL_Driver/Src/stm32h7xx_hal_uart.c.obj
                0x08009a24                HAL_UART_Transmit
 .text.UART_CheckIdleState
                0x08009af4       0xca CMakeFiles/MI60.elf.dir/Drivers/STM32H7xx_HAL_Driver/Src/stm32h7xx_hal_uart.c.obj
                0x08009af4                UART_CheckIdleState
 .text.HAL_UART_Init
                0x08009bbe       0x66 CMakeFiles/MI60.elf.dir/Drivers/STM32H7xx_HAL_Driver/Src/stm32h7xx_hal_uart.c.obj
                0x08009bbe                HAL_UART_Init
 .text.UARTEx_SetNbDataToProcess
                0x08009c24       0x4c CMakeFiles/MI60.elf.dir/Drivers/STM32H7xx_HAL_Driver/Src/stm32h7xx_hal_uart_ex.c.obj
 .text.HAL_UARTEx_DisableFifoMode
                0x08009c70       0x3e CMakeFiles/MI60.elf.dir/Drivers/STM32H7xx_HAL_Driver/Src/stm32h7xx_hal_uart_ex.c.obj
                0x08009c70                HAL_UARTEx_DisableFifoMode
 .text.HAL_UARTEx_SetTxFifoThreshold
                0x08009cae       0x4a CMakeFiles/MI60.elf.dir/Drivers/STM32H7xx_HAL_Driver/Src/stm32h7xx_hal_uart_ex.c.obj
                0x08009cae                HAL_UARTEx_SetTxFifoThreshold
 .text.HAL_UARTEx_SetRxFifoThreshold
                0x08009cf8       0x4a CMakeFiles/MI60.elf.dir/Drivers/STM32H7xx_HAL_Driver/Src/stm32h7xx_hal_uart_ex.c.obj
                0x08009cf8                HAL_UARTEx_SetRxFifoThreshold
 *fill*         0x08009d42        0x2 
 .text.USB_CoreReset
                0x08009d44       0x50 CMakeFiles/MI60.elf.dir/Drivers/STM32H7xx_HAL_Driver/Src/stm32h7xx_ll_usb.c.obj
 .text.USB_CoreInit
                0x08009d94       0x9c CMakeFiles/MI60.elf.dir/Drivers/STM32H7xx_HAL_Driver/Src/stm32h7xx_ll_usb.c.obj
                0x08009d94                USB_CoreInit
 .text.USB_SetTurnaroundTime
                0x08009e30       0xe4 CMakeFiles/MI60.elf.dir/Drivers/STM32H7xx_HAL_Driver/Src/stm32h7xx_ll_usb.c.obj
                0x08009e30                USB_SetTurnaroundTime
 .text.USB_EnableGlobalInt
                0x08009f14        0xc CMakeFiles/MI60.elf.dir/Drivers/STM32H7xx_HAL_Driver/Src/stm32h7xx_ll_usb.c.obj
                0x08009f14                USB_EnableGlobalInt
 .text.USB_DisableGlobalInt
                0x08009f20        0xc CMakeFiles/MI60.elf.dir/Drivers/STM32H7xx_HAL_Driver/Src/stm32h7xx_ll_usb.c.obj
                0x08009f20                USB_DisableGlobalInt
 .text.USB_FlushTxFifo
                0x08009f2c       0x50 CMakeFiles/MI60.elf.dir/Drivers/STM32H7xx_HAL_Driver/Src/stm32h7xx_ll_usb.c.obj
                0x08009f2c                USB_FlushTxFifo
 .text.USB_FlushRxFifo
                0x08009f7c       0x4c CMakeFiles/MI60.elf.dir/Drivers/STM32H7xx_HAL_Driver/Src/stm32h7xx_ll_usb.c.obj
                0x08009f7c                USB_FlushRxFifo
 .text.USB_SetDevSpeed
                0x08009fc8        0xe CMakeFiles/MI60.elf.dir/Drivers/STM32H7xx_HAL_Driver/Src/stm32h7xx_ll_usb.c.obj
                0x08009fc8                USB_SetDevSpeed
 *fill*         0x08009fd6        0x2 
 .text.USB_DevInit
                0x08009fd8      0x188 CMakeFiles/MI60.elf.dir/Drivers/STM32H7xx_HAL_Driver/Src/stm32h7xx_ll_usb.c.obj
                0x08009fd8                USB_DevInit
 .text.USB_GetDevSpeed
                0x0800a160       0x1e CMakeFiles/MI60.elf.dir/Drivers/STM32H7xx_HAL_Driver/Src/stm32h7xx_ll_usb.c.obj
                0x0800a160                USB_GetDevSpeed
 *fill*         0x0800a17e        0x2 
 .text.USB_ActivateEndpoint
                0x0800a180       0x98 CMakeFiles/MI60.elf.dir/Drivers/STM32H7xx_HAL_Driver/Src/stm32h7xx_ll_usb.c.obj
                0x0800a180                USB_ActivateEndpoint
 .text.USB_DeactivateEndpoint
                0x0800a218       0xe0 CMakeFiles/MI60.elf.dir/Drivers/STM32H7xx_HAL_Driver/Src/stm32h7xx_ll_usb.c.obj
                0x0800a218                USB_DeactivateEndpoint
 .text.USB_EPStopXfer
                0x0800a2f8       0xbc CMakeFiles/MI60.elf.dir/Drivers/STM32H7xx_HAL_Driver/Src/stm32h7xx_ll_usb.c.obj
                0x0800a2f8                USB_EPStopXfer
 .text.USB_WritePacket
                0x0800a3b4       0x2e CMakeFiles/MI60.elf.dir/Drivers/STM32H7xx_HAL_Driver/Src/stm32h7xx_ll_usb.c.obj
                0x0800a3b4                USB_WritePacket
 *fill*         0x0800a3e2        0x2 
 .text.USB_EPStartXfer
                0x0800a3e4      0x23c CMakeFiles/MI60.elf.dir/Drivers/STM32H7xx_HAL_Driver/Src/stm32h7xx_ll_usb.c.obj
                0x0800a3e4                USB_EPStartXfer
 .text.USB_ReadPacket
                0x0800a620       0x46 CMakeFiles/MI60.elf.dir/Drivers/STM32H7xx_HAL_Driver/Src/stm32h7xx_ll_usb.c.obj
                0x0800a620                USB_ReadPacket
 .text.USB_EPSetStall
                0x0800a666       0x5a CMakeFiles/MI60.elf.dir/Drivers/STM32H7xx_HAL_Driver/Src/stm32h7xx_ll_usb.c.obj
                0x0800a666                USB_EPSetStall
 .text.USB_EPClearStall
                0x0800a6c0       0x5c CMakeFiles/MI60.elf.dir/Drivers/STM32H7xx_HAL_Driver/Src/stm32h7xx_ll_usb.c.obj
                0x0800a6c0                USB_EPClearStall
 .text.USB_SetDevAddress
                0x0800a71c       0x20 CMakeFiles/MI60.elf.dir/Drivers/STM32H7xx_HAL_Driver/Src/stm32h7xx_ll_usb.c.obj
                0x0800a71c                USB_SetDevAddress
 .text.USB_DevConnect
                0x0800a73c       0x1c CMakeFiles/MI60.elf.dir/Drivers/STM32H7xx_HAL_Driver/Src/stm32h7xx_ll_usb.c.obj
                0x0800a73c                USB_DevConnect
 .text.USB_DevDisconnect
                0x0800a758       0x1c CMakeFiles/MI60.elf.dir/Drivers/STM32H7xx_HAL_Driver/Src/stm32h7xx_ll_usb.c.obj
                0x0800a758                USB_DevDisconnect
 .text.USB_ReadInterrupts
                0x0800a774        0x8 CMakeFiles/MI60.elf.dir/Drivers/STM32H7xx_HAL_Driver/Src/stm32h7xx_ll_usb.c.obj
                0x0800a774                USB_ReadInterrupts
 .text.USB_ReadDevAllOutEpInterrupt
                0x0800a77c       0x10 CMakeFiles/MI60.elf.dir/Drivers/STM32H7xx_HAL_Driver/Src/stm32h7xx_ll_usb.c.obj
                0x0800a77c                USB_ReadDevAllOutEpInterrupt
 .text.USB_ReadDevAllInEpInterrupt
                0x0800a78c       0x10 CMakeFiles/MI60.elf.dir/Drivers/STM32H7xx_HAL_Driver/Src/stm32h7xx_ll_usb.c.obj
                0x0800a78c                USB_ReadDevAllInEpInterrupt
 .text.USB_ReadDevOutEPInterrupt
                0x0800a79c       0x12 CMakeFiles/MI60.elf.dir/Drivers/STM32H7xx_HAL_Driver/Src/stm32h7xx_ll_usb.c.obj
                0x0800a79c                USB_ReadDevOutEPInterrupt
 .text.USB_ReadDevInEPInterrupt
                0x0800a7ae       0x24 CMakeFiles/MI60.elf.dir/Drivers/STM32H7xx_HAL_Driver/Src/stm32h7xx_ll_usb.c.obj
                0x0800a7ae                USB_ReadDevInEPInterrupt
 .text.USB_GetMode
                0x0800a7d2        0x8 CMakeFiles/MI60.elf.dir/Drivers/STM32H7xx_HAL_Driver/Src/stm32h7xx_ll_usb.c.obj
                0x0800a7d2                USB_GetMode
 .text.USB_SetCurrentMode
                0x0800a7da       0x62 CMakeFiles/MI60.elf.dir/Drivers/STM32H7xx_HAL_Driver/Src/stm32h7xx_ll_usb.c.obj
                0x0800a7da                USB_SetCurrentMode
 .text.USB_ActivateSetup
                0x0800a83c       0x20 CMakeFiles/MI60.elf.dir/Drivers/STM32H7xx_HAL_Driver/Src/stm32h7xx_ll_usb.c.obj
                0x0800a83c                USB_ActivateSetup
 .text.USB_EP0_OutStart
                0x0800a85c       0x5c CMakeFiles/MI60.elf.dir/Drivers/STM32H7xx_HAL_Driver/Src/stm32h7xx_ll_usb.c.obj
                0x0800a85c                USB_EP0_OutStart
 .text._ZN2MI13ScanAndUpdateEv
                0x0800a8b8      0x1c0 CMakeFiles/MI60.elf.dir/MI/mi.cpp.obj
                0x0800a8b8                MI::ScanAndUpdate()
 .text._ZN2MI9CalibrateEPNS_10ScanConfigE
                0x0800aa78      0x118 CMakeFiles/MI60.elf.dir/MI/mi.cpp.obj
                0x0800aa78                MI::Calibrate(MI::ScanConfig*)
 .text._ZN2MI5PressENS_9KeyCode_tE
                0x0800ab90       0x50 CMakeFiles/MI60.elf.dir/MI/mi.cpp.obj
                0x0800ab90                MI::Press(MI::KeyCode_t)
 .text._ZN2MI11PostProcessEv
                0x0800abe0       0x4a CMakeFiles/MI60.elf.dir/MI/mi.cpp.obj
                0x0800abe0                MI::PostProcess()
 .text._ZN2MI18GetHidReportBufferEh
                0x0800ac2a       0x26 CMakeFiles/MI60.elf.dir/MI/mi.cpp.obj
                0x0800ac2a                MI::GetHidReportBuffer(unsigned char)
 .text.USBD_CUSTOM_HID_DataIn
                0x0800ac50       0x12 CMakeFiles/MI60.elf.dir/Middlewares/ST/STM32_USB_Device_Library/Class/CustomHID/Src/usbd_customhid.c.obj
 .text.USBD_CUSTOM_HID_DataOut
                0x0800ac62       0x28 CMakeFiles/MI60.elf.dir/Middlewares/ST/STM32_USB_Device_Library/Class/CustomHID/Src/usbd_customhid.c.obj
 .text.USBD_CUSTOM_HID_EP0_RxReady
                0x0800ac8a       0x34 CMakeFiles/MI60.elf.dir/Middlewares/ST/STM32_USB_Device_Library/Class/CustomHID/Src/usbd_customhid.c.obj
 *fill*         0x0800acbe        0x2 
 .text.USBD_CUSTOM_HID_GetDeviceQualifierDesc
                0x0800acc0        0xc CMakeFiles/MI60.elf.dir/Middlewares/ST/STM32_USB_Device_Library/Class/CustomHID/Src/usbd_customhid.c.obj
 .text.USBD_CUSTOM_HID_GetOtherSpeedCfgDesc
                0x0800accc       0x40 CMakeFiles/MI60.elf.dir/Middlewares/ST/STM32_USB_Device_Library/Class/CustomHID/Src/usbd_customhid.c.obj
 .text.USBD_CUSTOM_HID_GetFSCfgDesc
                0x0800ad0c       0x40 CMakeFiles/MI60.elf.dir/Middlewares/ST/STM32_USB_Device_Library/Class/CustomHID/Src/usbd_customhid.c.obj
 .text.USBD_CUSTOM_HID_GetHSCfgDesc
                0x0800ad4c       0x40 CMakeFiles/MI60.elf.dir/Middlewares/ST/STM32_USB_Device_Library/Class/CustomHID/Src/usbd_customhid.c.obj
 .text.USBD_CUSTOM_HID_Setup
                0x0800ad8c      0x14c CMakeFiles/MI60.elf.dir/Middlewares/ST/STM32_USB_Device_Library/Class/CustomHID/Src/usbd_customhid.c.obj
 .text.USBD_CUSTOM_HID_DeInit
                0x0800aed8       0x5a CMakeFiles/MI60.elf.dir/Middlewares/ST/STM32_USB_Device_Library/Class/CustomHID/Src/usbd_customhid.c.obj
 .text.USBD_CUSTOM_HID_Init
                0x0800af32       0x88 CMakeFiles/MI60.elf.dir/Middlewares/ST/STM32_USB_Device_Library/Class/CustomHID/Src/usbd_customhid.c.obj
 .text.USBD_CUSTOM_HID_SendReport
                0x0800afba       0x46 CMakeFiles/MI60.elf.dir/Middlewares/ST/STM32_USB_Device_Library/Class/CustomHID/Src/usbd_customhid.c.obj
                0x0800afba                USBD_CUSTOM_HID_SendReport
 .text.USBD_CUSTOM_HID_ReceivePacket
                0x0800b000       0x1e CMakeFiles/MI60.elf.dir/Middlewares/ST/STM32_USB_Device_Library/Class/CustomHID/Src/usbd_customhid.c.obj
                0x0800b000                USBD_CUSTOM_HID_ReceivePacket
 .text.USBD_CUSTOM_HID_RegisterInterface
                0x0800b01e       0x16 CMakeFiles/MI60.elf.dir/Middlewares/ST/STM32_USB_Device_Library/Class/CustomHID/Src/usbd_customhid.c.obj
                0x0800b01e                USBD_CUSTOM_HID_RegisterInterface
 .text.USBD_Init
                0x0800b034       0x2e CMakeFiles/MI60.elf.dir/Middlewares/ST/STM32_USB_Device_Library/Core/Src/usbd_core.c.obj
                0x0800b034                USBD_Init
 .text.USBD_RegisterClass
                0x0800b062       0x34 CMakeFiles/MI60.elf.dir/Middlewares/ST/STM32_USB_Device_Library/Core/Src/usbd_core.c.obj
                0x0800b062                USBD_RegisterClass
 .text.USBD_Start
                0x0800b096        0x8 CMakeFiles/MI60.elf.dir/Middlewares/ST/STM32_USB_Device_Library/Core/Src/usbd_core.c.obj
                0x0800b096                USBD_Start
 .text.USBD_SetClassConfig
                0x0800b09e       0x12 CMakeFiles/MI60.elf.dir/Middlewares/ST/STM32_USB_Device_Library/Core/Src/usbd_core.c.obj
                0x0800b09e                USBD_SetClassConfig
 .text.USBD_ClrClassConfig
                0x0800b0b0       0x12 CMakeFiles/MI60.elf.dir/Middlewares/ST/STM32_USB_Device_Library/Core/Src/usbd_core.c.obj
                0x0800b0b0                USBD_ClrClassConfig
 .text.USBD_LL_SetupStage
                0x0800b0c2       0x58 CMakeFiles/MI60.elf.dir/Middlewares/ST/STM32_USB_Device_Library/Core/Src/usbd_core.c.obj
                0x0800b0c2                USBD_LL_SetupStage
 .text.USBD_LL_Reset
                0x0800b11a       0x64 CMakeFiles/MI60.elf.dir/Middlewares/ST/STM32_USB_Device_Library/Core/Src/usbd_core.c.obj
                0x0800b11a                USBD_LL_Reset
 .text.USBD_LL_SetSpeed
                0x0800b17e        0x6 CMakeFiles/MI60.elf.dir/Middlewares/ST/STM32_USB_Device_Library/Core/Src/usbd_core.c.obj
                0x0800b17e                USBD_LL_SetSpeed
 .text.USBD_LL_Suspend
                0x0800b184       0x1e CMakeFiles/MI60.elf.dir/Middlewares/ST/STM32_USB_Device_Library/Core/Src/usbd_core.c.obj
                0x0800b184                USBD_LL_Suspend
 .text.USBD_LL_Resume
                0x0800b1a2       0x1a CMakeFiles/MI60.elf.dir/Middlewares/ST/STM32_USB_Device_Library/Core/Src/usbd_core.c.obj
                0x0800b1a2                USBD_LL_Resume
 .text.USBD_LL_SOF
                0x0800b1bc       0x22 CMakeFiles/MI60.elf.dir/Middlewares/ST/STM32_USB_Device_Library/Core/Src/usbd_core.c.obj
                0x0800b1bc                USBD_LL_SOF
 .text.USBD_LL_IsoINIncomplete
                0x0800b1de       0x2e CMakeFiles/MI60.elf.dir/Middlewares/ST/STM32_USB_Device_Library/Core/Src/usbd_core.c.obj
                0x0800b1de                USBD_LL_IsoINIncomplete
 .text.USBD_LL_IsoOUTIncomplete
                0x0800b20c       0x2e CMakeFiles/MI60.elf.dir/Middlewares/ST/STM32_USB_Device_Library/Core/Src/usbd_core.c.obj
                0x0800b20c                USBD_LL_IsoOUTIncomplete
 .text.USBD_LL_DevConnected
                0x0800b23a        0x4 CMakeFiles/MI60.elf.dir/Middlewares/ST/STM32_USB_Device_Library/Core/Src/usbd_core.c.obj
                0x0800b23a                USBD_LL_DevConnected
 .text.USBD_LL_DevDisconnected
                0x0800b23e       0x20 CMakeFiles/MI60.elf.dir/Middlewares/ST/STM32_USB_Device_Library/Core/Src/usbd_core.c.obj
                0x0800b23e                USBD_LL_DevDisconnected
 .text.USBD_CoreFindIF
                0x0800b25e        0x4 CMakeFiles/MI60.elf.dir/Middlewares/ST/STM32_USB_Device_Library/Core/Src/usbd_core.c.obj
                0x0800b25e                USBD_CoreFindIF
 .text.USBD_CoreFindEP
                0x0800b262        0x4 CMakeFiles/MI60.elf.dir/Middlewares/ST/STM32_USB_Device_Library/Core/Src/usbd_core.c.obj
                0x0800b262                USBD_CoreFindEP
 .text.USBD_LL_DataOutStage
                0x0800b266       0xc6 CMakeFiles/MI60.elf.dir/Middlewares/ST/STM32_USB_Device_Library/Core/Src/usbd_core.c.obj
                0x0800b266                USBD_LL_DataOutStage
 .text.USBD_LL_DataInStage
                0x0800b32c       0xd6 CMakeFiles/MI60.elf.dir/Middlewares/ST/STM32_USB_Device_Library/Core/Src/usbd_core.c.obj
                0x0800b32c                USBD_LL_DataInStage
 .text.USBD_GetNextDesc
                0x0800b402        0xe CMakeFiles/MI60.elf.dir/Middlewares/ST/STM32_USB_Device_Library/Core/Src/usbd_core.c.obj
                0x0800b402                USBD_GetNextDesc
 .text.USBD_GetEpDesc
                0x0800b410       0x3e CMakeFiles/MI60.elf.dir/Middlewares/ST/STM32_USB_Device_Library/Core/Src/usbd_core.c.obj
                0x0800b410                USBD_GetEpDesc
 .text.USBD_GetLen
                0x0800b44e       0x14 CMakeFiles/MI60.elf.dir/Middlewares/ST/STM32_USB_Device_Library/Core/Src/usbd_ctlreq.c.obj
 .text.USBD_ParseSetupRequest
                0x0800b462       0x28 CMakeFiles/MI60.elf.dir/Middlewares/ST/STM32_USB_Device_Library/Core/Src/usbd_ctlreq.c.obj
                0x0800b462                USBD_ParseSetupRequest
 .text.USBD_CtlError
                0x0800b48a       0x14 CMakeFiles/MI60.elf.dir/Middlewares/ST/STM32_USB_Device_Library/Core/Src/usbd_ctlreq.c.obj
                0x0800b48a                USBD_CtlError
 .text.USBD_GetDescriptor
                0x0800b49e      0x18a CMakeFiles/MI60.elf.dir/Middlewares/ST/STM32_USB_Device_Library/Core/Src/usbd_ctlreq.c.obj
 .text.USBD_SetAddress
                0x0800b628       0x50 CMakeFiles/MI60.elf.dir/Middlewares/ST/STM32_USB_Device_Library/Core/Src/usbd_ctlreq.c.obj
 .text.USBD_SetConfig
                0x0800b678       0xcc CMakeFiles/MI60.elf.dir/Middlewares/ST/STM32_USB_Device_Library/Core/Src/usbd_ctlreq.c.obj
 .text.USBD_GetConfig
                0x0800b744       0x40 CMakeFiles/MI60.elf.dir/Middlewares/ST/STM32_USB_Device_Library/Core/Src/usbd_ctlreq.c.obj
 .text.USBD_GetStatus
                0x0800b784       0x38 CMakeFiles/MI60.elf.dir/Middlewares/ST/STM32_USB_Device_Library/Core/Src/usbd_ctlreq.c.obj
 .text.USBD_SetFeature
                0x0800b7bc       0x2a CMakeFiles/MI60.elf.dir/Middlewares/ST/STM32_USB_Device_Library/Core/Src/usbd_ctlreq.c.obj
 .text.USBD_ClrFeature
                0x0800b7e6       0x26 CMakeFiles/MI60.elf.dir/Middlewares/ST/STM32_USB_Device_Library/Core/Src/usbd_ctlreq.c.obj
 .text.USBD_StdDevReq
                0x0800b80c       0x76 CMakeFiles/MI60.elf.dir/Middlewares/ST/STM32_USB_Device_Library/Core/Src/usbd_ctlreq.c.obj
                0x0800b80c                USBD_StdDevReq
 .text.USBD_StdItfReq
                0x0800b882       0x84 CMakeFiles/MI60.elf.dir/Middlewares/ST/STM32_USB_Device_Library/Core/Src/usbd_ctlreq.c.obj
                0x0800b882                USBD_StdItfReq
 .text.USBD_StdEPReq
                0x0800b906      0x232 CMakeFiles/MI60.elf.dir/Middlewares/ST/STM32_USB_Device_Library/Core/Src/usbd_ctlreq.c.obj
                0x0800b906                USBD_StdEPReq
 .text.USBD_GetString
                0x0800bb38       0x3a CMakeFiles/MI60.elf.dir/Middlewares/ST/STM32_USB_Device_Library/Core/Src/usbd_ctlreq.c.obj
                0x0800bb38                USBD_GetString
 .text.USBD_CtlSendData
                0x0800bb72       0x1a CMakeFiles/MI60.elf.dir/Middlewares/ST/STM32_USB_Device_Library/Core/Src/usbd_ioreq.c.obj
                0x0800bb72                USBD_CtlSendData
 .text.USBD_CtlContinueSendData
                0x0800bb8c       0x10 CMakeFiles/MI60.elf.dir/Middlewares/ST/STM32_USB_Device_Library/Core/Src/usbd_ioreq.c.obj
                0x0800bb8c                USBD_CtlContinueSendData
 .text.USBD_CtlPrepareRx
                0x0800bb9c       0x1e CMakeFiles/MI60.elf.dir/Middlewares/ST/STM32_USB_Device_Library/Core/Src/usbd_ioreq.c.obj
                0x0800bb9c                USBD_CtlPrepareRx
 .text.USBD_CtlContinueRx
                0x0800bbba       0x10 CMakeFiles/MI60.elf.dir/Middlewares/ST/STM32_USB_Device_Library/Core/Src/usbd_ioreq.c.obj
                0x0800bbba                USBD_CtlContinueRx
 .text.USBD_CtlSendStatus
                0x0800bbca       0x16 CMakeFiles/MI60.elf.dir/Middlewares/ST/STM32_USB_Device_Library/Core/Src/usbd_ioreq.c.obj
                0x0800bbca                USBD_CtlSendStatus
 .text.USBD_CtlReceiveStatus
                0x0800bbe0       0x16 CMakeFiles/MI60.elf.dir/Middlewares/ST/STM32_USB_Device_Library/Core/Src/usbd_ioreq.c.obj
                0x0800bbe0                USBD_CtlReceiveStatus
 *fill*         0x0800bbf6        0x2 
 .text.MX_USB_DEVICE_Init
                0x0800bbf8       0x58 CMakeFiles/MI60.elf.dir/USB_DEVICE/App/usb_device.c.obj
                0x0800bbf8                MX_USB_DEVICE_Init
 .text.CUSTOM_HID_Init_HS
                0x0800bc50        0x4 CMakeFiles/MI60.elf.dir/USB_DEVICE/App/usbd_custom_hid_if.c.obj
 .text.CUSTOM_HID_DeInit_HS
                0x0800bc54        0x4 CMakeFiles/MI60.elf.dir/USB_DEVICE/App/usbd_custom_hid_if.c.obj
 .text.CUSTOM_HID_OutEvent_HS
                0x0800bc58       0x18 CMakeFiles/MI60.elf.dir/USB_DEVICE/App/usbd_custom_hid_if.c.obj
 .text.USBD_HS_DeviceDescriptor
                0x0800bc70        0xc CMakeFiles/MI60.elf.dir/USB_DEVICE/App/usbd_desc.c.obj
                0x0800bc70                USBD_HS_DeviceDescriptor
 .text.USBD_HS_LangIDStrDescriptor
                0x0800bc7c        0xc CMakeFiles/MI60.elf.dir/USB_DEVICE/App/usbd_desc.c.obj
                0x0800bc7c                USBD_HS_LangIDStrDescriptor
 .text.IntToUnicode
                0x0800bc88       0x46 CMakeFiles/MI60.elf.dir/USB_DEVICE/App/usbd_desc.c.obj
 *fill*         0x0800bcce        0x2 
 .text.Get_SerialNum
                0x0800bcd0       0x38 CMakeFiles/MI60.elf.dir/USB_DEVICE/App/usbd_desc.c.obj
 .text.USBD_HS_SerialStrDescriptor
                0x0800bd08       0x14 CMakeFiles/MI60.elf.dir/USB_DEVICE/App/usbd_desc.c.obj
                0x0800bd08                USBD_HS_SerialStrDescriptor
 .text.USBD_HS_ProductStrDescriptor
                0x0800bd1c       0x24 CMakeFiles/MI60.elf.dir/USB_DEVICE/App/usbd_desc.c.obj
                0x0800bd1c                USBD_HS_ProductStrDescriptor
 .text.USBD_HS_ManufacturerStrDescriptor
                0x0800bd40       0x1c CMakeFiles/MI60.elf.dir/USB_DEVICE/App/usbd_desc.c.obj
                0x0800bd40                USBD_HS_ManufacturerStrDescriptor
 .text.USBD_HS_ConfigStrDescriptor
                0x0800bd5c       0x24 CMakeFiles/MI60.elf.dir/USB_DEVICE/App/usbd_desc.c.obj
                0x0800bd5c                USBD_HS_ConfigStrDescriptor
 .text.USBD_HS_InterfaceStrDescriptor
                0x0800bd80       0x24 CMakeFiles/MI60.elf.dir/USB_DEVICE/App/usbd_desc.c.obj
                0x0800bd80                USBD_HS_InterfaceStrDescriptor
 .text.HAL_PCD_MspInit
                0x0800bda4      0x194 CMakeFiles/MI60.elf.dir/USB_DEVICE/Target/usbd_conf.c.obj
                0x0800bda4                HAL_PCD_MspInit
 .text.HAL_PCD_SetupStageCallback
                0x0800bf38       0x10 CMakeFiles/MI60.elf.dir/USB_DEVICE/Target/usbd_conf.c.obj
                0x0800bf38                HAL_PCD_SetupStageCallback
 .text.HAL_PCD_DataOutStageCallback
                0x0800bf48       0x18 CMakeFiles/MI60.elf.dir/USB_DEVICE/Target/usbd_conf.c.obj
                0x0800bf48                HAL_PCD_DataOutStageCallback
 .text.HAL_PCD_DataInStageCallback
                0x0800bf60       0x16 CMakeFiles/MI60.elf.dir/USB_DEVICE/Target/usbd_conf.c.obj
                0x0800bf60                HAL_PCD_DataInStageCallback
 .text.HAL_PCD_SOFCallback
                0x0800bf76        0xc CMakeFiles/MI60.elf.dir/USB_DEVICE/Target/usbd_conf.c.obj
                0x0800bf76                HAL_PCD_SOFCallback
 .text.HAL_PCD_ResetCallback
                0x0800bf82       0x2c CMakeFiles/MI60.elf.dir/USB_DEVICE/Target/usbd_conf.c.obj
                0x0800bf82                HAL_PCD_ResetCallback
 *fill*         0x0800bfae        0x2 
 .text.HAL_PCD_SuspendCallback
                0x0800bfb0       0x30 CMakeFiles/MI60.elf.dir/USB_DEVICE/Target/usbd_conf.c.obj
                0x0800bfb0                HAL_PCD_SuspendCallback
 .text.HAL_PCD_ResumeCallback
                0x0800bfe0        0xc CMakeFiles/MI60.elf.dir/USB_DEVICE/Target/usbd_conf.c.obj
                0x0800bfe0                HAL_PCD_ResumeCallback
 .text.HAL_PCD_ISOOUTIncompleteCallback
                0x0800bfec        0xc CMakeFiles/MI60.elf.dir/USB_DEVICE/Target/usbd_conf.c.obj
                0x0800bfec                HAL_PCD_ISOOUTIncompleteCallback
 .text.HAL_PCD_ISOINIncompleteCallback
                0x0800bff8        0xc CMakeFiles/MI60.elf.dir/USB_DEVICE/Target/usbd_conf.c.obj
                0x0800bff8                HAL_PCD_ISOINIncompleteCallback
 .text.HAL_PCD_ConnectCallback
                0x0800c004        0xc CMakeFiles/MI60.elf.dir/USB_DEVICE/Target/usbd_conf.c.obj
                0x0800c004                HAL_PCD_ConnectCallback
 .text.HAL_PCD_DisconnectCallback
                0x0800c010        0xc CMakeFiles/MI60.elf.dir/USB_DEVICE/Target/usbd_conf.c.obj
                0x0800c010                HAL_PCD_DisconnectCallback
 .text.USBD_LL_Init
                0x0800c01c       0x70 CMakeFiles/MI60.elf.dir/USB_DEVICE/Target/usbd_conf.c.obj
                0x0800c01c                USBD_LL_Init
 .text.USBD_LL_IsStallEP
                0x0800c08c       0x2e CMakeFiles/MI60.elf.dir/USB_DEVICE/Target/usbd_conf.c.obj
                0x0800c08c                USBD_LL_IsStallEP
 *fill*         0x0800c0ba        0x2 
 .text.USBD_static_malloc
                0x0800c0bc        0x8 CMakeFiles/MI60.elf.dir/USB_DEVICE/Target/usbd_conf.c.obj
                0x0800c0bc                USBD_static_malloc
 .text.USBD_static_free
                0x0800c0c4        0x2 CMakeFiles/MI60.elf.dir/USB_DEVICE/Target/usbd_conf.c.obj
                0x0800c0c4                USBD_static_free
 .text.USBD_Get_USB_Status
                0x0800c0c6       0x14 CMakeFiles/MI60.elf.dir/USB_DEVICE/Target/usbd_conf.c.obj
                0x0800c0c6                USBD_Get_USB_Status
 .text.USBD_LL_Start
                0x0800c0da       0x10 CMakeFiles/MI60.elf.dir/USB_DEVICE/Target/usbd_conf.c.obj
                0x0800c0da                USBD_LL_Start
 .text.USBD_LL_OpenEP
                0x0800c0ea       0x16 CMakeFiles/MI60.elf.dir/USB_DEVICE/Target/usbd_conf.c.obj
                0x0800c0ea                USBD_LL_OpenEP
 .text.USBD_LL_CloseEP
                0x0800c100       0x10 CMakeFiles/MI60.elf.dir/USB_DEVICE/Target/usbd_conf.c.obj
                0x0800c100                USBD_LL_CloseEP
 .text.USBD_LL_StallEP
                0x0800c110       0x10 CMakeFiles/MI60.elf.dir/USB_DEVICE/Target/usbd_conf.c.obj
                0x0800c110                USBD_LL_StallEP
 .text.USBD_LL_ClearStallEP
                0x0800c120       0x10 CMakeFiles/MI60.elf.dir/USB_DEVICE/Target/usbd_conf.c.obj
                0x0800c120                USBD_LL_ClearStallEP
 .text.USBD_LL_SetUSBAddress
                0x0800c130       0x10 CMakeFiles/MI60.elf.dir/USB_DEVICE/Target/usbd_conf.c.obj
                0x0800c130                USBD_LL_SetUSBAddress
 .text.USBD_LL_Transmit
                0x0800c140       0x10 CMakeFiles/MI60.elf.dir/USB_DEVICE/Target/usbd_conf.c.obj
                0x0800c140                USBD_LL_Transmit
 .text.USBD_LL_PrepareReceive
                0x0800c150       0x10 CMakeFiles/MI60.elf.dir/USB_DEVICE/Target/usbd_conf.c.obj
                0x0800c150                USBD_LL_PrepareReceive
 .text._ZN2MIC2Ev
                0x0800c160      0x3e0 CMakeFiles/MI60.elf.dir/UserApp/main.cpp.obj
                0x0800c160                MI::MI()
                0x0800c160                MI::MI()
 .text._Z41__static_initialization_and_destruction_0ii
                0x0800c540       0x20 CMakeFiles/MI60.elf.dir/UserApp/main.cpp.obj
 .text.KeyboardMain
                0x0800c560      0x164 CMakeFiles/MI60.elf.dir/UserApp/main.cpp.obj
                0x0800c560                KeyboardMain
 .text.OnTimerCallBack
                0x0800c6c4       0x44 CMakeFiles/MI60.elf.dir/UserApp/main.cpp.obj
                0x0800c6c4                OnTimerCallBack
 .text.HAL_SPI_TxCpltCallback
                0x0800c708       0x10 CMakeFiles/MI60.elf.dir/UserApp/main.cpp.obj
                0x0800c708                HAL_SPI_TxCpltCallback
 .text._GLOBAL__sub_I_mi
                0x0800c718        0xe CMakeFiles/MI60.elf.dir/UserApp/main.cpp.obj
 *fill*         0x0800c726        0x2 
 .text.W25qxx_Spi
                0x0800c728       0x2c CMakeFiles/MI60.elf.dir/UserApp/w25qxx.c.obj
                0x0800c728                W25qxx_Spi
 .text.W25qxx_ReadID
                0x0800c754       0x48 CMakeFiles/MI60.elf.dir/UserApp/w25qxx.c.obj
                0x0800c754                W25qxx_ReadID
 .text.W25qxx_ReadUniqID
                0x0800c79c       0x50 CMakeFiles/MI60.elf.dir/UserApp/w25qxx.c.obj
                0x0800c79c                W25qxx_ReadUniqID
 .text.W25qxx_ReadStatusRegister
                0x0800c7ec       0x6c CMakeFiles/MI60.elf.dir/UserApp/w25qxx.c.obj
                0x0800c7ec                W25qxx_ReadStatusRegister
 .text.W25qxx_Init
                0x0800c858      0x204 CMakeFiles/MI60.elf.dir/UserApp/w25qxx.c.obj
                0x0800c858                W25qxx_Init
 .text.W25qxx_SectorToPage
                0x0800ca5c       0x14 CMakeFiles/MI60.elf.dir/UserApp/w25qxx.c.obj
                0x0800ca5c                W25qxx_SectorToPage
 .text.W25qxx_ReadPage
                0x0800ca70      0x128 CMakeFiles/MI60.elf.dir/UserApp/w25qxx.c.obj
                0x0800ca70                W25qxx_ReadPage
 .text.W25qxx_ReadSector
                0x0800cb98       0x98 CMakeFiles/MI60.elf.dir/UserApp/w25qxx.c.obj
                0x0800cb98                W25qxx_ReadSector
 .text.__udivmoddi4
                0x0800cc30      0x2bc c:/arm-gnu-toolchain/arm-gnu-toolchain-12.2.mpacbti-rel1-mingw-w64-i686-arm-none-eabi/bin/../lib/gcc/arm-none-eabi/12.2.1/thumb/v7e-m/nofp\libgcc.a(_udivmoddi4.o)
                0x0800cc30                __udivmoddi4
 .text.selfrel_offset31
                0x0800ceec       0x14 c:/arm-gnu-toolchain/arm-gnu-toolchain-12.2.mpacbti-rel1-mingw-w64-i686-arm-none-eabi/bin/../lib/gcc/arm-none-eabi/12.2.1/thumb/v7e-m/nofp\libgcc.a(unwind-arm.o)
 .text.search_EIT_table
                0x0800cf00       0x64 c:/arm-gnu-toolchain/arm-gnu-toolchain-12.2.mpacbti-rel1-mingw-w64-i686-arm-none-eabi/bin/../lib/gcc/arm-none-eabi/12.2.1/thumb/v7e-m/nofp\libgcc.a(unwind-arm.o)
 .text.__gnu_unwind_get_pr_addr
                0x0800cf64       0x28 c:/arm-gnu-toolchain/arm-gnu-toolchain-12.2.mpacbti-rel1-mingw-w64-i686-arm-none-eabi/bin/../lib/gcc/arm-none-eabi/12.2.1/thumb/v7e-m/nofp\libgcc.a(unwind-arm.o)
 .text.get_eit_entry
                0x0800cf8c       0x94 c:/arm-gnu-toolchain/arm-gnu-toolchain-12.2.mpacbti-rel1-mingw-w64-i686-arm-none-eabi/bin/../lib/gcc/arm-none-eabi/12.2.1/thumb/v7e-m/nofp\libgcc.a(unwind-arm.o)
 .text.restore_non_core_regs
                0x0800d020       0x58 c:/arm-gnu-toolchain/arm-gnu-toolchain-12.2.mpacbti-rel1-mingw-w64-i686-arm-none-eabi/bin/../lib/gcc/arm-none-eabi/12.2.1/thumb/v7e-m/nofp\libgcc.a(unwind-arm.o)
 .text._Unwind_decode_typeinfo_ptr.constprop.0
                0x0800d078        0xc c:/arm-gnu-toolchain/arm-gnu-toolchain-12.2.mpacbti-rel1-mingw-w64-i686-arm-none-eabi/bin/../lib/gcc/arm-none-eabi/12.2.1/thumb/v7e-m/nofp\libgcc.a(unwind-arm.o)
 .text._Unwind_DebugHook
                0x0800d084        0x4 c:/arm-gnu-toolchain/arm-gnu-toolchain-12.2.mpacbti-rel1-mingw-w64-i686-arm-none-eabi/bin/../lib/gcc/arm-none-eabi/12.2.1/thumb/v7e-m/nofp\libgcc.a(unwind-arm.o)
 .text.unwind_phase2
                0x0800d088       0x38 c:/arm-gnu-toolchain/arm-gnu-toolchain-12.2.mpacbti-rel1-mingw-w64-i686-arm-none-eabi/bin/../lib/gcc/arm-none-eabi/12.2.1/thumb/v7e-m/nofp\libgcc.a(unwind-arm.o)
 .text.unwind_phase2_forced
                0x0800d0c0       0xd4 c:/arm-gnu-toolchain/arm-gnu-toolchain-12.2.mpacbti-rel1-mingw-w64-i686-arm-none-eabi/bin/../lib/gcc/arm-none-eabi/12.2.1/thumb/v7e-m/nofp\libgcc.a(unwind-arm.o)
 .text.__gnu_Unwind_RaiseException
                0x0800d194       0x68 c:/arm-gnu-toolchain/arm-gnu-toolchain-12.2.mpacbti-rel1-mingw-w64-i686-arm-none-eabi/bin/../lib/gcc/arm-none-eabi/12.2.1/thumb/v7e-m/nofp\libgcc.a(unwind-arm.o)
                0x0800d194                __gnu_Unwind_RaiseException
 .text.__gnu_Unwind_ForcedUnwind
                0x0800d1fc       0x10 c:/arm-gnu-toolchain/arm-gnu-toolchain-12.2.mpacbti-rel1-mingw-w64-i686-arm-none-eabi/bin/../lib/gcc/arm-none-eabi/12.2.1/thumb/v7e-m/nofp\libgcc.a(unwind-arm.o)
                0x0800d1fc                __gnu_Unwind_ForcedUnwind
 .text.__gnu_Unwind_Resume
                0x0800d20c       0x40 c:/arm-gnu-toolchain/arm-gnu-toolchain-12.2.mpacbti-rel1-mingw-w64-i686-arm-none-eabi/bin/../lib/gcc/arm-none-eabi/12.2.1/thumb/v7e-m/nofp\libgcc.a(unwind-arm.o)
                0x0800d20c                __gnu_Unwind_Resume
 .text.__gnu_Unwind_Resume_or_Rethrow
                0x0800d24c       0x14 c:/arm-gnu-toolchain/arm-gnu-toolchain-12.2.mpacbti-rel1-mingw-w64-i686-arm-none-eabi/bin/../lib/gcc/arm-none-eabi/12.2.1/thumb/v7e-m/nofp\libgcc.a(unwind-arm.o)
                0x0800d24c                __gnu_Unwind_Resume_or_Rethrow
 .text._Unwind_VRS_Get
                0x0800d260       0x34 c:/arm-gnu-toolchain/arm-gnu-toolchain-12.2.mpacbti-rel1-mingw-w64-i686-arm-none-eabi/bin/../lib/gcc/arm-none-eabi/12.2.1/thumb/v7e-m/nofp\libgcc.a(unwind-arm.o)
                0x0800d260                _Unwind_VRS_Get
 .text._Unwind_GetGR
                0x0800d294       0x1c c:/arm-gnu-toolchain/arm-gnu-toolchain-12.2.mpacbti-rel1-mingw-w64-i686-arm-none-eabi/bin/../lib/gcc/arm-none-eabi/12.2.1/thumb/v7e-m/nofp\libgcc.a(unwind-arm.o)
 .text._Unwind_VRS_Set
                0x0800d2b0       0x34 c:/arm-gnu-toolchain/arm-gnu-toolchain-12.2.mpacbti-rel1-mingw-w64-i686-arm-none-eabi/bin/../lib/gcc/arm-none-eabi/12.2.1/thumb/v7e-m/nofp\libgcc.a(unwind-arm.o)
                0x0800d2b0                _Unwind_VRS_Set
 .text._Unwind_SetGR
                0x0800d2e4       0x18 c:/arm-gnu-toolchain/arm-gnu-toolchain-12.2.mpacbti-rel1-mingw-w64-i686-arm-none-eabi/bin/../lib/gcc/arm-none-eabi/12.2.1/thumb/v7e-m/nofp\libgcc.a(unwind-arm.o)
 .text.__gnu_Unwind_Backtrace
                0x0800d2fc       0x84 c:/arm-gnu-toolchain/arm-gnu-toolchain-12.2.mpacbti-rel1-mingw-w64-i686-arm-none-eabi/bin/../lib/gcc/arm-none-eabi/12.2.1/thumb/v7e-m/nofp\libgcc.a(unwind-arm.o)
                0x0800d2fc                __gnu_Unwind_Backtrace
 .text.__gnu_unwind_pr_common
                0x0800d380      0x298 c:/arm-gnu-toolchain/arm-gnu-toolchain-12.2.mpacbti-rel1-mingw-w64-i686-arm-none-eabi/bin/../lib/gcc/arm-none-eabi/12.2.1/thumb/v7e-m/nofp\libgcc.a(unwind-arm.o)
 .text.__aeabi_unwind_cpp_pr0
                0x0800d618        0x8 c:/arm-gnu-toolchain/arm-gnu-toolchain-12.2.mpacbti-rel1-mingw-w64-i686-arm-none-eabi/bin/../lib/gcc/arm-none-eabi/12.2.1/thumb/v7e-m/nofp\libgcc.a(unwind-arm.o)
                0x0800d618                __aeabi_unwind_cpp_pr0
 .text.__aeabi_unwind_cpp_pr1
                0x0800d620        0x8 c:/arm-gnu-toolchain/arm-gnu-toolchain-12.2.mpacbti-rel1-mingw-w64-i686-arm-none-eabi/bin/../lib/gcc/arm-none-eabi/12.2.1/thumb/v7e-m/nofp\libgcc.a(unwind-arm.o)
                0x0800d620                __aeabi_unwind_cpp_pr1
 .text.__aeabi_unwind_cpp_pr2
                0x0800d628        0x8 c:/arm-gnu-toolchain/arm-gnu-toolchain-12.2.mpacbti-rel1-mingw-w64-i686-arm-none-eabi/bin/../lib/gcc/arm-none-eabi/12.2.1/thumb/v7e-m/nofp\libgcc.a(unwind-arm.o)
                0x0800d628                __aeabi_unwind_cpp_pr2
 .text._Unwind_VRS_Pop
                0x0800d630      0x2f4 c:/arm-gnu-toolchain/arm-gnu-toolchain-12.2.mpacbti-rel1-mingw-w64-i686-arm-none-eabi/bin/../lib/gcc/arm-none-eabi/12.2.1/thumb/v7e-m/nofp\libgcc.a(unwind-arm.o)
                0x0800d630                _Unwind_VRS_Pop
 .text.next_unwind_byte
                0x0800d924       0x38 c:/arm-gnu-toolchain/arm-gnu-toolchain-12.2.mpacbti-rel1-mingw-w64-i686-arm-none-eabi/bin/../lib/gcc/arm-none-eabi/12.2.1/thumb/v7e-m/nofp\libgcc.a(pr-support.o)
 .text.__gnu_unwind_execute
                0x0800d95c      0x2fc c:/arm-gnu-toolchain/arm-gnu-toolchain-12.2.mpacbti-rel1-mingw-w64-i686-arm-none-eabi/bin/../lib/gcc/arm-none-eabi/12.2.1/thumb/v7e-m/nofp\libgcc.a(pr-support.o)
                0x0800d95c                __gnu_unwind_execute
 .text.abort    0x0800dc58       0x10 c:/arm-gnu-toolchain/arm-gnu-toolchain-12.2.mpacbti-rel1-mingw-w64-i686-arm-none-eabi/bin/../lib/gcc/arm-none-eabi/12.2.1/thumb/v7e-m/nofp\libg.a(libc_a-abort.o)
                0x0800dc58                abort
 .text.stdio_exit_handler
                0x0800dc68       0x18 c:/arm-gnu-toolchain/arm-gnu-toolchain-12.2.mpacbti-rel1-mingw-w64-i686-arm-none-eabi/bin/../lib/gcc/arm-none-eabi/12.2.1/thumb/v7e-m/nofp\libg.a(libc_a-findfp.o)
 .text.cleanup_stdio
                0x0800dc80       0x40 c:/arm-gnu-toolchain/arm-gnu-toolchain-12.2.mpacbti-rel1-mingw-w64-i686-arm-none-eabi/bin/../lib/gcc/arm-none-eabi/12.2.1/thumb/v7e-m/nofp\libg.a(libc_a-findfp.o)
 .text.global_stdio_init.part.0
                0x0800dcc0       0xf0 c:/arm-gnu-toolchain/arm-gnu-toolchain-12.2.mpacbti-rel1-mingw-w64-i686-arm-none-eabi/bin/../lib/gcc/arm-none-eabi/12.2.1/thumb/v7e-m/nofp\libg.a(libc_a-findfp.o)
 .text.__sinit  0x0800ddb0       0x3c c:/arm-gnu-toolchain/arm-gnu-toolchain-12.2.mpacbti-rel1-mingw-w64-i686-arm-none-eabi/bin/../lib/gcc/arm-none-eabi/12.2.1/thumb/v7e-m/nofp\libg.a(libc_a-findfp.o)
                0x0800ddb0                __sinit
 .text.__sfp_lock_acquire
                0x0800ddec        0xc c:/arm-gnu-toolchain/arm-gnu-toolchain-12.2.mpacbti-rel1-mingw-w64-i686-arm-none-eabi/bin/../lib/gcc/arm-none-eabi/12.2.1/thumb/v7e-m/nofp\libg.a(libc_a-findfp.o)
                0x0800ddec                __sfp_lock_acquire
 .text.__sfp_lock_release
                0x0800ddf8        0xc c:/arm-gnu-toolchain/arm-gnu-toolchain-12.2.mpacbti-rel1-mingw-w64-i686-arm-none-eabi/bin/../lib/gcc/arm-none-eabi/12.2.1/thumb/v7e-m/nofp\libg.a(libc_a-findfp.o)
                0x0800ddf8                __sfp_lock_release
 .text._fwalk_sglue
                0x0800de04       0x48 c:/arm-gnu-toolchain/arm-gnu-toolchain-12.2.mpacbti-rel1-mingw-w64-i686-arm-none-eabi/bin/../lib/gcc/arm-none-eabi/12.2.1/thumb/v7e-m/nofp\libg.a(libc_a-fwalk.o)
                0x0800de04                _fwalk_sglue
 .text.printf   0x0800de4c       0x28 c:/arm-gnu-toolchain/arm-gnu-toolchain-12.2.mpacbti-rel1-mingw-w64-i686-arm-none-eabi/bin/../lib/gcc/arm-none-eabi/12.2.1/thumb/v7e-m/nofp\libg.a(libc_a-printf.o)
                0x0800de4c                printf
 .text._puts_r  0x0800de74       0x98 c:/arm-gnu-toolchain/arm-gnu-toolchain-12.2.mpacbti-rel1-mingw-w64-i686-arm-none-eabi/bin/../lib/gcc/arm-none-eabi/12.2.1/thumb/v7e-m/nofp\libg.a(libc_a-puts.o)
                0x0800de74                _puts_r
 .text.puts     0x0800df0c       0x10 c:/arm-gnu-toolchain/arm-gnu-toolchain-12.2.mpacbti-rel1-mingw-w64-i686-arm-none-eabi/bin/../lib/gcc/arm-none-eabi/12.2.1/thumb/v7e-m/nofp\libg.a(libc_a-puts.o)
                0x0800df0c                puts
 .text.__sread  0x0800df1c       0x24 c:/arm-gnu-toolchain/arm-gnu-toolchain-12.2.mpacbti-rel1-mingw-w64-i686-arm-none-eabi/bin/../lib/gcc/arm-none-eabi/12.2.1/thumb/v7e-m/nofp\libg.a(libc_a-stdio.o)
                0x0800df1c                __sread
 .text.__swrite
                0x0800df40       0x40 c:/arm-gnu-toolchain/arm-gnu-toolchain-12.2.mpacbti-rel1-mingw-w64-i686-arm-none-eabi/bin/../lib/gcc/arm-none-eabi/12.2.1/thumb/v7e-m/nofp\libg.a(libc_a-stdio.o)
                0x0800df40                __swrite
 .text.__sseek  0x0800df80       0x24 c:/arm-gnu-toolchain/arm-gnu-toolchain-12.2.mpacbti-rel1-mingw-w64-i686-arm-none-eabi/bin/../lib/gcc/arm-none-eabi/12.2.1/thumb/v7e-m/nofp\libg.a(libc_a-stdio.o)
                0x0800df80                __sseek
 .text.__sclose
                0x0800dfa4        0x8 c:/arm-gnu-toolchain/arm-gnu-toolchain-12.2.mpacbti-rel1-mingw-w64-i686-arm-none-eabi/bin/../lib/gcc/arm-none-eabi/12.2.1/thumb/v7e-m/nofp\libg.a(libc_a-stdio.o)
                0x0800dfa4                __sclose
 .text.memset   0x0800dfac       0xa4 c:/arm-gnu-toolchain/arm-gnu-toolchain-12.2.mpacbti-rel1-mingw-w64-i686-arm-none-eabi/bin/../lib/gcc/arm-none-eabi/12.2.1/thumb/v7e-m/nofp\libg.a(libc_a-memset.o)
                0x0800dfac                memset
 .text.raise    0x0800e050       0x58 c:/arm-gnu-toolchain/arm-gnu-toolchain-12.2.mpacbti-rel1-mingw-w64-i686-arm-none-eabi/bin/../lib/gcc/arm-none-eabi/12.2.1/thumb/v7e-m/nofp\libg.a(libc_a-signal.o)
                0x0800e050                raise
 .text._close_r
                0x0800e0a8       0x24 c:/arm-gnu-toolchain/arm-gnu-toolchain-12.2.mpacbti-rel1-mingw-w64-i686-arm-none-eabi/bin/../lib/gcc/arm-none-eabi/12.2.1/thumb/v7e-m/nofp\libg.a(libc_a-closer.o)